cavity meshes/hgcavity_medium.msh: 65536 cells, Re=7500.0, dt=0.001, 50000 steps to T=50.0
  t=  2.000  CFL 0.887  KE 9.73208e-01  TKE nan  sensor -2.6283e-02  (562.8 ms/step)
  t=  4.000  CFL 0.846  KE 9.61493e-01  TKE nan  sensor +1.1331e+01  (563.9 ms/step)
  t=  6.000  CFL 0.761  KE 9.54993e-01  TKE nan  sensor -2.7447e+00  (565.2 ms/step)
  t=  8.000  CFL 0.649  KE 9.61112e-01  TKE nan  sensor +8.1382e+00  (565.8 ms/step)
  t= 10.000  CFL 0.679  KE 9.57124e-01  TKE nan  sensor +5.8489e+00  (565.8 ms/step)
  t= 12.000  CFL 0.689  KE 9.62617e-01  TKE nan  sensor +2.2185e+00  (565.5 ms/step)
  t= 14.000  CFL 0.686  KE 9.58985e-01  TKE nan  sensor +8.2038e+00  (565.4 ms/step)
  t= 16.000  CFL 0.737  KE 9.62121e-01  TKE 1.48647e-03  sensor +4.2828e+00  (565.3 ms/step)
  t= 18.000  CFL 0.710  KE 9.61239e-01  TKE 2.50403e-03  sensor +7.1317e+00  (565.7 ms/step)
  t= 20.000  CFL 0.799  KE 9.65893e-01  TKE 3.91934e-03  sensor +3.4753e+00  (565.8 ms/step)
  t= 22.000  CFL 0.675  KE 9.65406e-01  TKE 3.74259e-03  sensor +8.6839e+00  (565.8 ms/step)
  t= 24.000  CFL 0.630  KE 9.62659e-01  TKE 2.11575e-03  sensor +7.4949e+00  (565.8 ms/step)
  t= 26.000  CFL 0.711  KE 9.62214e-01  TKE 2.94891e-03  sensor +6.5815e+00  (565.9 ms/step)
  t= 28.000  CFL 0.838  KE 9.67328e-01  TKE 4.71220e-03  sensor +1.2687e+00  (566.0 ms/step)
  t= 30.000  CFL 0.702  KE 9.68003e-01  TKE 5.66733e-03  sensor +9.0762e+00  (565.9 ms/step)
  t= 32.000  CFL 0.668  KE 9.68685e-01  TKE 4.75016e-03  sensor +6.5685e+00  (565.9 ms/step)
  t= 34.000  CFL 0.630  KE 9.65706e-01  TKE 2.06909e-03  sensor +5.9320e+00  (565.8 ms/step)
  t= 36.000  CFL 0.653  KE 9.64152e-01  TKE 2.26974e-03  sensor +7.6496e+00  (565.8 ms/step)
  t= 38.000  CFL 0.823  KE 9.67519e-01  TKE 4.76883e-03  sensor +7.2903e-01  (565.7 ms/step)
  t= 40.000  CFL 0.711  KE 9.67821e-01  TKE 4.77078e-03  sensor +8.1235e+00  (565.8 ms/step)
  t= 42.000  CFL 0.757  KE 9.69634e-01  TKE 3.50071e-03  sensor +3.4176e+00  (565.8 ms/step)
  t= 44.000  CFL 0.648  KE 9.67437e-01  TKE 2.37754e-03  sensor +7.3935e+00  (565.7 ms/step)
  t= 46.000  CFL 0.660  KE 9.67044e-01  TKE 2.57932e-03  sensor +8.5933e+00  (565.7 ms/step)
  t= 48.000  CFL 0.816  KE 9.68686e-01  TKE 4.12896e-03  sensor +8.8014e-01  (565.7 ms/step)
  t= 50.000  CFL 0.711  KE 9.70020e-01  TKE 3.94042e-03  sensor +7.9204e+00  (565.7 ms/step)
wrote results/ucavity_hg_medium/stats.dat and results/ucavity_hg_medium/final.npz
