  warm-started from results/ucavity_fine_ic.npz (interpolated from meshes/hgcavity_medium.msh at t=50.00); clock reset to t=0
cavity meshes/hgcavity_fine.msh: 224849 cells, Re=7500.0, dt=0.0005, 50000 steps to T=25.0
  t=  1.000  CFL 0.664  KE 9.71851e-01  TKE nan  sensor +5.1179e+00  (3211.0 ms/step)
  t=  2.000  CFL 0.662  KE 9.72279e-01  TKE nan  sensor +2.5007e-01  (3210.4 ms/step)
  t=  3.000  CFL 0.723  KE 9.71316e-01  TKE nan  sensor -2.1294e+00  (3210.4 ms/step)
  t=  4.000  CFL 0.679  KE 9.70708e-01  TKE nan  sensor +4.8855e+00  (3210.4 ms/step)
  t=  5.000  CFL 0.623  KE 9.69877e-01  TKE nan  sensor +6.7837e+00  (3210.6 ms/step)
  t=  6.000  CFL 0.636  KE 9.70828e-01  TKE nan  sensor +7.5010e+00  (3211.3 ms/step)
  t=  7.000  CFL 0.654  KE 9.73389e-01  TKE nan  sensor +3.8812e+00  (3211.5 ms/step)
  t=  8.000  CFL 0.727  KE 9.75067e-01  TKE nan  sensor -1.7407e+00  (3211.2 ms/step)
  t=  9.000  CFL 0.749  KE 9.74312e-01  TKE 1.26793e-03  sensor +4.6688e-01  (3211.1 ms/step)
  t= 10.000  CFL 0.691  KE 9.72245e-01  TKE 1.05089e-03  sensor +3.8703e+00  (3211.1 ms/step)
  t= 11.000  CFL 0.639  KE 9.71883e-01  TKE 1.21954e-03  sensor +6.8047e+00  (3211.0 ms/step)
  t= 12.000  CFL 0.662  KE 9.74700e-01  TKE 1.36764e-03  sensor +7.3737e+00  (3210.9 ms/step)
  t= 13.000  CFL 0.665  KE 9.76971e-01  TKE 1.21504e-03  sensor +2.9176e+00  (3210.6 ms/step)
  t= 14.000  CFL 0.697  KE 9.76682e-01  TKE 1.11776e-03  sensor +4.5540e-02  (3210.7 ms/step)
  t= 15.000  CFL 0.733  KE 9.75093e-01  TKE 1.14838e-03  sensor -2.5836e-01  (3210.7 ms/step)
  t= 16.000  CFL 0.722  KE 9.74262e-01  TKE 1.52957e-03  sensor +2.7813e+00  (3210.8 ms/step)
  t= 17.000  CFL 0.668  KE 9.75218e-01  TKE 1.62131e-03  sensor +7.6126e+00  (3210.8 ms/step)
  t= 18.000  CFL 0.664  KE 9.77178e-01  TKE 1.30823e-03  sensor +7.3565e+00  (3210.8 ms/step)
  t= 19.000  CFL 0.660  KE 9.78238e-01  TKE 1.15765e-03  sensor +3.6874e+00  (3210.9 ms/step)
  t= 20.000  CFL 0.697  KE 9.77973e-01  TKE 1.14920e-03  sensor -3.9413e-01  (3210.8 ms/step)
  t= 21.000  CFL 0.746  KE 9.77252e-01  TKE 1.33261e-03  sensor -1.1523e+00  (3210.8 ms/step)
  t= 22.000  CFL 0.724  KE 9.77077e-01  TKE 1.59478e-03  sensor +3.2271e+00  (3210.9 ms/step)
  t= 23.000  CFL 0.672  KE 9.77253e-01  TKE 1.36524e-03  sensor +7.5815e+00  (3211.0 ms/step)
  t= 24.000  CFL 0.663  KE 9.77596e-01  TKE 1.12325e-03  sensor +7.6638e+00  (3210.9 ms/step)
  t= 25.000  CFL 0.655  KE 9.78640e-01  TKE 1.21140e-03  sensor +5.4069e+00  (3210.9 ms/step)
wrote results/ucavity_hg_fine/stats.dat and results/ucavity_hg_fine/final.npz
