HydroGym Cylinder mesh=medium velocity_order=1: cells 2227, velocity dofs 17488, pressure dofs 8744, ranks 8
  steady Re=40: CL=-0.000797 CD=1.800943
  steady Re=60: CL=-0.000315 CD=1.530068
  steady Re=80: CL=+0.000177 CD=1.374927
  steady Re=100: CL=+0.000530 CD=1.272115
STEADY mesh=medium order=1: CD=1.272115 CL=+5.30e-04  (1s)
  t=   0.00  CL=+0.0348  CD=1.3054  (204 ms/step)
  t=   5.00  CL=+0.0005  CD=1.2720  (41 ms/step)
  t=  10.00  CL=+0.0004  CD=1.2721  (41 ms/step)
  t=  15.00  CL=+0.0004  CD=1.2721  (42 ms/step)
  t=  20.00  CL=+0.0013  CD=1.2721  (42 ms/step)
  t=  25.00  CL=+0.0002  CD=1.2721  (42 ms/step)
  t=  30.00  CL=-0.0021  CD=1.2723  (43 ms/step)
  t=  35.00  CL=+0.0064  CD=1.2731  (43 ms/step)
  t=  40.00  CL=+0.0034  CD=1.2759  (43 ms/step)
  t=  45.00  CL=-0.0305  CD=1.2866  (43 ms/step)
  t=  50.00  CL=+0.0123  CD=1.3137  (44 ms/step)
  t=  55.00  CL=+0.1212  CD=1.3542  (44 ms/step)
  t=  60.00  CL=+0.1179  CD=1.3885  (44 ms/step)
  t=  65.00  CL=-0.0378  CD=1.4192  (45 ms/step)
  t=  70.00  CL=-0.2299  CD=1.4479  (45 ms/step)
  t=  75.00  CL=-0.3202  CD=1.4594  (45 ms/step)
  t=  80.00  CL=-0.2471  CD=1.4563  (46 ms/step)
  t=  85.00  CL=-0.0472  CD=1.4598  (46 ms/step)
  t=  90.00  CL=+0.1802  CD=1.4746  (46 ms/step)
  t=  95.00  CL=+0.3308  CD=1.4819  (47 ms/step)
  t= 100.00  CL=+0.3371  CD=1.4717  (47 ms/step)
  t= 105.00  CL=+0.1938  CD=1.4591  (47 ms/step)
  t= 110.00  CL=-0.0342  CD=1.4626  (48 ms/step)
  t= 115.00  CL=-0.2456  CD=1.4753  (48 ms/step)
  t= 120.00  CL=-0.3497  CD=1.4770  (48 ms/step)
  t= 125.00  CL=-0.3001  CD=1.4659  (49 ms/step)
  t= 130.00  CL=-0.1171  CD=1.4611  (49 ms/step)
  t= 135.00  CL=+0.1170  CD=1.4720  (49 ms/step)
  t= 140.00  CL=+0.3001  CD=1.4828  (49 ms/step)
  t= 145.00  CL=+0.3535  CD=1.4767  (50 ms/step)
  t= 150.00  CL=+0.2517  CD=1.4620  (50 ms/step)
  t= 155.00  CL=+0.0394  CD=1.4597  (50 ms/step)
  t= 160.00  CL=-0.1882  CD=1.4718  (51 ms/step)
  t= 165.00  CL=-0.3330  CD=1.4784  (51 ms/step)
  t= 170.00  CL=-0.3322  CD=1.4697  (51 ms/step)
  t= 175.00  CL=-0.1838  CD=1.4608  (52 ms/step)
  t= 180.00  CL=+0.0455  CD=1.4676  (52 ms/step)
  t= 185.00  CL=+0.2545  CD=1.4809  (52 ms/step)
  t= 190.00  CL=+0.3537  CD=1.4805  (53 ms/step)
  t= 195.00  CL=+0.2984  CD=1.4661  (53 ms/step)
  integration done in 1066s
  saved fields out/medium_p1_fields.npz: 17258 cells, 8744 vertices
  14 periods, mean 5.6017 +- 0.0000
RESULT hydrogym mesh=medium order=1 dt=0.01: St=0.1785  Cd_mean=1.4702  Cl_rms=0.2497  Cl_amp=0.3541  Cd_amp=0.0124  (window t=120.0..200.0)  steady CD=1.2721
WARNING! There are options you set that were not used!
WARNING! could be spelling mistake, etc!
There are 12 unused database options. They are:
Option left: name:--dt value: 0.01 source: command line
Option left: name:--mesh value: medium source: command line
Option left: name:--order value: 1 source: command line
Option left: name:--out value: out/medium_p1b source: command line
Option left: name:--save-fields value: out/medium_p1_fields.npz source: command line
Option left: name:--T value: 200 source: command line
Option left: name:-dt value: 0.01 source: code
Option left: name:-mesh value: medium source: code
Option left: name:-order value: 1 source: code
Option left: name:-out value: out/medium_p1b source: code
Option left: name:-save-fields value: out/medium_p1_fields.npz source: code
Option left: name:-T value: 200 source: code
