HydroGym Cylinder mesh=medium velocity_order=2: cells 2250, velocity dofs 69492, pressure dofs 8744, ranks 8
  steady Re=40: CL=+0.000019 CD=1.789428
  steady Re=60: CL=+0.000024 CD=1.530724
  steady Re=80: CL=+0.000027 CD=1.382226
  steady Re=100: CL=+0.000030 CD=1.284032
STEADY mesh=medium order=2: CD=1.284032 CL=+2.96e-05  (3s)
  t=   0.00  CL=+0.0180  CD=1.2794  (2301 ms/step)
  t=   5.00  CL=-0.0001  CD=1.2841  (57 ms/step)
  t=  10.00  CL=-0.0002  CD=1.2840  (59 ms/step)
  t=  15.00  CL=+0.0000  CD=1.2840  (60 ms/step)
  t=  20.00  CL=+0.0007  CD=1.2840  (61 ms/step)
  t=  25.00  CL=-0.0008  CD=1.2841  (62 ms/step)
  t=  30.00  CL=-0.0013  CD=1.2842  (62 ms/step)
  t=  35.00  CL=+0.0058  CD=1.2847  (63 ms/step)
  t=  40.00  CL=-0.0026  CD=1.2871  (64 ms/step)
  t=  45.00  CL=-0.0228  CD=1.2959  (64 ms/step)
  t=  50.00  CL=+0.0339  CD=1.3200  (65 ms/step)
  t=  55.00  CL=+0.0981  CD=1.3577  (65 ms/step)
  t=  60.00  CL=+0.0221  CD=1.3960  (66 ms/step)
  t=  65.00  CL=-0.1533  CD=1.4342  (66 ms/step)
  t=  70.00  CL=-0.2842  CD=1.4596  (67 ms/step)
  t=  75.00  CL=-0.2669  CD=1.4650  (67 ms/step)
  t=  80.00  CL=-0.1027  CD=1.4679  (68 ms/step)
  t=  85.00  CL=+0.1220  CD=1.4816  (69 ms/step)
  t=  90.00  CL=+0.3004  CD=1.4942  (69 ms/step)
  t=  95.00  CL=+0.3538  CD=1.4904  (70 ms/step)
  t= 100.00  CL=+0.2571  CD=1.4779  (70 ms/step)
  t= 105.00  CL=+0.0511  CD=1.4766  (71 ms/step)
  t= 110.00  CL=-0.1753  CD=1.4892  (71 ms/step)
  t= 115.00  CL=-0.3290  CD=1.4970  (72 ms/step)
  t= 120.00  CL=-0.3467  CD=1.4886  (72 ms/step)
  t= 125.00  CL=-0.2187  CD=1.4765  (73 ms/step)
  t= 130.00  CL=+0.0007  CD=1.4788  (73 ms/step)
  t= 135.00  CL=+0.2185  CD=1.4921  (74 ms/step)
  t= 140.00  CL=+0.3461  CD=1.4965  (75 ms/step)
  t= 145.00  CL=+0.3302  CD=1.4854  (75 ms/step)
  t= 150.00  CL=+0.1753  CD=1.4755  (76 ms/step)
  t= 155.00  CL=-0.0522  CD=1.4815  (76 ms/step)
  t= 160.00  CL=-0.2569  CD=1.4945  (77 ms/step)
  t= 165.00  CL=-0.3558  CD=1.4951  (77 ms/step)
  t= 170.00  CL=-0.3065  CD=1.4824  (78 ms/step)
  t= 175.00  CL=-0.1282  CD=1.4753  (78 ms/step)
  t= 180.00  CL=+0.1027  CD=1.4845  (79 ms/step)
  t= 185.00  CL=+0.2901  CD=1.4961  (79 ms/step)
  t= 190.00  CL=+0.3581  CD=1.4929  (80 ms/step)
  t= 195.00  CL=+0.2764  CD=1.4796  (80 ms/step)
  integration done in 1618s
  14 periods, mean 5.5842 +- 0.0000
RESULT hydrogym mesh=medium order=2 dt=0.01: St=0.1791  Cd_mean=1.4862  Cl_rms=0.2532  Cl_amp=0.3582  Cd_amp=0.0109  (window t=120.0..200.0)  steady CD=1.2840
WARNING! There are options you set that were not used!
WARNING! could be spelling mistake, etc!
There are 10 unused database options. They are:
Option left: name:--dt value: 0.01 source: command line
Option left: name:--mesh value: medium source: command line
Option left: name:--order value: 2 source: command line
Option left: name:--out value: out/medium_p2 source: command line
Option left: name:--T value: 200 source: command line
Option left: name:-dt value: 0.01 source: code
Option left: name:-mesh value: medium source: code
Option left: name:-order value: 2 source: code
Option left: name:-out value: out/medium_p2 source: code
Option left: name:-T value: 200 source: code
