  restarted from results/ugartling_bfs_tri_matched_ic.npz at t=0.000
Gartling BFS meshes/gartling_bfs_tri_matched.msh: 18382 cells, Re=800.0, dt=0.005, 80000 steps from t=0.0 to T=400.0
  t=  10.00  max|du/dt| 5.589e-02  max|dv/dt| 3.793e-02  |u|max 1.608  |v|max 0.376  (243.49 ms/step)
  wrote checkpoint results/ugartling_bfs_tri_matched/ckpt_t0020.npz
  t=  20.00  max|du/dt| 6.444e-02  max|dv/dt| 3.676e-02  |u|max 1.608  |v|max 0.212  (240.69 ms/step)
  t=  30.00  max|du/dt| 5.457e-02  max|dv/dt| 2.887e-02  |u|max 1.608  |v|max 0.179  (229.63 ms/step)
  wrote checkpoint results/ugartling_bfs_tri_matched/ckpt_t0040.npz
  t=  40.00  max|du/dt| 2.955e-02  max|dv/dt| 1.112e-02  |u|max 1.608  |v|max 0.179  (223.33 ms/step)
  t=  50.00  max|du/dt| 9.374e-03  max|dv/dt| 2.781e-03  |u|max 1.608  |v|max 0.180  (218.78 ms/step)
  wrote checkpoint results/ugartling_bfs_tri_matched/ckpt_t0060.npz
  t=  60.00  max|du/dt| 5.330e-03  max|dv/dt| 9.287e-04  |u|max 1.608  |v|max 0.180  (213.80 ms/step)
  t=  70.00  max|du/dt| 3.416e-03  max|dv/dt| 6.225e-04  |u|max 1.608  |v|max 0.181  (211.40 ms/step)
  wrote checkpoint results/ugartling_bfs_tri_matched/ckpt_t0080.npz
  t=  80.00  max|du/dt| 2.416e-03  max|dv/dt| 3.322e-04  |u|max 1.608  |v|max 0.181  (211.03 ms/step)
  t=  90.00  max|du/dt| 1.470e-03  max|dv/dt| 1.448e-04  |u|max 1.608  |v|max 0.181  (209.52 ms/step)
  wrote checkpoint results/ugartling_bfs_tri_matched/ckpt_t0100.npz
  t= 100.00  max|du/dt| 7.886e-04  max|dv/dt| 8.166e-05  |u|max 1.608  |v|max 0.181  (209.01 ms/step)
  t= 110.00  max|du/dt| 4.427e-04  max|dv/dt| 5.312e-05  |u|max 1.608  |v|max 0.182  (208.33 ms/step)
  wrote checkpoint results/ugartling_bfs_tri_matched/ckpt_t0120.npz
  t= 120.00  max|du/dt| 2.400e-04  max|dv/dt| 3.116e-05  |u|max 1.608  |v|max 0.182  (208.05 ms/step)
  t= 130.00  max|du/dt| 1.236e-04  max|dv/dt| 2.006e-05  |u|max 1.608  |v|max 0.182  (208.10 ms/step)
  wrote checkpoint results/ugartling_bfs_tri_matched/ckpt_t0140.npz
  t= 140.00  max|du/dt| 7.045e-05  max|dv/dt| 1.567e-05  |u|max 1.608  |v|max 0.182  (207.92 ms/step)
  t= 150.00  max|du/dt| 5.500e-05  max|dv/dt| 1.223e-05  |u|max 1.608  |v|max 0.182  (208.39 ms/step)
  wrote checkpoint results/ugartling_bfs_tri_matched/ckpt_t0160.npz
  t= 160.00  max|du/dt| 4.293e-05  max|dv/dt| 9.547e-06  |u|max 1.608  |v|max 0.182  (208.61 ms/step)
  t= 170.00  max|du/dt| 3.349e-05  max|dv/dt| 7.449e-06  |u|max 1.608  |v|max 0.182  (208.91 ms/step)
  wrote checkpoint results/ugartling_bfs_tri_matched/ckpt_t0180.npz
  t= 180.00  max|du/dt| 2.613e-05  max|dv/dt| 5.811e-06  |u|max 1.608  |v|max 0.182  (210.94 ms/step)
  t= 190.00  max|du/dt| 2.038e-05  max|dv/dt| 4.533e-06  |u|max 1.608  |v|max 0.182  (211.95 ms/step)
  wrote checkpoint results/ugartling_bfs_tri_matched/ckpt_t0200.npz
  t= 200.00  max|du/dt| 1.590e-05  max|dv/dt| 3.536e-06  |u|max 1.608  |v|max 0.182  (212.70 ms/step)
  t= 210.00  max|du/dt| 1.240e-05  max|dv/dt| 2.758e-06  |u|max 1.608  |v|max 0.182  (213.34 ms/step)
  wrote checkpoint results/ugartling_bfs_tri_matched/ckpt_t0220.npz
  t= 220.00  max|du/dt| 9.670e-06  max|dv/dt| 2.151e-06  |u|max 1.608  |v|max 0.182  (213.43 ms/step)
  t= 230.00  max|du/dt| 7.542e-06  max|dv/dt| 1.677e-06  |u|max 1.608  |v|max 0.182  (213.73 ms/step)
  wrote checkpoint results/ugartling_bfs_tri_matched/ckpt_t0240.npz
  t= 240.00  max|du/dt| 5.882e-06  max|dv/dt| 1.308e-06  |u|max 1.608  |v|max 0.182  (213.76 ms/step)
  t= 250.00  max|du/dt| 4.587e-06  max|dv/dt| 1.020e-06  |u|max 1.608  |v|max 0.182  (214.48 ms/step)
  wrote checkpoint results/ugartling_bfs_tri_matched/ckpt_t0260.npz
  t= 260.00  max|du/dt| 3.577e-06  max|dv/dt| 7.955e-07  |u|max 1.608  |v|max 0.182  (214.49 ms/step)
  t= 270.00  max|du/dt| 2.789e-06  max|dv/dt| 6.203e-07  |u|max 1.608  |v|max 0.182  (210.75 ms/step)
  wrote checkpoint results/ugartling_bfs_tri_matched/ckpt_t0280.npz
  t= 280.00  max|du/dt| 2.175e-06  max|dv/dt| 4.837e-07  |u|max 1.608  |v|max 0.182  (207.01 ms/step)
  t= 290.00  max|du/dt| 1.696e-06  max|dv/dt| 3.772e-07  |u|max 1.608  |v|max 0.182  (203.30 ms/step)
  wrote checkpoint results/ugartling_bfs_tri_matched/ckpt_t0300.npz
  t= 300.00  max|du/dt| 1.323e-06  max|dv/dt| 2.942e-07  |u|max 1.608  |v|max 0.182  (199.81 ms/step)
  t= 310.00  max|du/dt| 1.031e-06  max|dv/dt| 2.294e-07  |u|max 1.608  |v|max 0.182  (196.38 ms/step)
  wrote checkpoint results/ugartling_bfs_tri_matched/ckpt_t0320.npz
  t= 320.00  max|du/dt| 8.043e-07  max|dv/dt| 1.789e-07  |u|max 1.608  |v|max 0.182  (192.71 ms/step)
  t= 330.00  max|du/dt| 6.272e-07  max|dv/dt| 1.395e-07  |u|max 1.608  |v|max 0.182  (189.28 ms/step)
  wrote checkpoint results/ugartling_bfs_tri_matched/ckpt_t0340.npz
  t= 340.00  max|du/dt| 4.891e-07  max|dv/dt| 1.088e-07  |u|max 1.608  |v|max 0.182  (186.07 ms/step)
  t= 350.00  max|du/dt| 3.814e-07  max|dv/dt| 8.482e-08  |u|max 1.608  |v|max 0.182  (183.04 ms/step)
  wrote checkpoint results/ugartling_bfs_tri_matched/ckpt_t0360.npz
  t= 360.00  max|du/dt| 2.974e-07  max|dv/dt| 6.614e-08  |u|max 1.608  |v|max 0.182  (180.18 ms/step)
  t= 370.00  max|du/dt| 2.319e-07  max|dv/dt| 5.158e-08  |u|max 1.608  |v|max 0.182  (177.48 ms/step)
  wrote checkpoint results/ugartling_bfs_tri_matched/ckpt_t0380.npz
  t= 380.00  max|du/dt| 1.808e-07  max|dv/dt| 4.022e-08  |u|max 1.608  |v|max 0.182  (174.92 ms/step)
  t= 390.00  max|du/dt| 1.410e-07  max|dv/dt| 3.136e-08  |u|max 1.608  |v|max 0.182  (172.48 ms/step)
  wrote checkpoint results/ugartling_bfs_tri_matched/ckpt_t0400.npz
  t= 400.00  max|du/dt| 1.100e-07  max|dv/dt| 2.446e-08  |u|max 1.608  |v|max 0.182  (170.16 ms/step)
RESULT lower-wall omega zero crossings (reattachment): ['0.078', '5.984']  (Gartling/Chan: 6.1)
RESULT upper-wall omega zero crossings (sep, reatt): ['4.778', '4.854', '4.899', '4.928', '4.951', '10.084', '10.085', '10.130']  (Gartling/Chan: 4.8, 10.5)
wrote results/ugartling_bfs_tri_matched/final.npz
