Gartling BFS meshes/gartling_bfs.msh: 9872 cells, Re=800.0, dt=0.005, 80000 steps to T=400.0
  t=  10.00  max|du/dt| 2.026e-01  max|dv/dt| 1.685e-01  |u|max 2.211  |v|max 1.685  (73.17 ms/step)
  t=  20.00  max|du/dt| 8.766e-02  max|dv/dt| 4.856e-02  |u|max 2.211  |v|max 1.685  (69.78 ms/step)
  t=  30.00  max|du/dt| 5.916e-02  max|dv/dt| 1.900e-02  |u|max 2.211  |v|max 1.685  (67.67 ms/step)
  t=  40.00  max|du/dt| 2.882e-02  max|dv/dt| 6.902e-03  |u|max 2.211  |v|max 1.685  (66.97 ms/step)
  t=  50.00  max|du/dt| 1.703e-02  max|dv/dt| 4.167e-03  |u|max 2.211  |v|max 1.685  (67.06 ms/step)
  t=  60.00  max|du/dt| 1.119e-02  max|dv/dt| 2.688e-03  |u|max 2.211  |v|max 1.685  (67.26 ms/step)
  t=  70.00  max|du/dt| 7.981e-03  max|dv/dt| 1.802e-03  |u|max 2.211  |v|max 1.685  (69.89 ms/step)
  t=  80.00  max|du/dt| 5.671e-03  max|dv/dt| 1.239e-03  |u|max 2.211  |v|max 1.685  (70.13 ms/step)
  t=  90.00  max|du/dt| 4.188e-03  max|dv/dt| 8.982e-04  |u|max 2.211  |v|max 1.685  (70.71 ms/step)
  t= 100.00  max|du/dt| 3.142e-03  max|dv/dt| 6.559e-04  |u|max 2.211  |v|max 1.685  (70.34 ms/step)
  t= 110.00  max|du/dt| 2.365e-03  max|dv/dt| 4.872e-04  |u|max 2.211  |v|max 1.685  (70.34 ms/step)
  t= 120.00  max|du/dt| 1.791e-03  max|dv/dt| 3.684e-04  |u|max 2.211  |v|max 1.685  (69.56 ms/step)
  t= 130.00  max|du/dt| 1.375e-03  max|dv/dt| 2.801e-04  |u|max 2.211  |v|max 1.685  (68.89 ms/step)
  t= 140.00  max|du/dt| 1.059e-03  max|dv/dt| 2.142e-04  |u|max 2.211  |v|max 1.685  (68.39 ms/step)
  t= 150.00  max|du/dt| 8.203e-04  max|dv/dt| 1.645e-04  |u|max 2.211  |v|max 1.685  (67.86 ms/step)
  t= 160.00  max|du/dt| 6.377e-04  max|dv/dt| 1.268e-04  |u|max 2.211  |v|max 1.685  (67.41 ms/step)
  t= 170.00  max|du/dt| 4.972e-04  max|dv/dt| 9.821e-05  |u|max 2.211  |v|max 1.685  (67.04 ms/step)
  t= 180.00  max|du/dt| 3.880e-04  max|dv/dt| 7.637e-05  |u|max 2.211  |v|max 1.685  (66.64 ms/step)
  t= 190.00  max|du/dt| 3.031e-04  max|dv/dt| 5.948e-05  |u|max 2.211  |v|max 1.685  (66.39 ms/step)
  t= 200.00  max|du/dt| 2.368e-04  max|dv/dt| 4.638e-05  |u|max 2.211  |v|max 1.685  (66.03 ms/step)
  t= 210.00  max|du/dt| 1.852e-04  max|dv/dt| 3.620e-05  |u|max 2.211  |v|max 1.685  (65.77 ms/step)
  t= 220.00  max|du/dt| 1.448e-04  max|dv/dt| 2.828e-05  |u|max 2.211  |v|max 1.685  (65.70 ms/step)
  t= 230.00  max|du/dt| 1.133e-04  max|dv/dt| 2.210e-05  |u|max 2.211  |v|max 1.685  (65.93 ms/step)
  t= 240.00  max|du/dt| 8.869e-05  max|dv/dt| 1.729e-05  |u|max 2.211  |v|max 1.685  (66.14 ms/step)
  t= 250.00  max|du/dt| 6.943e-05  max|dv/dt| 1.352e-05  |u|max 2.211  |v|max 1.685  (66.18 ms/step)
  t= 260.00  max|du/dt| 5.436e-05  max|dv/dt| 1.058e-05  |u|max 2.211  |v|max 1.685  (66.31 ms/step)
  t= 270.00  max|du/dt| 4.256e-05  max|dv/dt| 8.284e-06  |u|max 2.211  |v|max 1.685  (66.23 ms/step)
  t= 280.00  max|du/dt| 3.333e-05  max|dv/dt| 6.485e-06  |u|max 2.211  |v|max 1.685  (66.17 ms/step)
  t= 290.00  max|du/dt| 2.611e-05  max|dv/dt| 5.078e-06  |u|max 2.211  |v|max 1.685  (66.11 ms/step)
  t= 300.00  max|du/dt| 2.045e-05  max|dv/dt| 3.976e-06  |u|max 2.211  |v|max 1.685  (66.39 ms/step)
  t= 310.00  max|du/dt| 1.602e-05  max|dv/dt| 3.114e-06  |u|max 2.211  |v|max 1.685  (67.07 ms/step)
  t= 320.00  max|du/dt| 1.255e-05  max|dv/dt| 2.439e-06  |u|max 2.211  |v|max 1.685  (67.49 ms/step)
  t= 330.00  max|du/dt| 9.827e-06  max|dv/dt| 1.910e-06  |u|max 2.211  |v|max 1.685  (67.58 ms/step)
  t= 340.00  max|du/dt| 7.698e-06  max|dv/dt| 1.496e-06  |u|max 2.211  |v|max 1.685  (68.00 ms/step)
  t= 350.00  max|du/dt| 6.030e-06  max|dv/dt| 1.172e-06  |u|max 2.211  |v|max 1.685  (67.95 ms/step)
  t= 360.00  max|du/dt| 4.724e-06  max|dv/dt| 9.183e-07  |u|max 2.211  |v|max 1.685  (67.88 ms/step)
  t= 370.00  max|du/dt| 3.701e-06  max|dv/dt| 7.193e-07  |u|max 2.211  |v|max 1.685  (67.73 ms/step)
  t= 380.00  max|du/dt| 2.899e-06  max|dv/dt| 5.635e-07  |u|max 2.211  |v|max 1.685  (67.61 ms/step)
  t= 390.00  max|du/dt| 2.271e-06  max|dv/dt| 4.414e-07  |u|max 2.211  |v|max 1.685  (67.89 ms/step)
  t= 400.00  max|du/dt| 1.779e-06  max|dv/dt| 3.458e-07  |u|max 2.211  |v|max 1.685  (68.16 ms/step)
RESULT lower-wall omega zero crossings (reattachment): ['0.089', '6.197']  (Gartling/Chan: 6.1)
RESULT upper-wall omega zero crossings (sep, reatt): ['0.033', '0.073', '4.947', '4.950', '5.067', '5.071', '5.260', '9.154', '9.206', '9.217']  (Gartling/Chan: 4.8, 10.5)
wrote results/ugartling_bfs/final.npz
