channel Re_tau 395 on 96x160 quad (15360 cells, 0 triangles, orth min 1.000, n_nonorth 1) x 128 modes: dx+ 12.9  dy+ wall 1.01 centre 9.4 (bins)  dz+ 3.3  dt 0.001  model wale  forcing cpg
  DNS initial condition: U_bulk 17.378 (target 17.54), |u|max 21.63, E3d fraction 0.992
  t=  0.479  u_tau 0.9032 (Re_tau  356.8)  U_b 17.481  E/V 159.547  <nu_t>/nu 0.099 max 2.59  CFL 0.79 dt 0.00050  p two-colour quad 0.0000 tri 0.0000 hp 0.071  stats 0  (387 ms/step)
  t=  0.823  u_tau 1.0277 (Re_tau  405.9)  U_b 17.507  E/V 159.456  <nu_t>/nu 0.123 max 3.15  CFL 0.41 dt 0.00025  p two-colour quad 0.0000 tri 0.0000 hp 0.094  stats 0  (381 ms/step)
  t=  1.236  u_tau 0.9935 (Re_tau  392.4)  U_b 17.484  E/V 158.987  <nu_t>/nu 0.108 max 2.22  CFL 0.70 dt 0.00050  p two-colour quad 0.0000 tri 0.0000 hp 0.069  stats 0  (379 ms/step)
  t=  1.736  u_tau 0.9853 (Re_tau  389.2)  U_b 17.510  E/V 159.741  <nu_t>/nu 0.110 max 2.34  CFL 0.74 dt 0.00050  p two-colour quad 0.0000 tri 0.0000 hp 0.072  stats 0  (378 ms/step)
  t=  2.201  u_tau 0.9806 (Re_tau  387.3)  U_b 17.516  E/V 159.920  <nu_t>/nu 0.109 max 2.21  CFL 0.65 dt 0.00050  p two-colour quad 0.0000 tri 0.0000 hp 0.071  stats 0  (377 ms/step)
  t=  2.689  u_tau 0.9740 (Re_tau  384.7)  U_b 17.540  E/V 160.643  <nu_t>/nu 0.105 max 2.21  CFL 0.68 dt 0.00050  p two-colour quad 0.0000 tri 0.0000 hp 0.071  stats 0  (377 ms/step)
  t=  3.189  u_tau 0.9774 (Re_tau  386.1)  U_b 17.559  E/V 161.075  <nu_t>/nu 0.110 max 2.61  CFL 0.71 dt 0.00050  p two-colour quad 0.0000 tri 0.0000 hp 0.081  stats 0  (377 ms/step)
  t=  3.648  u_tau 0.9827 (Re_tau  388.2)  U_b 17.579  E/V 161.497  <nu_t>/nu 0.112 max 2.36  CFL 0.73 dt 0.00050  p two-colour quad 0.0000 tri 0.0000 hp 0.065  stats 0  (377 ms/step)
  t=  4.148  u_tau 0.9872 (Re_tau  389.9)  U_b 17.601  E/V 161.928  <nu_t>/nu 0.110 max 2.22  CFL 0.76 dt 0.00050  p two-colour quad 0.0000 tri 0.0000 hp 0.070  stats 0  (378 ms/step)
  t=  4.640  u_tau 0.9761 (Re_tau  385.6)  U_b 17.614  E/V 162.194  <nu_t>/nu 0.110 max 2.39  CFL 0.68 dt 0.00050  p two-colour quad 0.0000 tri 0.0000 hp 0.047  stats 0  (378 ms/step)
  t=  5.140  u_tau 0.9762 (Re_tau  385.6)  U_b 17.648  E/V 162.910  <nu_t>/nu 0.111 max 2.30  CFL 0.73 dt 0.00050  p two-colour quad 0.0000 tri 0.0000 hp 0.067  stats 0  (379 ms/step)
  t=  5.596  u_tau 0.9685 (Re_tau  382.6)  U_b 17.669  E/V 163.360  <nu_t>/nu 0.114 max 2.39  CFL 0.71 dt 0.00050  p two-colour quad 0.0000 tri 0.0000 hp 0.077  stats 0  (379 ms/step)
channel Re_tau 395 on 96x160 quad (15360 cells, 0 triangles, orth min 1.000, n_nonorth 1) x 128 modes: dx+ 12.9  dy+ wall 1.01 centre 9.4 (bins)  dz+ 3.3  dt 0.001  model wale  forcing cpg
  restart from /content/drive/MyDrive/PICT-Python_runs/uchan395_96x160x128_wale_cpg/uchan395_96x160x128_wale_cpg_ckpt.npz at t = 4.640, step 10000
  t=  4.890  u_tau 0.9548 (Re_tau  377.2)  U_b 17.631  E/V 162.590  <nu_t>/nu 0.108 max 2.14  CFL 0.68 dt 0.00050  p two-colour quad 0.0000 tri 0.0000 hp 0.057  stats 0  (402 ms/step)
  t=  5.140  u_tau 0.9762 (Re_tau  385.6)  U_b 17.648  E/V 162.910  <nu_t>/nu 0.111 max 2.30  CFL 0.73 dt 0.00050  p two-colour quad 0.0000 tri 0.0000 hp 0.067  stats 0  (389 ms/step)
  t=  5.347  u_tau 0.9807 (Re_tau  387.4)  U_b 17.657  E/V 163.105  <nu_t>/nu 0.113 max 2.44  CFL 0.79 dt 0.00050  p two-colour quad 0.0000 tri 0.0000 hp 0.064  stats 0  (386 ms/step)
  t=  5.596  u_tau 0.9685 (Re_tau  382.6)  U_b 17.669  E/V 163.360  <nu_t>/nu 0.114 max 2.39  CFL 0.71 dt 0.00050  p two-colour quad 0.0000 tri 0.0000 hp 0.077  stats 0  (385 ms/step)
  t=  5.767  u_tau 0.9837 (Re_tau  388.6)  U_b 17.677  E/V 163.520  <nu_t>/nu 0.116 max 2.15  CFL 0.44 dt 0.00025  p two-colour quad 0.0000 tri 0.0000 hp 0.072  stats 0  (383 ms/step)
  t=  6.003  u_tau 0.9615 (Re_tau  379.8)  U_b 17.690  E/V 163.865  <nu_t>/nu 0.109 max 2.10  CFL 0.65 dt 0.00050  p two-colour quad 0.0000 tri 0.0000 hp 0.066  stats 0  (383 ms/step)
  t=  6.198  u_tau 0.9582 (Re_tau  378.5)  U_b 17.707  E/V 164.256  <nu_t>/nu 0.115 max 2.76  CFL 0.44 dt 0.00025  p two-colour quad 0.0000 tri 0.0000 hp 0.071  stats 0  (382 ms/step)
  t=  6.439  u_tau 0.9724 (Re_tau  384.1)  U_b 17.722  E/V 164.494  <nu_t>/nu 0.117 max 2.36  CFL 0.65 dt 0.00050  p two-colour quad 0.0000 tri 0.0000 hp 0.069  stats 0  (382 ms/step)
  t=  6.689  u_tau 0.9686 (Re_tau  382.6)  U_b 17.737  E/V 164.721  <nu_t>/nu 0.119 max 2.92  CFL 0.71 dt 0.00050  p two-colour quad 0.0000 tri 0.0000 hp 0.069  stats 0  (382 ms/step)
  t=  6.901  u_tau 0.9882 (Re_tau  390.3)  U_b 17.748  E/V 164.922  <nu_t>/nu 0.119 max 2.39  CFL 0.73 dt 0.00050  p two-colour quad 0.0000 tri 0.0000 hp 0.063  stats 0  (382 ms/step)
  t=  7.124  u_tau 0.9782 (Re_tau  386.4)  U_b 17.757  E/V 165.087  <nu_t>/nu 0.119 max 2.52  CFL 0.71 dt 0.00050  p two-colour quad 0.0000 tri 0.0000 hp 0.076  stats 0  (381 ms/step)
  t=  7.362  u_tau 0.9800 (Re_tau  387.1)  U_b 17.766  E/V 165.236  <nu_t>/nu 0.120 max 2.22  CFL 0.69 dt 0.00050  p two-colour quad 0.0000 tri 0.0000 hp 0.071  stats 0  (381 ms/step)
  t=  7.612  u_tau 0.9975 (Re_tau  394.0)  U_b 17.772  E/V 165.268  <nu_t>/nu 0.125 max 2.56  CFL 0.71 dt 0.00050  p two-colour quad 0.0000 tri 0.0000 hp 0.070  stats 0  (381 ms/step)
  t=  7.841  u_tau 1.0060 (Re_tau  397.4)  U_b 17.774  E/V 165.174  <nu_t>/nu 0.128 max 2.92  CFL 0.46 dt 0.00025  p two-colour quad 0.0000 tri 0.0000 hp 0.075  stats 0  (381 ms/step)
channel Re_tau 395 on 96x160 quad (15360 cells, 0 triangles, orth min 1.000, n_nonorth 1) x 128 modes: dx+ 12.9  dy+ wall 1.01 centre 9.4 (bins)  dz+ 3.3  dt 0.001  model wale  forcing cpg
  restart from /content/drive/MyDrive/PICT-Python_runs/uchan395_96x160x128_wale_cpg/uchan395_96x160x128_wale_cpg_ckpt.npz at t = 6.901, step 15000
channel Re_tau 395 on 96x160 quad (15360 cells, 0 triangles, orth min 1.000, n_nonorth 1) x 128 modes: dx+ 12.9  dy+ wall 1.01 centre 9.4 (bins)  dz+ 3.3  dt 0.001  model wale  forcing cpg
  restart from /content/drive/MyDrive/PICT-Python_runs/uchan395_96x160x128_wale_cpg/uchan395_96x160x128_wale_cpg_ckpt.npz at t = 6.901, step 15000
  t=  7.124  u_tau 0.9782 (Re_tau  386.4)  U_b 17.757  E/V 165.087  <nu_t>/nu 0.119 max 2.52  CFL 0.71 dt 0.00050  p two-colour quad 0.0000 tri 0.0000 hp 0.076  stats 0  (382 ms/step)
  t=  7.362  u_tau 0.9800 (Re_tau  387.1)  U_b 17.766  E/V 165.236  <nu_t>/nu 0.120 max 2.22  CFL 0.69 dt 0.00050  p two-colour quad 0.0000 tri 0.0000 hp 0.071  stats 0  (381 ms/step)
  t=  7.612  u_tau 0.9975 (Re_tau  394.0)  U_b 17.772  E/V 165.268  <nu_t>/nu 0.125 max 2.56  CFL 0.71 dt 0.00050  p two-colour quad 0.0000 tri 0.0000 hp 0.070  stats 0  (380 ms/step)
  t=  7.841  u_tau 1.0060 (Re_tau  397.4)  U_b 17.774  E/V 165.174  <nu_t>/nu 0.128 max 2.92  CFL 0.46 dt 0.00025  p two-colour quad 0.0000 tri 0.0000 hp 0.075  stats 0  (380 ms/step)
  t=  7.991  u_tau 1.0151 (Re_tau  401.0)  U_b 17.770  E/V 165.016  <nu_t>/nu 0.127 max 2.67  CFL 0.77 dt 0.00050  p two-colour quad 0.0000 tri 0.0000 hp 0.083  stats 0  (379 ms/step)
  t=  8.201  u_tau 1.0110 (Re_tau  399.3)  U_b 17.763  E/V 164.842  <nu_t>/nu 0.121 max 3.59  CFL 0.41 dt 0.00025  p two-colour quad 0.0000 tri 0.0000 hp 0.073  stats 0  (379 ms/step)
  t=  8.386  u_tau 1.0227 (Re_tau  404.0)  U_b 17.756  E/V 164.745  <nu_t>/nu 0.119 max 2.59  CFL 0.69 dt 0.00050  p two-colour quad 0.0000 tri 0.0000 hp 0.078  stats 0  (379 ms/step)
  t=  8.587  u_tau 0.9809 (Re_tau  387.5)  U_b 17.756  E/V 164.811  <nu_t>/nu 0.117 max 2.66  CFL 0.75 dt 0.00050  p two-colour quad 0.0000 tri 0.0000 hp 0.075  stats 0  (379 ms/step)
  t=  8.837  u_tau 0.9855 (Re_tau  389.3)  U_b 17.767  E/V 164.955  <nu_t>/nu 0.122 max 2.49  CFL 0.70 dt 0.00050  p two-colour quad 0.0000 tri 0.0000 hp 0.068  stats 0  (379 ms/step)
  t=  9.087  u_tau 1.0038 (Re_tau  396.5)  U_b 17.771  E/V 164.910  <nu_t>/nu 0.121 max 2.74  CFL 0.78 dt 0.00050  p two-colour quad 0.0000 tri 0.0000 hp 0.084  stats 0  (379 ms/step)
  t=  9.264  u_tau 1.0052 (Re_tau  397.1)  U_b 17.767  E/V 164.799  <nu_t>/nu 0.118 max 2.68  CFL 0.72 dt 0.00050  p two-colour quad 0.0000 tri 0.0000 hp 0.078  stats 0  (379 ms/step)
  t=  9.514  u_tau 0.9850 (Re_tau  389.1)  U_b 17.770  E/V 164.772  <nu_t>/nu 0.119 max 2.34  CFL 0.66 dt 0.00050  p two-colour quad 0.0000 tri 0.0000 hp 0.076  stats 0  (379 ms/step)
  t=  9.764  u_tau 0.9892 (Re_tau  390.7)  U_b 17.779  E/V 164.883  <nu_t>/nu 0.116 max 2.49  CFL 0.68 dt 0.00050  p two-colour quad 0.0000 tri 0.0000 hp 0.075  stats 0  (379 ms/step)
  t=  9.963  u_tau 0.9941 (Re_tau  392.7)  U_b 17.779  E/V 164.869  <nu_t>/nu 0.118 max 2.41  CFL 0.74 dt 0.00050  p two-colour quad 0.0000 tri 0.0000 hp 0.074  stats 0  (380 ms/step)
  t= 10.198  u_tau 0.9926 (Re_tau  392.1)  U_b 17.782  E/V 164.872  <nu_t>/nu 0.119 max 2.63  CFL 0.80 dt 0.00050  p two-colour quad 0.0000 tri 0.0000 hp 0.074  stats 426  (384 ms/step)
  t= 10.440  u_tau 1.0089 (Re_tau  398.5)  U_b 17.781  E/V 164.785  <nu_t>/nu 0.120 max 3.04  CFL 0.70 dt 0.00050  p two-colour quad 0.0000 tri 0.0000 hp 0.071  stats 926  (388 ms/step)
  t= 10.591  u_tau 1.0443 (Re_tau  412.5)  U_b 17.772  E/V 164.537  <nu_t>/nu 0.125 max 2.85  CFL 0.75 dt 0.00050  p two-colour quad 0.0000 tri 0.0000 hp 0.088  stats 1426  (392 ms/step)
  t= 10.817  u_tau 1.0146 (Re_tau  400.8)  U_b 17.758  E/V 164.352  <nu_t>/nu 0.114 max 2.66  CFL 0.65 dt 0.00050  p two-colour quad 0.0000 tri 0.0000 hp 0.073  stats 1926  (396 ms/step)
  t= 11.067  u_tau 0.9942 (Re_tau  392.7)  U_b 17.757  E/V 164.531  <nu_t>/nu 0.110 max 1.94  CFL 0.73 dt 0.00050  p two-colour quad 0.0000 tri 0.0000 hp 0.078  stats 2426  (399 ms/step)
  t= 11.291  u_tau 0.9934 (Re_tau  392.4)  U_b 17.761  E/V 164.695  <nu_t>/nu 0.112 max 2.76  CFL 0.71 dt 0.00050  p two-colour quad 0.0000 tri 0.0000 hp 0.074  stats 2926  (401 ms/step)
  t= 11.541  u_tau 0.9906 (Re_tau  391.3)  U_b 17.766  E/V 164.838  <nu_t>/nu 0.113 max 2.77  CFL 0.71 dt 0.00050  p two-colour quad 0.0000 tri 0.0000 hp 0.084  stats 3426  (404 ms/step)
  t= 11.770  u_tau 1.0012 (Re_tau  395.5)  U_b 17.770  E/V 164.957  <nu_t>/nu 0.114 max 2.49  CFL 0.72 dt 0.00050  p two-colour quad 0.0000 tri 0.0000 hp 0.081  stats 3926  (406 ms/step)
  t= 12.017  u_tau 0.9828 (Re_tau  388.2)  U_b 17.771  E/V 165.079  <nu_t>/nu 0.109 max 2.46  CFL 0.64 dt 0.00050  p two-colour quad 0.0000 tri 0.0000 hp 0.067  stats 4426  (408 ms/step)
  t= 12.241  u_tau 0.9727 (Re_tau  384.2)  U_b 17.781  E/V 165.362  <nu_t>/nu 0.108 max 2.21  CFL 0.47 dt 0.00025  p two-colour quad 0.0000 tri 0.0000 hp 0.078  stats 4926  (410 ms/step)
  t= 12.424  u_tau 0.9855 (Re_tau  389.3)  U_b 17.788  E/V 165.541  <nu_t>/nu 0.109 max 2.57  CFL 0.41 dt 0.00025  p two-colour quad 0.0000 tri 0.0000 hp 0.063  stats 5426  (412 ms/step)
  t= 12.622  u_tau 0.9894 (Re_tau  390.8)  U_b 17.791  E/V 165.527  <nu_t>/nu 0.120 max 2.88  CFL 0.78 dt 0.00050  p two-colour quad 0.0000 tri 0.0000 hp 0.075  stats 5926  (413 ms/step)
  t= 12.869  u_tau 0.9975 (Re_tau  394.0)  U_b 17.797  E/V 165.407  <nu_t>/nu 0.127 max 2.47  CFL 0.74 dt 0.00050  p two-colour quad 0.0000 tri 0.0000 hp 0.076  stats 6426  (415 ms/step)
  t= 13.076  u_tau 0.9992 (Re_tau  394.7)  U_b 17.795  E/V 165.146  <nu_t>/nu 0.129 max 2.55  CFL 0.46 dt 0.00025  p two-colour quad 0.0000 tri 0.0000 hp 0.089  stats 6926  (416 ms/step)
  t= 13.291  u_tau 1.0004 (Re_tau  395.2)  U_b 17.794  E/V 165.037  <nu_t>/nu 0.121 max 2.81  CFL 0.69 dt 0.00050  p two-colour quad 0.0000 tri 0.0000 hp 0.079  stats 7426  (417 ms/step)
  t= 13.541  u_tau 0.9845 (Re_tau  388.9)  U_b 17.800  E/V 165.231  <nu_t>/nu 0.112 max 2.57  CFL 0.66 dt 0.00050  p two-colour quad 0.0000 tri 0.0000 hp 0.076  stats 7926  (418 ms/step)
  t= 13.791  u_tau 0.9508 (Re_tau  375.6)  U_b 17.817  E/V 165.733  <nu_t>/nu 0.107 max 2.68  CFL 0.72 dt 0.00050  p two-colour quad 0.0000 tri 0.0000 hp 0.069  stats 8426  (420 ms/step)
  t= 13.964  u_tau 0.9661 (Re_tau  381.6)  U_b 17.832  E/V 166.068  <nu_t>/nu 0.107 max 2.49  CFL 0.44 dt 0.00025  p two-colour quad 0.0000 tri 0.0000 hp 0.073  stats 8926  (421 ms/step)
  t= 14.162  u_tau 0.9836 (Re_tau  388.5)  U_b 17.841  E/V 166.269  <nu_t>/nu 0.111 max 2.85  CFL 0.44 dt 0.00025  p two-colour quad 0.0000 tri 0.0000 hp 0.077  stats 9426  (421 ms/step)
  t= 14.313  u_tau 0.9832 (Re_tau  388.4)  U_b 17.846  E/V 166.419  <nu_t>/nu 0.114 max 2.69  CFL 0.73 dt 0.00050  p two-colour quad 0.0000 tri 0.0000 hp 0.074  stats 9926  (422 ms/step)
  t= 14.541  u_tau 0.9955 (Re_tau  393.2)  U_b 17.850  E/V 166.513  <nu_t>/nu 0.116 max 2.61  CFL 0.70 dt 0.00050  p two-colour quad 0.0000 tri 0.0000 hp 0.075  stats 10426  (423 ms/step)
  t= 14.774  u_tau 0.9629 (Re_tau  380.3)  U_b 17.857  E/V 166.732  <nu_t>/nu 0.113 max 2.34  CFL 0.67 dt 0.00050  p two-colour quad 0.0000 tri 0.0000 hp 0.068  stats 10926  (424 ms/step)
  t= 15.024  u_tau 0.9894 (Re_tau  390.8)  U_b 17.869  E/V 166.947  <nu_t>/nu 0.114 max 3.67  CFL 0.71 dt 0.00050  p two-colour quad 0.0000 tri 0.0000 hp 0.075  stats 11426  (425 ms/step)
  t= 15.242  u_tau 0.9980 (Re_tau  394.2)  U_b 17.871  E/V 166.956  <nu_t>/nu 0.117 max 2.51  CFL 0.72 dt 0.00050  p two-colour quad 0.0000 tri 0.0000 hp 0.071  stats 11926  (425 ms/step)
  t= 15.492  u_tau 0.9877 (Re_tau  390.2)  U_b 17.876  E/V 166.999  <nu_t>/nu 0.124 max 2.53  CFL 0.69 dt 0.00050  p two-colour quad 0.0000 tri 0.0000 hp 0.075  stats 12426  (426 ms/step)
  t= 15.648  u_tau 1.0320 (Re_tau  407.6)  U_b 17.873  E/V 166.796  <nu_t>/nu 0.128 max 2.47  CFL 0.42 dt 0.00025  p two-colour quad 0.0000 tri 0.0000 hp 0.077  stats 12926  (427 ms/step)
  t= 15.841  u_tau 1.0280 (Re_tau  406.1)  U_b 17.860  E/V 166.399  <nu_t>/nu 0.127 max 2.80  CFL 0.41 dt 0.00025  p two-colour quad 0.0000 tri 0.0000 hp 0.084  stats 13426  (427 ms/step)
  t= 16.015  u_tau 1.0239 (Re_tau  404.4)  U_b 17.849  E/V 166.127  <nu_t>/nu 0.122 max 3.11  CFL 0.72 dt 0.00050  p two-colour quad 0.0000 tri 0.0000 hp 0.082  stats 13926  (428 ms/step)
  t= 16.200  u_tau 0.9995 (Re_tau  394.8)  U_b 17.846  E/V 166.015  <nu_t>/nu 0.117 max 2.39  CFL 0.73 dt 0.00050  p two-colour quad 0.0000 tri 0.0000 hp 0.066  stats 14426  (428 ms/step)
  t= 16.438  u_tau 1.0004 (Re_tau  395.2)  U_b 17.847  E/V 165.936  <nu_t>/nu 0.119 max 2.72  CFL 0.79 dt 0.00050  p two-colour quad 0.0000 tri 0.0000 hp 0.078  stats 14926  (429 ms/step)
  t= 16.622  u_tau 1.0007 (Re_tau  395.3)  U_b 17.848  E/V 165.898  <nu_t>/nu 0.120 max 2.42  CFL 0.69 dt 0.00050  p two-colour quad 0.0000 tri 0.0000 hp 0.077  stats 15426  (429 ms/step)
  t= 16.872  u_tau 0.9995 (Re_tau  394.8)  U_b 17.850  E/V 165.930  <nu_t>/nu 0.115 max 2.72  CFL 0.73 dt 0.00050  p two-colour quad 0.0000 tri 0.0000 hp 0.090  stats 15926  (430 ms/step)
  t= 17.063  u_tau 1.0105 (Re_tau  399.1)  U_b 17.847  E/V 165.822  <nu_t>/nu 0.120 max 3.84  CFL 0.79 dt 0.00050  p two-colour quad 0.0000 tri 0.0000 hp 0.084  stats 16426  (430 ms/step)
  t= 17.198  u_tau 1.0232 (Re_tau  404.2)  U_b 17.843  E/V 165.702  <nu_t>/nu 0.121 max 2.87  CFL 0.43 dt 0.00025  p two-colour quad 0.0000 tri 0.0000 hp 0.090  stats 16926  (431 ms/step)
  t= 17.394  u_tau 1.0203 (Re_tau  403.0)  U_b 17.834  E/V 165.554  <nu_t>/nu 0.122 max 2.34  CFL 0.70 dt 0.00050  p two-colour quad 0.0000 tri 0.0000 hp 0.077  stats 17426  (431 ms/step)
  t= 17.615  u_tau 1.0278 (Re_tau  406.0)  U_b 17.823  E/V 165.391  <nu_t>/nu 0.120 max 2.56  CFL 0.74 dt 0.00050  p two-colour quad 0.0000 tri 0.0000 hp 0.083  stats 17926  (431 ms/step)
  t= 17.845  u_tau 0.9988 (Re_tau  394.5)  U_b 17.815  E/V 165.374  <nu_t>/nu 0.113 max 2.05  CFL 0.73 dt 0.00050  p two-colour quad 0.0000 tri 0.0000 hp 0.078  stats 18426  (432 ms/step)
  t= 18.078  u_tau 0.9865 (Re_tau  389.7)  U_b 17.817  E/V 165.612  <nu_t>/nu 0.109 max 2.38  CFL 0.41 dt 0.00025  p two-colour quad 0.0000 tri 0.0000 hp 0.078  stats 18926  (432 ms/step)
  t= 18.327  u_tau 0.9795 (Re_tau  386.9)  U_b 17.828  E/V 165.934  <nu_t>/nu 0.111 max 2.93  CFL 0.66 dt 0.00050  p two-colour quad 0.0000 tri 0.0000 hp 0.075  stats 19426  (432 ms/step)
  t= 18.577  u_tau 0.9913 (Re_tau  391.6)  U_b 17.836  E/V 166.187  <nu_t>/nu 0.112 max 2.29  CFL 0.68 dt 0.00050  p two-colour quad 0.0000 tri 0.0000 hp 0.069  stats 19926  (433 ms/step)
  t= 18.785  u_tau 0.9992 (Re_tau  394.7)  U_b 17.839  E/V 166.274  <nu_t>/nu 0.117 max 2.53  CFL 0.68 dt 0.00050  p two-colour quad 0.0000 tri 0.0000 hp 0.072  stats 20426  (433 ms/step)
  t= 19.023  u_tau 0.9942 (Re_tau  392.7)  U_b 17.842  E/V 166.290  <nu_t>/nu 0.117 max 2.16  CFL 0.76 dt 0.00050  p two-colour quad 0.0000 tri 0.0000 hp 0.084  stats 20926  (434 ms/step)
  t= 19.234  u_tau 0.9828 (Re_tau  388.2)  U_b 17.846  E/V 166.433  <nu_t>/nu 0.116 max 2.34  CFL 0.41 dt 0.00025  p two-colour quad 0.0000 tri 0.0000 hp 0.077  stats 21426  (434 ms/step)
  t= 19.469  u_tau 0.9822 (Re_tau  388.0)  U_b 17.858  E/V 166.783  <nu_t>/nu 0.113 max 2.26  CFL 0.68 dt 0.00050  p two-colour quad 0.0000 tri 0.0000 hp 0.068  stats 21926  (434 ms/step)
  t= 19.709  u_tau 0.9945 (Re_tau  392.8)  U_b 17.860  E/V 166.872  <nu_t>/nu 0.118 max 2.43  CFL 0.43 dt 0.00025  p two-colour quad 0.0000 tri 0.0000 hp 0.069  stats 22426  (434 ms/step)
  t= 19.919  u_tau 0.9805 (Re_tau  387.3)  U_b 17.867  E/V 167.063  <nu_t>/nu 0.118 max 2.33  CFL 0.69 dt 0.00050  p two-colour quad 0.0000 tri 0.0000 hp 0.068  stats 22926  (435 ms/step)
  t= 20.169  u_tau 0.9684 (Re_tau  382.5)  U_b 17.877  E/V 167.352  <nu_t>/nu 0.112 max 2.42  CFL 0.72 dt 0.00050  p two-colour quad 0.0000 tri 0.0000 hp 0.065  stats 23426  (435 ms/step)
  t= 20.390  u_tau 0.9598 (Re_tau  379.1)  U_b 17.892  E/V 167.632  <nu_t>/nu 0.114 max 2.27  CFL 0.72 dt 0.00050  p two-colour quad 0.0000 tri 0.0000 hp 0.078  stats 23926  (435 ms/step)
  t= 20.577  u_tau 0.9859 (Re_tau  389.4)  U_b 17.901  E/V 167.768  <nu_t>/nu 0.118 max 2.62  CFL 0.41 dt 0.00025  p two-colour quad 0.0000 tri 0.0000 hp 0.071  stats 24426  (436 ms/step)
  t= 20.728  u_tau 0.9908 (Re_tau  391.4)  U_b 17.907  E/V 167.841  <nu_t>/nu 0.122 max 3.03  CFL 0.41 dt 0.00025  p two-colour quad 0.0000 tri 0.0000 hp 0.081  stats 24926  (436 ms/step)
  t= 20.901  u_tau 1.0013 (Re_tau  395.5)  U_b 17.908  E/V 167.791  <nu_t>/nu 0.124 max 2.76  CFL 0.44 dt 0.00025  p two-colour quad 0.0000 tri 0.0000 hp 0.075  stats 25426  (436 ms/step)
  t= 21.131  u_tau 0.9923 (Re_tau  392.0)  U_b 17.906  E/V 167.634  <nu_t>/nu 0.125 max 2.76  CFL 0.72 dt 0.00050  p two-colour quad 0.0000 tri 0.0000 hp 0.075  stats 25926  (436 ms/step)
  t= 21.381  u_tau 0.9790 (Re_tau  386.7)  U_b 17.913  E/V 167.781  <nu_t>/nu 0.119 max 2.60  CFL 0.68 dt 0.00050  p two-colour quad 0.0000 tri 0.0000 hp 0.070  stats 26426  (437 ms/step)
  t= 21.631  u_tau 0.9774 (Re_tau  386.1)  U_b 17.922  E/V 167.949  <nu_t>/nu 0.116 max 2.35  CFL 0.68 dt 0.00050  p two-colour quad 0.0000 tri 0.0000 hp 0.067  stats 26926  (437 ms/step)
  t= 21.881  u_tau 0.9803 (Re_tau  387.2)  U_b 17.936  E/V 168.059  <nu_t>/nu 0.120 max 2.67  CFL 0.77 dt 0.00050  p two-colour quad 0.0000 tri 0.0000 hp 0.069  stats 27426  (437 ms/step)
  t= 22.046  u_tau 0.9971 (Re_tau  393.8)  U_b 17.939  E/V 168.039  <nu_t>/nu 0.120 max 3.13  CFL 0.42 dt 0.00025  p two-colour quad 0.0000 tri 0.0000 hp 0.075  stats 27926  (437 ms/step)
  t= 22.272  u_tau 0.9960 (Re_tau  393.4)  U_b 17.942  E/V 168.065  <nu_t>/nu 0.117 max 2.18  CFL 0.40 dt 0.00025  p two-colour quad 0.0000 tri 0.0000 hp 0.070  stats 28426  (437 ms/step)
  t= 22.429  u_tau 0.9999 (Re_tau  395.0)  U_b 17.940  E/V 168.064  <nu_t>/nu 0.118 max 2.74  CFL 0.75 dt 0.00050  p two-colour quad 0.0000 tri 0.0000 hp 0.076  stats 28926  (437 ms/step)
  t= 22.603  u_tau 1.0143 (Re_tau  400.7)  U_b 17.940  E/V 168.024  <nu_t>/nu 0.122 max 2.60  CFL 0.75 dt 0.00050  p two-colour quad 0.0000 tri 0.0000 hp 0.083  stats 29426  (437 ms/step)
  t= 22.785  u_tau 1.0088 (Re_tau  398.5)  U_b 17.936  E/V 167.927  <nu_t>/nu 0.121 max 2.33  CFL 0.42 dt 0.00025  p two-colour quad 0.0000 tri 0.0000 hp 0.070  stats 29926  (437 ms/step)
  t= 22.999  u_tau 0.9919 (Re_tau  391.8)  U_b 17.934  E/V 167.967  <nu_t>/nu 0.113 max 2.60  CFL 0.69 dt 0.00050  p two-colour quad 0.0000 tri 0.0000 hp 0.075  stats 30426  (437 ms/step)
  t= 23.150  u_tau 0.9878 (Re_tau  390.2)  U_b 17.937  E/V 168.036  <nu_t>/nu 0.119 max 2.73  CFL 0.41 dt 0.00025  p two-colour quad 0.0000 tri 0.0000 hp 0.083  stats 30926  (437 ms/step)
  t= 23.335  u_tau 0.9893 (Re_tau  390.8)  U_b 17.942  E/V 168.122  <nu_t>/nu 0.119 max 2.49  CFL 0.70 dt 0.00050  p two-colour quad 0.0000 tri 0.0000 hp 0.083  stats 31426  (437 ms/step)
  t= 23.585  u_tau 0.9928 (Re_tau  392.2)  U_b 17.944  E/V 168.180  <nu_t>/nu 0.121 max 2.20  CFL 0.70 dt 0.00050  p two-colour quad 0.0000 tri 0.0000 hp 0.080  stats 31926  (437 ms/step)
  t= 23.812  u_tau 0.9879 (Re_tau  390.2)  U_b 17.947  E/V 168.279  <nu_t>/nu 0.117 max 2.75  CFL 0.43 dt 0.00025  p two-colour quad 0.0000 tri 0.0000 hp 0.070  stats 32426  (437 ms/step)
  t= 24.032  u_tau 0.9883 (Re_tau  390.4)  U_b 17.955  E/V 168.448  <nu_t>/nu 0.117 max 2.39  CFL 0.70 dt 0.00050  p two-colour quad 0.0000 tri 0.0000 hp 0.077  stats 32926  (437 ms/step)
  t= 24.282  u_tau 1.0035 (Re_tau  396.4)  U_b 17.959  E/V 168.453  <nu_t>/nu 0.119 max 2.74  CFL 0.74 dt 0.00050  p two-colour quad 0.0000 tri 0.0000 hp 0.074  stats 33426  (437 ms/step)
  t= 24.475  u_tau 1.0117 (Re_tau  399.6)  U_b 17.957  E/V 168.371  <nu_t>/nu 0.120 max 2.62  CFL 0.69 dt 0.00050  p two-colour quad 0.0000 tri 0.0000 hp 0.081  stats 33926  (438 ms/step)
  t= 24.672  u_tau 1.0108 (Re_tau  399.3)  U_b 17.951  E/V 168.245  <nu_t>/nu 0.118 max 3.21  CFL 0.71 dt 0.00050  p two-colour quad 0.0000 tri 0.0000 hp 0.072  stats 34426  (438 ms/step)
  t= 24.922  u_tau 0.9821 (Re_tau  387.9)  U_b 17.952  E/V 168.340  <nu_t>/nu 0.110 max 2.45  CFL 0.67 dt 0.00050  p two-colour quad 0.0000 tri 0.0000 hp 0.065  stats 34926  (438 ms/step)
  t= 25.166  u_tau 0.9725 (Re_tau  384.1)  U_b 17.966  E/V 168.611  <nu_t>/nu 0.112 max 2.48  CFL 0.66 dt 0.00050  p two-colour quad 0.0000 tri 0.0000 hp 0.065  stats 35426  (438 ms/step)
  t= 25.396  u_tau 0.9890 (Re_tau  390.6)  U_b 17.975  E/V 168.733  <nu_t>/nu 0.118 max 2.84  CFL 0.40 dt 0.00025  p two-colour quad 0.0000 tri 0.0000 hp 0.089  stats 35926  (438 ms/step)
  t= 25.628  u_tau 0.9719 (Re_tau  383.9)  U_b 17.981  E/V 168.914  <nu_t>/nu 0.113 max 2.50  CFL 0.45 dt 0.00025  p two-colour quad 0.0000 tri 0.0000 hp 0.084  stats 36426  (438 ms/step)
  t= 25.854  u_tau 0.9584 (Re_tau  378.6)  U_b 17.998  E/V 169.252  <nu_t>/nu 0.117 max 3.94  CFL 0.71 dt 0.00050  p two-colour quad 0.0000 tri 0.0000 hp 0.081  stats 36926  (438 ms/step)
  t= 26.100  u_tau 0.9938 (Re_tau  392.5)  U_b 18.011  E/V 169.436  <nu_t>/nu 0.118 max 2.58  CFL 0.75 dt 0.00050  p two-colour quad 0.0000 tri 0.0000 hp 0.084  stats 37426  (438 ms/step)
  t= 26.317  u_tau 1.0310 (Re_tau  407.2)  U_b 18.006  E/V 169.263  <nu_t>/nu 0.124 max 3.00  CFL 0.80 dt 0.00050  p two-colour quad 0.0000 tri 0.0000 hp 0.091  stats 37926  (438 ms/step)
  t= 26.484  u_tau 1.0247 (Re_tau  404.8)  U_b 17.994  E/V 168.960  <nu_t>/nu 0.124 max 2.42  CFL 0.73 dt 0.00050  p two-colour quad 0.0000 tri 0.0000 hp 0.088  stats 38426  (438 ms/step)
  t= 26.708  u_tau 1.0092 (Re_tau  398.6)  U_b 17.988  E/V 168.833  <nu_t>/nu 0.119 max 2.23  CFL 0.73 dt 0.00050  p two-colour quad 0.0000 tri 0.0000 hp 0.075  stats 38926  (438 ms/step)
  t= 26.958  u_tau 1.0251 (Re_tau  404.9)  U_b 17.981  E/V 168.548  <nu_t>/nu 0.124 max 2.97  CFL 0.76 dt 0.00050  p two-colour quad 0.0000 tri 0.0000 hp 0.079  stats 39426  (438 ms/step)
  t= 27.132  u_tau 1.0356 (Re_tau  409.1)  U_b 17.971  E/V 168.357  <nu_t>/nu 0.125 max 2.71  CFL 0.79 dt 0.00050  p two-colour quad 0.0000 tri 0.0000 hp 0.084  stats 39926  (438 ms/step)
  t= 27.312  u_tau 1.0104 (Re_tau  399.1)  U_b 17.961  E/V 168.223  <nu_t>/nu 0.117 max 2.19  CFL 0.80 dt 0.00050  p two-colour quad 0.0000 tri 0.0000 hp 0.076  stats 40426  (438 ms/step)
  t= 27.560  u_tau 0.9841 (Re_tau  388.7)  U_b 17.965  E/V 168.400  <nu_t>/nu 0.112 max 1.95  CFL 0.40 dt 0.00025  p two-colour quad 0.0000 tri 0.0000 hp 0.081  stats 40926  (438 ms/step)
  t= 27.799  u_tau 0.9805 (Re_tau  387.3)  U_b 17.972  E/V 168.626  <nu_t>/nu 0.110 max 2.63  CFL 0.66 dt 0.00050  p two-colour quad 0.0000 tri 0.0000 hp 0.069  stats 41426  (439 ms/step)
  t= 28.011  u_tau 1.0109 (Re_tau  399.3)  U_b 17.975  E/V 168.626  <nu_t>/nu 0.123 max 3.25  CFL 0.79 dt 0.00050  p two-colour quad 0.0000 tri 0.0000 hp 0.080  stats 41926  (439 ms/step)
  t= 28.199  u_tau 1.0350 (Re_tau  408.8)  U_b 17.964  E/V 168.318  <nu_t>/nu 0.127 max 2.26  CFL 0.67 dt 0.00050  p two-colour quad 0.0000 tri 0.0000 hp 0.085  stats 42426  (439 ms/step)
  t= 28.426  u_tau 1.0149 (Re_tau  400.9)  U_b 17.951  E/V 168.160  <nu_t>/nu 0.119 max 2.96  CFL 0.78 dt 0.00050  p two-colour quad 0.0000 tri 0.0000 hp 0.079  stats 42926  (439 ms/step)
  t= 28.669  u_tau 0.9981 (Re_tau  394.2)  U_b 17.951  E/V 168.318  <nu_t>/nu 0.112 max 2.31  CFL 0.75 dt 0.00050  p two-colour quad 0.0000 tri 0.0000 hp 0.081  stats 43426  (439 ms/step)
  t= 28.847  u_tau 0.9760 (Re_tau  385.5)  U_b 17.955  E/V 168.461  <nu_t>/nu 0.116 max 4.14  CFL 0.69 dt 0.00050  p two-colour quad 0.0000 tri 0.0000 hp 0.076  stats 43926  (439 ms/step)
  t= 29.061  u_tau 0.9908 (Re_tau  391.4)  U_b 17.964  E/V 168.621  <nu_t>/nu 0.119 max 2.34  CFL 0.41 dt 0.00025  p two-colour quad 0.0000 tri 0.0000 hp 0.080  stats 44426  (439 ms/step)
  t= 29.277  u_tau 0.9869 (Re_tau  389.8)  U_b 17.968  E/V 168.767  <nu_t>/nu 0.117 max 2.79  CFL 0.77 dt 0.00050  p two-colour quad 0.0000 tri 0.0000 hp 0.078  stats 44926  (439 ms/step)
  t= 29.481  u_tau 0.9771 (Re_tau  385.9)  U_b 17.976  E/V 168.936  <nu_t>/nu 0.117 max 2.48  CFL 0.40 dt 0.00025  p two-colour quad 0.0000 tri 0.0000 hp 0.092  stats 45426  (439 ms/step)
  t= 29.672  u_tau 0.9869 (Re_tau  389.8)  U_b 17.982  E/V 168.960  <nu_t>/nu 0.123 max 2.54  CFL 0.72 dt 0.00050  p two-colour quad 0.0000 tri 0.0000 hp 0.076  stats 45926  (439 ms/step)
  t= 29.922  u_tau 0.9993 (Re_tau  394.7)  U_b 17.982  E/V 168.821  <nu_t>/nu 0.124 max 3.15  CFL 0.69 dt 0.00050  p two-colour quad 0.0000 tri 0.0000 hp 0.080  stats 46426  (439 ms/step)

RESULT uchan395_96x160x128_wale_cpg: window t=10.0..30.0 (46582 samples)  u_tau 0.9958  Re_tau 393.4 (-0.4%)  U_b 17.888  U_c+ 20.99  <nu_t>/nu 0.118
   log region (30 < y+ < 100): U+ - loglaw mean +0.180 u_tau units;  u_rms+ peak 2.687 at y+ 14.4;  v_rms+ max 0.988;  w_rms+ max 1.243;  -<uv>+ max 0.830
   vs MKM 1999 Re_tau 392 (u_tau 1.0000): U+ difference in the log region mean +0.085 max 0.137;  DNS u_rms+ peak 2.739, ours 2.687 (-1.9%);  DNS -<uv>+ max 0.837, ours 0.830
   pressure two-colour mode: quad cells 0.00% of p_rms, triangle pairs 0.00% (criterion < 1%), face high-pass share 0.076
