  channel Re_tau = 180, 24x80x24 in 2 blocks = 46,080 cells, model = smagorinsky + van Driest
  dx+ 23.6   dz+ 8.0   dy+ wall 1.00 max 8.48   8 points under y+ = 10
  dt = 0.001:  CFL_x 0.15, CFL_y 0.48, CFL_z 0.08  (dy_wall 0.00556)
      step       t    u_tau    U+_c    u_b+  nu_t/nu       div    2dx%   s/step
       500    0.50      nan     nan     nan    0.180   3.1e-14   0.512    0.641
      1000    1.00      nan     nan     nan    0.183   3.1e-14   0.218    0.641
      1500    1.50      nan     nan     nan    0.181   3.1e-14   0.040    0.644
      2000    2.00      nan     nan     nan    0.176   3.2e-14   0.003    0.652
      2500    2.50      nan     nan     nan    0.175   3.2e-14   0.002    0.650
      3000    3.00      nan     nan     nan    0.174   3.3e-14   0.000    0.648
      3500    3.50      nan     nan     nan    0.183   3.2e-14   0.000    0.648
      4000    4.00      nan     nan     nan    0.206   3.3e-14   0.000    0.647
      4500    4.50      nan     nan     nan    0.215   3.5e-14   0.000    0.648
  ABORT at step 4750, t = 4.750: CFL_x 0.17 CFL_y 0.83 CFL_z 0.09 against limit 0.8. Field saved to results/fields/chan_re180_v3_mac_CFL_ABORT.npz. Restart with a smaller --dt: about 9.68e-04.
  restarted from results/fields/chan_re180_v3_mac_CFL_ABORT.npz: t = 4.750, step 4750
  channel Re_tau = 180, 24x80x24 in 2 blocks = 46,080 cells, model = smagorinsky + van Driest
  dx+ 23.6   dz+ 8.0   dy+ wall 1.00 max 8.48   8 points under y+ = 10
  dt = 0.0008:  CFL_x 0.13, CFL_y 0.66, CFL_z 0.07  (dy_wall 0.00556)
      step       t    u_tau    U+_c    u_b+  nu_t/nu       div    2dx%   s/step
       500    5.15      nan     nan     nan    0.232   4.2e-14   0.001    0.646
  ABORT at step 825, t = 5.410: CFL_x 0.13 CFL_y 0.83 CFL_z 0.10 against limit 0.8. Field saved to results/fields/chan_re180_v3_mac_CFL_ABORT.npz. Restart with a smaller --dt: about 7.70e-04.
  restarted from results/fields/chan_re180_v3_mac_CFL_ABORT.npz: t = 5.410, step 5575
  channel Re_tau = 180, 24x80x24 in 2 blocks = 46,080 cells, model = smagorinsky + van Driest
  dx+ 23.6   dz+ 8.0   dy+ wall 1.00 max 8.48   8 points under y+ = 10
  dt = 0.0005:  CFL_x 0.08, CFL_y 0.52, CFL_z 0.06  (dy_wall 0.00556)
      step       t    u_tau    U+_c    u_b+  nu_t/nu       div    2dx%   s/step
       500    5.66      nan     nan     nan    0.216   3.9e-14   0.006    0.652
      1000    5.91      nan     nan     nan    0.212   3.4e-14   0.000    0.670
      1500    6.16      nan     nan     nan    0.209   3.6e-14   0.000    0.668
      2000    6.41      nan     nan     nan    0.199   3.3e-14   0.001    0.665
      2500    6.66      nan     nan     nan    0.188   3.1e-14   0.000    0.664
      3000    6.91      nan     nan     nan    0.180   3.2e-14   0.000    0.659
      3500    7.16      nan     nan     nan    0.179   3.3e-14   0.000    0.656
      4000    7.41      nan     nan     nan    0.184   3.2e-14   0.000    0.653
      4500    7.66      nan     nan     nan    0.190   3.3e-14   0.000    0.652
      5000    7.91      nan     nan     nan    0.190   3.5e-14   0.000    0.650
      5500    8.16      nan     nan     nan    0.188   3.1e-14   0.000    0.649
      6000    8.41      nan     nan     nan    0.196   3.2e-14   0.000    0.649
      6500    8.66      nan     nan     nan    0.196   4.3e-14   0.000    0.648
      7000    8.91      nan     nan     nan    0.198   4.4e-14   0.000    0.654
      7500    9.16      nan     nan     nan    0.201   3.3e-14   0.000    0.656
      8000    9.41      nan     nan     nan    0.202   3.2e-14   0.001    0.655
      8500    9.66      nan     nan     nan    0.202   3.1e-14   0.000    0.655
      9000    9.91      nan     nan     nan    0.210   3.2e-14   0.000    0.654
/Users/danielchan/Dropbox/PICT-Python/run_channel_les.py:203: DeprecationWarning: `trapz` is deprecated. Use `trapezoid` instead, or one of the numerical integration functions in `scipy.integrate`.
  ub = float(np.trapz(U, yv) / (yv[-1] - yv[0])) if U is not None else float("nan")
      9500   10.16   0.9855   18.41   15.85    0.201   3.1e-14   0.000    0.656
     10000   10.41   0.9907   18.36   15.85    0.189   3.3e-14   0.000    0.658
     10500   10.66   0.9922   18.31   15.85    0.181   3.1e-14   0.000    0.660
     11000   10.91   0.9945   18.26   15.84    0.174   3.3e-14   0.000    0.661
     11500   11.16   0.9937   18.26   15.84    0.180   3.1e-14   0.000    0.661
     12000   11.41   0.9919   18.26   15.85    0.188   3.4e-14   0.000    0.662
     12500   11.66   0.9924   18.25   15.85    0.191   3.2e-14   0.000    0.662
     13000   11.91   0.9908   18.24   15.85    0.183   3.1e-14   0.000    0.663
     13500   12.16   0.9855   18.23   15.86    0.179   3.0e-14   0.000    0.665
     14000   12.41   0.9784   18.22   15.87    0.174   3.2e-14   0.000    0.667
     14500   12.66   0.9712   18.24   15.87    0.172   3.2e-14   0.000    0.668
     15000   12.91   0.9653   18.27   15.88    0.169   3.1e-14   0.000    0.669
     15500   13.16   0.9599   18.29   15.89    0.167   3.1e-14   0.000    0.668
     16000   13.41   0.9553   18.32   15.90    0.164   3.1e-14   0.000    0.667
     16500   13.66   0.9521   18.36   15.91    0.166   3.1e-14   0.000    0.668
     17000   13.91   0.9494   18.41   15.92    0.170   3.1e-14   0.000    0.668
     17500   14.16   0.9470   18.46   15.93    0.174   3.2e-14   0.000    0.668
     18000   14.41   0.9462   18.50   15.94    0.179   3.1e-14   0.000    0.668
     18500   14.66   0.9480   18.55   15.95    0.195   3.8e-14   0.000    0.668
     19000   14.91   0.9527   18.59   15.96    0.216   4.5e-14   0.002    0.668
     19500   15.16   0.9599   18.62   15.97    0.227   3.6e-14   0.028    0.668
     20000   15.41   0.9674   18.63   15.98    0.229   3.4e-14   0.142    0.668
     20500   15.66   0.9733   18.63   15.99    0.214   3.8e-14   0.015    0.668
     21000   15.91   0.9777   18.62   15.99    0.205   3.3e-14   0.001    0.668
     21500   16.16   0.9804   18.61   15.99    0.191   3.1e-14   0.000    0.669
     22000   16.41   0.9827   18.61   16.00    0.182   3.1e-14   0.000    0.669
     22500   16.66   0.9837   18.61   16.00    0.180   3.2e-14   0.000    0.669
     23000   16.91   0.9850   18.62   16.00    0.182   3.5e-14   0.000    0.668
     23500   17.16   0.9860   18.63   16.00    0.184   3.4e-14   0.000    0.668
     24000   17.41   0.9866   18.64   16.00    0.187   3.6e-14   0.000    0.668
     24500   17.66   0.9874   18.66   16.01    0.186   3.3e-14   0.000    0.668
     25000   17.91   0.9882   18.67   16.01    0.186   3.3e-14   0.000    0.668
     25500   18.16   0.9887   18.67   16.01    0.188   3.2e-14   0.000    0.668
     26000   18.41   0.9891   18.68   16.01    0.184   3.3e-14   0.000    0.668
     26500   18.66   0.9893   18.69   16.02    0.188   3.1e-14   0.000    0.668
     27000   18.91   0.9907   18.70   16.02    0.196   3.3e-14   0.001    0.668
     27500   19.16   0.9926   18.71   16.03    0.199   3.4e-14   0.000    0.668
     28000   19.41   0.9957   18.72   16.03    0.198   3.4e-14   0.011    0.668
     28500   19.66   0.9994   18.73   16.03    0.203   3.3e-14   0.004    0.668
     29000   19.91   1.0025   18.75   16.04    0.201   3.8e-14   0.002    0.667
     29500   20.16   1.0046   18.75   16.04    0.207   3.5e-14   0.001    0.667
     30000   20.41   1.0059   18.76   16.04    0.212   3.2e-14   0.000    0.666
     30500   20.66   1.0063   18.76   16.04    0.208   3.2e-14   0.000    0.666
     31000   20.91   1.0061   18.76   16.05    0.208   3.3e-14   0.000    0.665
     31500   21.16   1.0058   18.76   16.05    0.200   3.6e-14   0.000    0.665
     32000   21.41   1.0052   18.75   16.05    0.199   3.6e-14   0.000    0.664
     32500   21.66   1.0045   18.75   16.05    0.197   3.6e-14   0.000    0.664
     33000   21.91   1.0041   18.75   16.06    0.194   3.3e-14   0.000    0.663
     33500   22.16   1.0035   18.74   16.06    0.194   3.5e-14   0.000    0.663
     34000   22.41   1.0028   18.74   16.06    0.192   3.2e-14   0.000    0.662
     34500   22.66   1.0020   18.74   16.06    0.188   3.9e-14   0.000    0.662
     35000   22.91   1.0010   18.73   16.06    0.177   3.1e-14   0.000    0.662
     35500   23.16   1.0001   18.73   16.06    0.177   3.9e-14   0.000    0.661
     36000   23.41   0.9990   18.73   16.06    0.174   3.2e-14   0.000    0.661
     36500   23.66   0.9982   18.73   16.07    0.171   3.2e-14   0.000    0.661
     37000   23.91   0.9977   18.74   16.07    0.172   3.2e-14   0.000    0.660
     37500   24.16   0.9972   18.74   16.07    0.176   3.1e-14   0.000    0.660
     38000   24.41   0.9964   18.75   16.07    0.171   3.2e-14   0.000    0.659
     38500   24.66   0.9956   18.76   16.07    0.179   3.3e-14   0.000    0.659
     39000   24.91   0.9945   18.77   16.08    0.187   3.2e-14   0.000    0.659
     39500   25.16   0.9930   18.79   16.08    0.193   3.5e-14   0.000    0.659
     40000   25.41   0.9913   18.80   16.08    0.194   3.3e-14   0.000    0.658
     40500   25.66   0.9897   18.81   16.09    0.200   3.3e-14   0.000    0.658
     41000   25.91   0.9884   18.82   16.09    0.199   3.3e-14   0.000    0.658
     41500   26.16   0.9874   18.83   16.09    0.198   3.3e-14   0.000    0.657
     42000   26.41   0.9867   18.84   16.10    0.201   3.3e-14   0.000    0.657
     42500   26.66   0.9867   18.85   16.10    0.216   3.7e-14   0.000    0.657
     43000   26.91   0.9877   18.86   16.11    0.223   3.7e-14   0.000    0.656
     43500   27.16   0.9881   18.86   16.11    0.222   3.9e-14   0.000    0.656
     44000   27.41   0.9887   18.87   16.11    0.214   3.4e-14   0.000    0.656
     44500   27.66   0.9890   18.87   16.12    0.210   3.3e-14   0.000    0.656
     45000   27.91   0.9893   18.87   16.12    0.203   3.4e-14   0.000    0.655
     45500   28.16   0.9892   18.87   16.12    0.198   3.5e-14   0.000    0.655
     46000   28.41   0.9889   18.87   16.12    0.192   3.1e-14   0.000    0.655
     46500   28.66   0.9889   18.87   16.13    0.183   3.2e-14   0.000    0.654
     47000   28.91   0.9886   18.87   16.13    0.182   3.2e-14   0.000    0.654
     47500   29.16   0.9883   18.88   16.13    0.182   3.4e-14   0.000    0.654
     48000   29.41   0.9886   18.89   16.14    0.197   3.7e-14   0.000    0.654
     48500   29.66   0.9886   18.90   16.14    0.204   3.5e-14   0.000    0.653
     49000   29.91   0.9884   18.90   16.14    0.205   3.6e-14   0.000    0.653

  40001 samples over t = 10.00-30.00
  saved results/chan_re180_v3_mac_stats.npz
