  restarted from results/fields/cyl_shed_mac.npz: t=107.5, step 15500, 4500 history samples
  -> already kicked; continuing the shedding stage
  160,768 cells  Re=100  dt=0.005  tol=1e-06  backend=scipy  nz=4
  probe at (1.999, 0.475)
  reference: St = 0.164, C_D = 1.33

  phase     step       t     v_probe    amp/500     near      far   s/step

  NOT kicking: this checkpoint is already past the kick (step 15500 >= settle 8000), v = -0.028295

  shed       500   110.0    0.056863  8.506e-02    0.125    0.255    4.558
           C_D +1.0753   C_L rms 0.0097   (reference C_D 1.33, spurious normal stress in C_D +0.0198)
  shed      1000   112.5    0.018521  5.160e-02    0.124    0.268    4.550
           C_D +1.0850   C_L rms 0.0200   (reference C_D 1.33, spurious normal stress in C_D +0.0197)
  shed      1500   115.0   -0.104988  1.234e-01    0.123    0.278    4.607
           C_D +1.0989   C_L rms 0.0247   (reference C_D 1.33, spurious normal stress in C_D +0.0197)
  shed      2000   117.5    0.063769  1.687e-01    0.118    0.302    4.641
           C_D +1.1168   C_L rms 0.0241   (reference C_D 1.33, spurious normal stress in C_D +0.0196)
  shed      2500   120.0    0.045487  7.890e-02    0.116    0.292    4.625
           C_D +1.1369   C_L rms 0.0456   (reference C_D 1.33, spurious normal stress in C_D +0.0195)
  shed      3000   122.5   -0.210401  2.562e-01    0.120    0.346    4.617
           C_D +1.1572   C_L rms 0.0518   (reference C_D 1.33, spurious normal stress in C_D +0.0194)
  shed      3500   125.0    0.103038  3.134e-01    0.111    0.388    4.603
           C_D +1.1768   C_L rms 0.0497   (reference C_D 1.33, spurious normal stress in C_D +0.0193)
  shed      4000   127.5   -0.048684  2.229e-01    0.105    0.442    4.604
           C_D +1.1946   C_L rms 0.0723   (reference C_D 1.33, spurious normal stress in C_D +0.0192)
  shed      4500   130.0   -0.273669  2.589e-01    0.110    0.554    4.611
           C_D +1.2096   C_L rms 0.0961   (reference C_D 1.33, spurious normal stress in C_D +0.0191)
  shed      5000   132.5    0.204585  4.777e-01    0.113    0.476    4.604
           C_D +1.2221   C_L rms 0.0961   (reference C_D 1.33, spurious normal stress in C_D +0.0191)
  shed      5500   135.0   -0.305290  5.155e-01    0.106    0.581    4.596
           C_D +1.2331   C_L rms 0.0902   (reference C_D 1.33, spurious normal stress in C_D +0.0190)
  shed      6000   137.5   -0.126876  2.514e-01    0.101    0.648    4.592
           C_D +1.2430   C_L rms 0.1089   (reference C_D 1.33, spurious normal stress in C_D +0.0190)
  shed      6500   140.0    0.113196  3.598e-01    0.104    0.620    4.763
           C_D +1.2508   C_L rms 0.1342   (reference C_D 1.33, spurious normal stress in C_D +0.0189)
