  dt = 0.005,  dong_relax = 1.0,  outflow kind = dong,  rhie_chow = True,  persistent_flux = True,  dong_copy = 1.0
  mode = control;  outflow blocks [0, 15] (|theta| <= 21.8)
  start t = 60.0:  r 5-10 0.089  r 10-14 0.047  r 14-17 0.042  r 17-19 0.107  r 19-20.1 0.126
  start peak |theta| = 24.6 deg at r = 19.7, |u-U| = 0.1259
  t =    61.0  peak |th|  24.6 deg  r 19.7  |u-U| 0.1171   r 5-10 0.089  r 10-14 0.047  r 14-17 0.042  r 17-19 0.096  r 19-20.1 0.117   4.99 s/step
  t =    62.0  peak |th|  24.6 deg  r 19.7  |u-U| 0.1161   r 5-10 0.089  r 10-14 0.047  r 14-17 0.041  r 17-19 0.097  r 19-20.1 0.116   4.82 s/step
  t =    63.0  peak |th|  23.2 deg  r 19.7  |u-U| 0.1237   r 5-10 0.089  r 10-14 0.047  r 14-17 0.040  r 17-19 0.097  r 19-20.1 0.124   4.76 s/step
  t =    64.0  peak |th|  23.2 deg  r 19.7  |u-U| 0.1337   r 5-10 0.089  r 10-14 0.047  r 14-17 0.040  r 17-19 0.096  r 19-20.1 0.134   4.76 s/step
  t =    65.0  peak |th|  23.2 deg  r 19.7  |u-U| 0.1422   r 5-10 0.089  r 10-14 0.047  r 14-17 0.040  r 17-19 0.096  r 19-20.1 0.142   4.84 s/step
  t =    66.0  peak |th|  23.2 deg  r 19.7  |u-U| 0.1494   r 5-10 0.089  r 10-14 0.047  r 14-17 0.040  r 17-19 0.096  r 19-20.1 0.149   4.73 s/step
  t =    67.0  peak |th|  23.2 deg  r 19.7  |u-U| 0.1550   r 5-10 0.089  r 10-14 0.047  r 14-17 0.041  r 17-19 0.097  r 19-20.1 0.155   4.65 s/step
  t =    68.0  peak |th|  23.2 deg  r 19.7  |u-U| 0.1593   r 5-10 0.089  r 10-14 0.047  r 14-17 0.041  r 17-19 0.097  r 19-20.1 0.159   5.24 s/step
  t =    69.0  peak |th|  23.2 deg  r 19.7  |u-U| 0.1622   r 5-10 0.089  r 10-14 0.047  r 14-17 0.041  r 17-19 0.098  r 19-20.1 0.162   5.15 s/step
  t =    70.0  peak |th|  23.2 deg  r 19.7  |u-U| 0.1641   r 5-10 0.089  r 10-14 0.047  r 14-17 0.041  r 17-19 0.099  r 19-20.1 0.164   5.06 s/step
  t =    71.0  peak |th|  23.2 deg  r 19.7  |u-U| 0.1651   r 5-10 0.089  r 10-14 0.047  r 14-17 0.041  r 17-19 0.100  r 19-20.1 0.165   5.02 s/step
  t =    72.0  peak |th|  23.2 deg  r 19.7  |u-U| 0.1656   r 5-10 0.089  r 10-14 0.047  r 14-17 0.041  r 17-19 0.101  r 19-20.1 0.166   4.96 s/step
  t =    73.0  peak |th|  23.2 deg  r 19.7  |u-U| 0.1656   r 5-10 0.089  r 10-14 0.047  r 14-17 0.042  r 17-19 0.102  r 19-20.1 0.166   4.90 s/step
  t =    74.0  peak |th|  23.2 deg  r 19.7  |u-U| 0.1652   r 5-10 0.089  r 10-14 0.047  r 14-17 0.042  r 17-19 0.104  r 19-20.1 0.165   4.85 s/step
  t =    75.0  peak |th|  23.2 deg  r 19.7  |u-U| 0.1647   r 5-10 0.089  r 10-14 0.047  r 14-17 0.042  r 17-19 0.106  r 19-20.1 0.165   4.81 s/step
  t =    76.0  peak |th|  23.2 deg  r 19.7  |u-U| 0.1639   r 5-10 0.089  r 10-14 0.047  r 14-17 0.042  r 17-19 0.108  r 19-20.1 0.164   4.77 s/step
  t =    77.0  peak |th|  23.2 deg  r 19.7  |u-U| 0.1630   r 5-10 0.089  r 10-14 0.047  r 14-17 0.042  r 17-19 0.110  r 19-20.1 0.163   4.75 s/step
  t =    78.0  peak |th|  23.2 deg  r 19.7  |u-U| 0.1617   r 5-10 0.089  r 10-14 0.047  r 14-17 0.042  r 17-19 0.112  r 19-20.1 0.162   4.72 s/step
  t =    79.0  peak |th|  23.2 deg  r 19.7  |u-U| 0.1603   r 5-10 0.089  r 10-14 0.047  r 14-17 0.043  r 17-19 0.114  r 19-20.1 0.160   4.70 s/step
  t =    80.0  peak |th|  23.2 deg  r 19.7  |u-U| 0.1586   r 5-10 0.089  r 10-14 0.047  r 14-17 0.043  r 17-19 0.117  r 19-20.1 0.159   4.68 s/step
  t =    81.0  peak |th|  23.2 deg  r 19.7  |u-U| 0.1567   r 5-10 0.089  r 10-14 0.047  r 14-17 0.043  r 17-19 0.119  r 19-20.1 0.157   4.67 s/step
  t =    82.0  peak |th|  23.2 deg  r 19.7  |u-U| 0.1547   r 5-10 0.089  r 10-14 0.047  r 14-17 0.044  r 17-19 0.122  r 19-20.1 0.155   4.64 s/step
  t =    83.0  peak |th|  23.2 deg  r 19.7  |u-U| 0.1526   r 5-10 0.089  r 10-14 0.047  r 14-17 0.044  r 17-19 0.124  r 19-20.1 0.153   4.63 s/step
  t =    84.0  peak |th|  23.2 deg  r 19.7  |u-U| 0.1505   r 5-10 0.089  r 10-14 0.047  r 14-17 0.044  r 17-19 0.127  r 19-20.1 0.150   4.62 s/step
  t =    85.0  peak |th|  23.2 deg  r 19.7  |u-U| 0.1483   r 5-10 0.089  r 10-14 0.047  r 14-17 0.045  r 17-19 0.130  r 19-20.1 0.148   4.61 s/step

  FINAL t = 85.0   peak |theta| = 23.2 deg at r = 19.7
    radial:  r 5-10 0.0891  r 10-14 0.0475  r 14-17 0.0449  r 17-19 0.1295  r 19-20.1 0.1483
    angular (r>25):  |th| 0-22 0.1295  |th| 22-45 0.1483  |th| 45-90 0.0380  |th| 90-180.1 0.0153
