pinball meshes/pinball_medium.msh: 50864 cells, wall faces [96, 96, 96], Re=100.0, dt=0.01, scheme bdf2, 20000 steps to T=200.0
  t=  10.00  CD 1.1265 1.7511 1.7413 (sum 4.6189)  CL +0.0001 +0.1099 -0.1078 (sum +0.0021)  |u|max 1.488  dCD/dt -5.22e+01  (735 ms/step)
  t=  20.00  CD 0.9762 1.3360 1.2940 (sum 3.6063)  CL +0.0032 +0.0874 -0.0790 (sum +0.0116)  |u|max 1.492  dCD/dt -1.76e-02  (733 ms/step)
  t=  30.00  CD 0.9673 1.3245 1.2463 (sum 3.5380)  CL +0.0072 +0.1100 -0.0679 (sum +0.0493)  |u|max 1.504  dCD/dt -9.83e-04  (724 ms/step)
  t=  40.00  CD 0.9676 1.3417 1.2350 (sum 3.5444)  CL +0.0064 +0.1137 -0.0636 (sum +0.0565)  |u|max 1.558  dCD/dt +1.88e-03  (722 ms/step)
  t=  50.00  CD 0.9721 1.3569 1.2467 (sum 3.5757)  CL +0.0054 +0.1140 -0.0605 (sum +0.0588)  |u|max 1.658  dCD/dt +5.06e-03  (722 ms/step)
  t=  60.00  CD 0.9779 1.3724 1.2676 (sum 3.6179)  CL +0.0062 +0.1126 -0.0631 (sum +0.0557)  |u|max 1.527  dCD/dt +2.82e-03  (723 ms/step)
  t=  70.00  CD 0.9820 1.3834 1.2818 (sum 3.6473)  CL +0.0066 +0.1114 -0.0640 (sum +0.0540)  |u|max 1.526  dCD/dt +3.10e-03  (721 ms/step)
  t=  80.00  CD 0.9865 1.3956 1.2971 (sum 3.6792)  CL +0.0067 +0.1102 -0.0629 (sum +0.0540)  |u|max 1.512  dCD/dt +2.52e-03  (720 ms/step)
  t=  90.00  CD 0.9896 1.4037 1.3081 (sum 3.7014)  CL +0.0067 +0.1088 -0.0621 (sum +0.0534)  |u|max 1.499  dCD/dt +1.81e-03  (720 ms/step)
  t= 100.00  CD 0.9918 1.4089 1.3161 (sum 3.7169)  CL +0.0067 +0.1082 -0.0611 (sum +0.0538)  |u|max 1.490  dCD/dt +1.46e-03  (721 ms/step)
  t= 110.00  CD 0.9931 1.4118 1.3213 (sum 3.7262)  CL +0.0067 +0.1087 -0.0611 (sum +0.0544)  |u|max 1.505  dCD/dt +9.02e-04  (722 ms/step)
  t= 120.00  CD 0.9935 1.4128 1.3237 (sum 3.7300)  CL +0.0067 +0.1096 -0.0630 (sum +0.0533)  |u|max 1.514  dCD/dt +2.81e-04  (723 ms/step)
  t= 130.00  CD 0.9934 1.4122 1.3238 (sum 3.7294)  CL +0.0064 +0.1093 -0.0658 (sum +0.0499)  |u|max 1.519  dCD/dt -5.46e-05  (724 ms/step)
  t= 140.00  CD 0.9930 1.4110 1.3226 (sum 3.7266)  CL +0.0060 +0.1078 -0.0674 (sum +0.0465)  |u|max 1.521  dCD/dt -2.48e-04  (724 ms/step)
  t= 150.00  CD 0.9925 1.4100 1.3204 (sum 3.7230)  CL +0.0060 +0.1068 -0.0666 (sum +0.0462)  |u|max 1.516  dCD/dt -4.86e-04  (725 ms/step)
  t= 160.00  CD 0.9921 1.4096 1.3183 (sum 3.7200)  CL +0.0064 +0.1068 -0.0646 (sum +0.0486)  |u|max 1.504  dCD/dt -5.57e-04  (727 ms/step)
  t= 170.00  CD 0.9920 1.4096 1.3171 (sum 3.7186)  CL +0.0067 +0.1073 -0.0627 (sum +0.0513)  |u|max 1.489  dCD/dt -3.31e-04  (729 ms/step)
  t= 180.00  CD 0.9921 1.4100 1.3173 (sum 3.7193)  CL +0.0068 +0.1076 -0.0615 (sum +0.0529)  |u|max 1.477  dCD/dt +5.53e-05  (731 ms/step)
  t= 190.00  CD 0.9924 1.4106 1.3185 (sum 3.7215)  CL +0.0067 +0.1080 -0.0610 (sum +0.0537)  |u|max 1.490  dCD/dt +3.88e-04  (732 ms/step)
  t= 200.00  CD 0.9927 1.4113 1.3200 (sum 3.7240)  CL +0.0067 +0.1088 -0.0616 (sum +0.0539)  |u|max 1.505  dCD/dt +4.64e-04  (734 ms/step)
RESULT meshes/pinball_medium.msh Re=100.0: CD_total=3.7228 CD=[0.9925, 1.4106, 1.3197] CL=[0.0065, 0.1078, -0.0639] CL_amp=[0.0035, 0.0172, 0.029] St=0.1110 (window t=120..200)
