=== Re = 55  18:38:55 ===
  82,096 cells, dt = 0.01, Re = 55, tol = 1e-06, rhie_chow = True, nz = 4, backend = amgx
  probe at (1.958, 0.500), asked for (2.0, 0.5)
  symmetry-breaking pulse: v = 0.05 at the inlet until t = 4.0

     step        t    v_probe   max|u|    max div   s/step
  settling 5000 steps to the base flow before kicking

AMGX version 2.5.0
Built on Aug 30 2026, 11:25:55
Compiled with CUDA Runtime 13.1, using CUDA driver 13.0
  settle    500      5.0  -0.145453  2.608e-01    0.402
  settle   1000     10.0  -0.012810  1.319e-01    0.415
  settle   1500     15.0  -0.011036  2.019e-03    0.419
  settle   2000     20.0  -0.010087  9.485e-04    0.422
  settle   2500     25.0  -0.009274  8.113e-04    0.422
  settle   3000     30.0  -0.008450  8.229e-04    0.422
  settle   3500     35.0  -0.007999  4.496e-04    0.423
  settle   4000     40.0  -0.007821  1.767e-04    0.419
  settle   4500     45.0  -0.007677  1.439e-04    0.414
  settle   5000     50.0  -0.007572  1.051e-04    0.411
  base flow saved; v_probe = -0.007572
  SINUOUS wake kick at 2% of U

     5001    50.01   -0.00090   1.2121   5.00e-14    0.400
     5250    52.50   -0.00420   1.2118   7.23e-15    0.383
     5500    55.00   -0.01613   1.2093   7.40e-15    0.383
     5750    57.50   -0.00664   1.2099   7.13e-15    0.381
     6000    60.00    0.00013   1.2095   7.48e-15    0.381
     6250    62.50   -0.01139   1.2094   7.30e-15    0.381
     6500    65.00   -0.01316   1.2096   7.69e-15    0.381
     6750    67.50   -0.00100   1.2091   7.38e-15    0.381
     7000    70.00   -0.00416   1.2096   6.89e-15    0.381
     7250    72.50   -0.01562   1.2091   7.80e-15    0.382
     7500    75.00   -0.00788   1.2096   6.99e-15    0.382
     7750    77.50    0.00110   1.2094   7.44e-15    0.382
     8000    80.00   -0.01045   1.2095   7.52e-15    0.382
     8250    82.50   -0.01604   1.2098   7.55e-15    0.382
     8500    85.00   -0.00057   1.2094   7.50e-15    0.382
     8750    87.50   -0.00037   1.2102   7.36e-15    0.382
     9000    90.00   -0.01922   1.2094   7.05e-15    0.382
     9250    92.50   -0.01159   1.2105   7.48e-15    0.382
     9500    95.00    0.00743   1.2101   7.73e-15    0.382
     9750    97.50   -0.00979   1.2106   7.38e-15    0.382
    10000   100.00   -0.02529   1.2109   7.14e-15    0.382
    10250   102.50    0.00144   1.2106   7.48e-15    0.382
    10500   105.00    0.00817   1.2117   7.35e-15    0.382
    10750   107.50   -0.02688   1.2104   7.07e-15    0.382
    11000   110.00   -0.01969   1.2125   7.26e-15    0.382
    11250   112.50    0.01772   1.2114   6.95e-15    0.382
    11500   115.00   -0.00756   1.2131   7.45e-15    0.382
    11750   117.50   -0.04089   1.2132   7.74e-15    0.382
    12000   120.00    0.00314   1.2134   7.42e-15    0.382
    12250   122.50    0.02132   1.2150   7.27e-15    0.382
    12500   125.00   -0.03984   1.2132   6.99e-15    0.381
    12750   127.50   -0.03214   1.2167   7.39e-15    0.381
    13000   130.00    0.03293   1.2148   7.01e-15    0.382
    13250   132.50   -0.00830   1.2179   7.55e-15    0.381
    13500   135.00   -0.06383   1.2180   7.14e-15    0.381
    13750   137.50    0.00997   1.2181   7.71e-15    0.381
    14000   140.00    0.03387   1.2210   7.43e-15    0.381

  C_D +1.4928   C_L rms 0.0267   over t = 50.0 to 140.0
  saved results/fields/sqcyl_onset_Re55.npz, sqcyl_onset_Re55_mean.npz, sqcyl_onset_Re55_history.npy and sqcyl_onset_Re55_forces.npy
=== Re = 65  20:10:22 ===
  82,096 cells, dt = 0.01, Re = 65, tol = 1e-06, rhie_chow = True, nz = 4, backend = amgx
  probe at (1.958, 0.500), asked for (2.0, 0.5)
  symmetry-breaking pulse: v = 0.05 at the inlet until t = 4.0

     step        t    v_probe   max|u|    max div   s/step
  settling 5000 steps to the base flow before kicking

AMGX version 2.5.0
Built on Aug 30 2026, 11:25:55
Compiled with CUDA Runtime 13.1, using CUDA driver 13.0
  settle    500      5.0  -0.165403  2.753e-01    0.392
  settle   1000     10.0  -0.000557  1.640e-01    0.392
  settle   1500     15.0  -0.000649  2.864e-03    0.391
  settle   2000     20.0  -0.002075  1.486e-03    0.390
  settle   2500     25.0  -0.001273  8.011e-04    0.388
  settle   3000     30.0  -0.000675  5.965e-04    0.387
  settle   3500     35.0  -0.000295  3.787e-04    0.387
  settle   4000     40.0  -0.000046  2.485e-04    0.386
  settle   4500     45.0   0.000121  1.670e-04    0.386
  settle   5000     50.0   0.000237  1.153e-04    0.385
  base flow saved; v_probe = +0.000237
  SINUOUS wake kick at 2% of U

     5001    50.01    0.00690   1.2121   5.00e-14    0.388
     5250    52.50    0.00343   1.2118   7.52e-15    0.385
     5500    55.00   -0.00906   1.2095   7.19e-15    0.387
     5750    57.50    0.00252   1.2098   7.52e-15    0.385
     6000    60.00    0.00916   1.2095   7.69e-15    0.385
     6250    62.50   -0.00636   1.2091   7.14e-15    0.385
     6500    65.00   -0.00615   1.2096   7.28e-15    0.385
     6750    67.50    0.01147   1.2089   7.22e-15    0.385
     7000    70.00    0.00275   1.2097   7.41e-15    0.385
     7250    72.50   -0.01467   1.2094   7.28e-15    0.385
     7500    75.00    0.00392   1.2099   7.43e-15    0.385
     7750    77.50    0.01744   1.2106   6.94e-15    0.385
     8000    80.00   -0.01400   1.2102   7.58e-15    0.385
     8250    82.50   -0.01812   1.2121   6.90e-15    0.385
     8500    85.00    0.02527   1.2109   6.96e-15    0.385
     8750    87.50    0.00893   1.2139   7.53e-15    0.385
     9000    90.00   -0.04290   1.2138   7.46e-15    0.385
     9250    92.50    0.00438   1.2158   7.10e-15    0.385
     9500    95.00    0.04479   1.2181   7.89e-15    0.385
     9750    97.50   -0.04264   1.2173   6.87e-15    0.385
    10000   100.00   -0.04612   1.2230   7.70e-15    0.385
    10250   102.50    0.06195   1.2211   7.22e-15    0.385
    10500   105.00   -0.00510   1.2271   7.61e-15    0.385
    10750   107.50   -0.09970   1.2294   7.40e-15    0.385
    11000   110.00    0.04167   1.2283   7.75e-15    0.385
    11250   112.50    0.04888   1.2365   7.57e-15    0.385
    11500   115.00   -0.13076   1.2334   7.39e-15    0.385
    11750   117.50   -0.00512   1.2385   7.17e-15    0.385
    12000   120.00    0.09283   1.2432   7.48e-15    0.385
    12250   122.50   -0.13529   1.2402   7.55e-15    0.385
    12500   125.00   -0.05739   1.2466   7.30e-15    0.385
    12750   127.50    0.11759   1.2469   7.81e-15    0.385
    13000   130.00   -0.12176   1.2438   7.66e-15    0.385
    13250   132.50   -0.10235   1.2521   7.62e-15    0.385
    13500   135.00    0.12621   1.2484   7.61e-15    0.385
    13750   137.50   -0.09916   1.2479   7.96e-15    0.385
    14000   140.00   -0.13681   1.2554   7.68e-15    0.385

  C_D +1.4452   C_L rms 0.0532   over t = 50.0 to 140.0
  saved results/fields/sqcyl_onset_Re65.npz, sqcyl_onset_Re65_mean.npz, sqcyl_onset_Re65_history.npy and sqcyl_onset_Re65_forces.npy
=== Re = 80  21:40:12 ===
  82,096 cells, dt = 0.01, Re = 80, tol = 1e-06, rhie_chow = True, nz = 4, backend = amgx
  probe at (1.958, 0.500), asked for (2.0, 0.5)
  symmetry-breaking pulse: v = 0.05 at the inlet until t = 4.0

     step        t    v_probe   max|u|    max div   s/step
  settling 5000 steps to the base flow before kicking

AMGX version 2.5.0
Built on Aug 30 2026, 11:25:55
Compiled with CUDA Runtime 13.1, using CUDA driver 13.0
  settle    500      5.0  -0.195705  2.944e-01    0.393
  settle   1000     10.0   0.014001  2.088e-01    0.390
  settle   1500     15.0   0.015977  7.370e-03    0.389
  settle   2000     20.0   0.009681  6.273e-03    0.389
  settle   2500     25.0   0.008726  9.501e-04    0.387
  settle   3000     30.0   0.008833  1.129e-04    0.387
  settle   3500     35.0   0.009016  1.832e-04    0.387
  settle   4000     40.0   0.009158  1.419e-04    0.386
  settle   4500     45.0   0.009262  1.035e-04    0.385
  settle   5000     50.0   0.009339  7.710e-05    0.385
  base flow saved; v_probe = +0.009339
  SINUOUS wake kick at 2% of U

     5001    50.01    0.01601   1.2116   5.00e-14    0.392
     5250    52.50    0.01231   1.2112   7.33e-15    0.387
     5500    55.00   -0.00064   1.2091   7.25e-15    0.387
     5750    57.50    0.01335   1.2092   6.85e-15    0.385
     6000    60.00    0.01941   1.2089   7.37e-15    0.384
     6250    62.50   -0.00107   1.2083   6.87e-15    0.385
     6500    65.00    0.00224   1.2091   7.36e-15    0.384
     6750    67.50    0.02741   1.2084   7.25e-15    0.384
     7000    70.00    0.00943   1.2097   7.62e-15    0.384
     7250    72.50   -0.01898   1.2103   7.46e-15    0.385
     7500    75.00    0.02081   1.2113   7.35e-15    0.385
     7750    77.50    0.04210   1.2143   7.58e-15    0.385
     8000    80.00   -0.03413   1.2142   8.40e-15    0.385
     8250    82.50   -0.02569   1.2213   8.24e-15    0.385
     8500    85.00    0.07483   1.2231   7.66e-15    0.385
     8750    87.50   -0.01355   1.2294   7.68e-15    0.386
     9000    90.00   -0.09768   1.2360   7.36e-15    0.385
     9250    92.50    0.08128   1.2386   7.76e-15    0.386
     9500    95.00    0.02268   1.2470   7.35e-15    0.386
     9750    97.50   -0.16258   1.2502   7.26e-15    0.386
    10000   100.00    0.07609   1.2538   8.12e-15    0.386
    10250   102.50    0.04155   1.2610   7.65e-15    0.386
    10500   105.00   -0.21077   1.2622   7.83e-15    0.385
    10750   107.50    0.08226   1.2636   7.94e-15    0.385
    11000   110.00    0.03018   1.2699   8.12e-15    0.385
    11250   112.50   -0.23951   1.2718   7.00e-15    0.385
    11500   115.00    0.10585   1.2697   8.14e-15    0.386
    11750   117.50   -0.01173   1.2738   7.91e-15    0.385
    12000   120.00   -0.24685   1.2786   7.92e-15    0.385
    12250   122.50    0.13897   1.2727   7.91e-15    0.386
    12500   125.00   -0.07605   1.2736   8.34e-15    0.385
    12750   127.50   -0.23251   1.2825   7.55e-15    0.385
    13000   130.00    0.16959   1.2742   7.95e-15    0.386
    13250   132.50   -0.14909   1.2746   8.18e-15    0.385
    13500   135.00   -0.19688   1.2835   7.38e-15    0.385
    13750   137.50    0.18727   1.2801   6.88e-15    0.385
    14000   140.00   -0.21593   1.2760   8.09e-15    0.385

  C_D +1.4038   C_L rms 0.0866   over t = 50.0 to 140.0
  saved results/fields/sqcyl_onset_Re80.npz, sqcyl_onset_Re80_mean.npz, sqcyl_onset_Re80_history.npy and sqcyl_onset_Re80_forces.npy
=== Re = 95  23:10:07 ===
  82,096 cells, dt = 0.01, Re = 95, tol = 1e-06, rhie_chow = True, nz = 4, backend = amgx
  probe at (1.958, 0.500), asked for (2.0, 0.5)
  symmetry-breaking pulse: v = 0.05 at the inlet until t = 4.0

     step        t    v_probe   max|u|    max div   s/step
  settling 5000 steps to the base flow before kicking

AMGX version 2.5.0
Built on Aug 30 2026, 11:25:55
Compiled with CUDA Runtime 13.1, using CUDA driver 13.0
  settle    500      5.0  -0.224492  3.106e-01    0.364
  settle   1000     10.0   0.018246  2.417e-01    0.359
  settle   1500     15.0   0.034765  1.862e-02    0.358
  settle   2000     20.0   0.022527  1.221e-02    0.357
  settle   2500     25.0   0.017250  5.260e-03    0.356
  settle   3000     30.0   0.015975  1.269e-03    0.356
  settle   3500     35.0   0.015714  2.603e-04    0.356
  settle   4000     40.0   0.015663  5.107e-05    0.356
  settle   4500     45.0   0.015655  7.921e-06    0.356
  settle   5000     50.0   0.015656  2.722e-06    0.355
  base flow saved; v_probe = +0.015656
  SINUOUS wake kick at 2% of U

     5001    50.01    0.02232   1.2106   5.00e-14    0.360
     5250    52.50    0.01844   1.2102   7.87e-15    0.357
     5500    55.00    0.00538   1.2080   7.29e-15    0.356
     5750    57.50    0.02096   1.2080   7.87e-15    0.355
     6000    60.00    0.02629   1.2076   7.40e-15    0.354
     6250    62.50    0.00248   1.2069   6.94e-15    0.354
     6500    65.00    0.00791   1.2079   7.49e-15    0.354
     6750    67.50    0.03901   1.2073   7.65e-15    0.355
     7000    70.00    0.01452   1.2095   7.39e-15    0.355
     7250    72.50   -0.02671   1.2136   8.37e-15    0.355
     7500    75.00    0.03214   1.2225   7.23e-15    0.355
     7750    77.50    0.06112   1.2355   7.15e-15    0.355
     8000    80.00   -0.06335   1.2516   7.50e-15    0.356
     8250    82.50   -0.02174   1.2588   7.45e-15    0.356
     8500    85.00    0.11189   1.2597   7.68e-15    0.356
     8750    87.50   -0.09545   1.2590   7.98e-15    0.356
     9000    90.00   -0.07494   1.2612   7.96e-15    0.356
     9250    92.50    0.15276   1.2689   7.61e-15    0.356
     9500    95.00   -0.16682   1.2695   8.14e-15    0.356
     9750    97.50   -0.08519   1.2765   7.91e-15    0.355
    10000   100.00    0.17338   1.2825   8.01e-15    0.355
    10250   102.50   -0.26468   1.2835   7.75e-15    0.355
    10500   105.00   -0.02772   1.2817   7.82e-15    0.355
    10750   107.50    0.13426   1.2944   8.86e-15    0.355
    11000   110.00   -0.32315   1.2912   7.46e-15    0.355
    11250   112.50    0.08086   1.2901   7.71e-15    0.355
    11500   115.00   -0.00345   1.2953   7.60e-15    0.355
    11750   117.50   -0.31785   1.3022   7.56e-15    0.355
    12000   120.00    0.18330   1.2923   7.69e-15    0.355
    12250   122.50   -0.19698   1.2908   8.15e-15    0.355
    12500   125.00   -0.22974   1.3027   7.86e-15    0.355
    12750   127.50    0.22248   1.3041   7.62e-15    0.355
    13000   130.00   -0.33395   1.2943   7.71e-15    0.355
    13250   132.50   -0.06502   1.2927   7.64e-15    0.355
    13500   135.00    0.13834   1.3064   7.50e-15    0.355
    13750   137.50   -0.36693   1.3030   7.79e-15    0.355
    14000   140.00    0.10032   1.2947   7.48e-15    0.355

  C_D +1.3751   C_L rms 0.1087   over t = 50.0 to 140.0
  saved results/fields/sqcyl_onset_Re95.npz, sqcyl_onset_Re95_mean.npz, sqcyl_onset_Re95_history.npy and sqcyl_onset_Re95_forces.npy
=== sweep done 00:33:02 ===
