  restarted from results/fields/sqcyl_spark2.npz: t=450.0, step 45000
  65,392 cells  Re=100  dt=0.01  tol=1e-06
  probe v0 = +0.015429   (base flow value)
  kicked at 1% of U

     step       t     v_probe         dev    amp/500   s/step
AMGX version 2.5.0
Built on Aug 30 2026, 11:25:55
Compiled with CUDA Runtime 13.1, using CUDA driver 13.0
      500   455.0    0.014965  -4.635e-04  4.126e-03    0.330
     1000   460.0    0.014764  -6.652e-04  5.099e-04    0.327
     1500   465.0    0.015198  -2.311e-04  4.320e-04    0.325
     2000   470.0    0.015264  -1.652e-04  6.583e-05    0.324
     2500   475.0    0.015270  -1.584e-04  6.783e-06    0.323
     3000   480.0    0.015304  -1.247e-04  3.373e-05    0.324
     3500   485.0    0.015336  -9.327e-05  2.881e-05    0.324
     4000   490.0    0.015356  -7.243e-05  2.086e-05    0.323
     4500   495.0    0.015380  -4.897e-05  2.348e-05    0.323
     5000   500.0    0.015380  -4.897e-05  2.724e-16    0.322
     5500   505.0    0.015380  -4.897e-05  3.400e-16    0.322
     6000   510.0    0.015380  -4.897e-05  1.908e-16    0.322
     6500   515.0    0.015380  -4.897e-05  2.897e-16    0.321
     7000   520.0    0.015380  -4.897e-05  3.313e-16    0.322
     7500   525.0    0.015380  -4.897e-05  1.336e-16    0.322
     8000   530.0    0.015403  -2.581e-05  2.318e-05    0.322
     8500   535.0    0.015403  -2.581e-05  1.489e-13    0.322
