=== Re = 44  00:33:50 ===
  82,096 cells, dt = 0.01, Re = 44, tol = 1e-06, rhie_chow = True, nz = 4, backend = amgx
  probe at (1.958, 0.500), asked for (2.0, 0.5)
  symmetry-breaking pulse: v = 0.05 at the inlet until t = 4.0

     step        t    v_probe   max|u|    max div   s/step
  settling 5000 steps to the base flow before kicking

AMGX version 2.5.0
Built on Aug 30 2026, 11:25:55
Compiled with CUDA Runtime 13.1, using CUDA driver 13.0
  settle    500      5.0  -0.125374  2.427e-01    0.362
  settle   1000     10.0  -0.026595  9.819e-02    0.361
  settle   1500     15.0  -0.022297  4.275e-03    0.361
  settle   2000     20.0  -0.020232  2.061e-03    0.360
  settle   2500     25.0  -0.019088  1.141e-03    0.358
  settle   3000     30.0  -0.018469  6.171e-04    0.357
  settle   3500     35.0  -0.018121  3.470e-04    0.356
  settle   4000     40.0  -0.017932  1.887e-04    0.355
  settle   4500     45.0  -0.017846  8.577e-05    0.355
  settle   5000     50.0  -0.017774  7.221e-05    0.354
  base flow saved; v_probe = -0.017774
  SINUOUS wake kick at 0.5% of U

     5001    50.01   -0.01611   1.2096   1.25e-14    0.364
     5250    52.50   -0.01685   1.2095   7.04e-15    0.353
     5500    55.00   -0.01960   1.2089   7.22e-15    0.352
     5750    57.50   -0.01789   1.2090   7.08e-15    0.350
     6000    60.00   -0.01624   1.2088   7.50e-15    0.350
     6250    62.50   -0.01789   1.2088   7.41e-15    0.351
     6500    65.00   -0.01875   1.2088   7.26e-15    0.351
     6750    67.50   -0.01720   1.2088   7.49e-15    0.350
     7000    70.00   -0.01687   1.2087   7.33e-15    0.350
     7250    72.50   -0.01826   1.2087   7.17e-15    0.351
     7500    75.00   -0.01816   1.2087   7.06e-15    0.352
     7750    77.50   -0.01702   1.2087   7.51e-15    0.352
     8000    80.00   -0.01737   1.2087   6.97e-15    0.352
     8250    82.50   -0.01823   1.2086   7.13e-15    0.352
     8500    85.00   -0.01774   1.2087   7.24e-15    0.352
     8750    87.50   -0.01714   1.2086   7.28e-15    0.352
     9000    90.00   -0.01767   1.2087   7.42e-15    0.352
     9250    92.50   -0.01804   1.2086   7.58e-15    0.352
     9500    95.00   -0.01753   1.2087   7.36e-15    0.352
     9750    97.50   -0.01734   1.2086   7.07e-15    0.352
    10000   100.00   -0.01779   1.2086   7.13e-15    0.352
    10250   102.50   -0.01785   1.2086   7.21e-15    0.352
    10500   105.00   -0.01747   1.2086   7.08e-15    0.352
    10750   107.50   -0.01750   1.2086   7.31e-15    0.352
    11000   110.00   -0.01780   1.2086   7.00e-15    0.352
    11250   112.50   -0.01771   1.2086   7.95e-15    0.351
    11500   115.00   -0.01749   1.2086   6.91e-15    0.352
    11750   117.50   -0.01761   1.2086   7.39e-15    0.351
    12000   120.00   -0.01776   1.2086   7.14e-15    0.351
    12250   122.50   -0.01763   1.2086   7.38e-15    0.351
    12500   125.00   -0.01754   1.2086   7.27e-15    0.351
    12750   127.50   -0.01766   1.2086   7.36e-15    0.351
    13000   130.00   -0.01771   1.2086   7.40e-15    0.351
    13250   132.50   -0.01760   1.2086   7.06e-15    0.351
    13500   135.00   -0.01758   1.2086   6.81e-15    0.351
    13750   137.50   -0.01768   1.2086   7.86e-15    0.351
    14000   140.00   -0.01767   1.2086   7.11e-15    0.351
    14250   142.50   -0.01760   1.2086   7.42e-15    0.351
    14500   145.00   -0.01762   1.2086   7.35e-15    0.351
    14750   147.50   -0.01767   1.2086   7.38e-15    0.351
    15000   150.00   -0.01765   1.2086   7.04e-15    0.351
    15250   152.50   -0.01761   1.2086   7.49e-15    0.351
    15500   155.00   -0.01762   1.2086   7.18e-15    0.351
    15750   157.50   -0.01764   1.2086   7.59e-15    0.351
    16000   160.00   -0.01764   1.2086   6.85e-15    0.351
    16250   162.50   -0.01764   1.2086   7.27e-15    0.351
    16500   165.00   -0.01764   1.2086   7.02e-15    0.351
    16750   167.50   -0.01764   1.2086   7.80e-15    0.351
    17000   170.00   -0.01764   1.2086   7.21e-15    0.351
    17250   172.50   -0.01764   1.2086   6.93e-15    0.351
    17500   175.00   -0.01764   1.2086   7.37e-15    0.351
    17750   177.50   -0.01764   1.2086   7.44e-15    0.351
    18000   180.00   -0.01764   1.2086   6.41e-15    0.351
    18250   182.50   -0.01764   1.2086   5.72e-15    0.350
    18500   185.00   -0.01764   1.2086   7.11e-15    0.350
    18750   187.50   -0.01764   1.2086   6.42e-15    0.350
    19000   190.00   -0.01764   1.2086   6.14e-15    0.350
    19250   192.50   -0.01764   1.2086   6.17e-15    0.350
    19500   195.00   -0.01764   1.2086   7.52e-15    0.350
    19750   197.50   -0.01764   1.2086   6.73e-15    0.350
    20000   200.00   -0.01764   1.2086   7.32e-15    0.350

  C_D +1.6029   C_L rms 0.0044   over t = 50.0 to 200.0
  saved results/fields/sqcyl_onset_Re44.npz, sqcyl_onset_Re44_mean.npz, sqcyl_onset_Re44_history.npy and sqcyl_onset_Re44_forces.npy
=== Re = 48  02:30:47 ===
  82,096 cells, dt = 0.01, Re = 48, tol = 1e-06, rhie_chow = True, nz = 4, backend = amgx
  probe at (1.958, 0.500), asked for (2.0, 0.5)
  symmetry-breaking pulse: v = 0.05 at the inlet until t = 4.0

     step        t    v_probe   max|u|    max div   s/step
  settling 5000 steps to the base flow before kicking

AMGX version 2.5.0
Built on Aug 30 2026, 11:25:55
Compiled with CUDA Runtime 13.1, using CUDA driver 13.0
  settle    500      5.0  -0.132340  2.496e-01    0.391
  settle   1000     10.0  -0.021642  1.101e-01    0.386
  settle   1500     15.0  -0.018193  3.426e-03    0.387
  settle   2000     20.0  -0.016369  1.820e-03    0.386
  settle   2500     25.0  -0.015234  1.132e-03    0.384
  settle   3000     30.0  -0.014608  6.245e-04    0.385
  settle   3500     35.0  -0.014247  3.594e-04    0.384
  settle   4000     40.0  -0.014061  1.856e-04    0.383
  settle   4500     45.0  -0.013958  1.027e-04    0.382
  settle   5000     50.0  -0.013875  8.300e-05    0.382
  base flow saved; v_probe = -0.013875
  SINUOUS wake kick at 0.5% of U

     5001    50.01   -0.01221   1.2100   1.24e-14    0.387
     5250    52.50   -0.01297   1.2098   7.55e-15    0.379
     5500    55.00   -0.01581   1.2092   7.49e-15    0.380
     5750    57.50   -0.01385   1.2093   7.43e-15    0.379
     6000    60.00   -0.01214   1.2091   7.71e-15    0.379
     6250    62.50   -0.01420   1.2091   7.71e-15    0.379
     6500    65.00   -0.01501   1.2091   7.24e-15    0.379
     6750    67.50   -0.01296   1.2090   7.41e-15    0.379
     7000    70.00   -0.01285   1.2090   7.60e-15    0.379
     7250    72.50   -0.01475   1.2090   7.35e-15    0.379
     7500    75.00   -0.01425   1.2090   7.70e-15    0.379
     7750    77.50   -0.01265   1.2089   7.41e-15    0.379
     8000    80.00   -0.01358   1.2090   6.97e-15    0.379
     8250    82.50   -0.01475   1.2089   7.02e-15    0.379
     8500    85.00   -0.01358   1.2089   7.18e-15    0.379
     8750    87.50   -0.01284   1.2089   7.82e-15    0.380
     9000    90.00   -0.01409   1.2089   7.08e-15    0.379
     9250    92.50   -0.01441   1.2089   7.13e-15    0.379
     9500    95.00   -0.01321   1.2089   7.28e-15    0.379
     9750    97.50   -0.01323   1.2089   6.89e-15    0.379
    10000   100.00   -0.01430   1.2089   7.40e-15    0.379
    10250   102.50   -0.01400   1.2089   7.52e-15    0.379
    10500   105.00   -0.01313   1.2089   6.90e-15    0.379
    10750   107.50   -0.01362   1.2089   7.41e-15    0.379
    11000   110.00   -0.01427   1.2089   7.23e-15    0.379
    11250   112.50   -0.01366   1.2089   7.16e-15    0.379
    11500   115.00   -0.01324   1.2089   7.43e-15    0.379
    11750   117.50   -0.01388   1.2089   7.40e-15    0.379
    12000   120.00   -0.01409   1.2089   7.51e-15    0.379
    12250   122.50   -0.01347   1.2089   7.15e-15    0.379
    12500   125.00   -0.01344   1.2089   7.65e-15    0.379
    12750   127.50   -0.01400   1.2089   7.42e-15    0.379
    13000   130.00   -0.01388   1.2089   7.29e-15    0.379
    13250   132.50   -0.01342   1.2089   7.46e-15    0.379
    13500   135.00   -0.01364   1.2089   7.78e-15    0.379
    13750   137.50   -0.01400   1.2089   7.26e-15    0.379
    14000   140.00   -0.01371   1.2089   7.30e-15    0.378
    14250   142.50   -0.01347   1.2089   7.03e-15    0.378
    14500   145.00   -0.01378   1.2089   7.02e-15    0.378
    14750   147.50   -0.01392   1.2089   7.13e-15    0.378
    15000   150.00   -0.01360   1.2089   7.49e-15    0.378
    15250   152.50   -0.01356   1.2089   7.41e-15    0.378
    15500   155.00   -0.01385   1.2089   7.16e-15    0.378
    15750   157.50   -0.01381   1.2089   7.23e-15    0.378
    16000   160.00   -0.01357   1.2089   7.54e-15    0.378
    16250   162.50   -0.01366   1.2089   7.59e-15    0.378
    16500   165.00   -0.01386   1.2089   7.13e-15    0.378
    16750   167.50   -0.01372   1.2089   7.24e-15    0.378
    17000   170.00   -0.01358   1.2089   7.44e-15    0.378
    17250   172.50   -0.01374   1.2089   7.64e-15    0.378
    17500   175.00   -0.01382   1.2089   7.55e-15    0.378
    17750   177.50   -0.01366   1.2089   7.40e-15    0.378
    18000   180.00   -0.01363   1.2089   7.37e-15    0.378
    18250   182.50   -0.01378   1.2089   6.93e-15    0.378
    18500   185.00   -0.01377   1.2089   7.28e-15    0.378
    18750   187.50   -0.01364   1.2089   7.63e-15    0.378
    19000   190.00   -0.01368   1.2089   7.55e-15    0.378
    19250   192.50   -0.01379   1.2089   7.52e-15    0.378
    19500   195.00   -0.01373   1.2089   7.21e-15    0.378
    19750   197.50   -0.01365   1.2089   7.62e-15    0.378
    20000   200.00   -0.01372   1.2089   7.45e-15    0.378

  C_D +1.5561   C_L rms 0.0044   over t = 50.0 to 200.0
  saved results/fields/sqcyl_onset_Re48.npz, sqcyl_onset_Re48_mean.npz, sqcyl_onset_Re48_history.npy and sqcyl_onset_Re48_forces.npy
=== Re = 52  04:37:07 ===
  82,096 cells, dt = 0.01, Re = 52, tol = 1e-06, rhie_chow = True, nz = 4, backend = amgx
  probe at (1.958, 0.500), asked for (2.0, 0.5)
  symmetry-breaking pulse: v = 0.05 at the inlet until t = 4.0

     step        t    v_probe   max|u|    max div   s/step
  settling 5000 steps to the base flow before kicking

AMGX version 2.5.0
Built on Aug 30 2026, 11:25:55
Compiled with CUDA Runtime 13.1, using CUDA driver 13.0
  settle    500      5.0  -0.139716  2.561e-01    0.365
  settle   1000     10.0  -0.016605  1.224e-01    0.361
  settle   1500     15.0  -0.014105  2.475e-03    0.361
  settle   2000     20.0  -0.012651  1.452e-03    0.361
  settle   2500     25.0  -0.011555  1.093e-03    0.360
  settle   3000     30.0  -0.010935  6.182e-04    0.360
  settle   3500     35.0  -0.010570  3.636e-04    0.360
  settle   4000     40.0  -0.010400  1.700e-04    0.359
  settle   4500     45.0  -0.010274  1.255e-04    0.358
  settle   5000     50.0  -0.010182  9.179e-05    0.358
  base flow saved; v_probe = -0.010182
  SINUOUS wake kick at 0.5% of U

     5001    50.01   -0.00852   1.2098   1.25e-14    0.373
     5250    52.50   -0.00929   1.2097   7.25e-15    0.358
     5500    55.00   -0.01221   1.2090   7.35e-15    0.358
     5750    57.50   -0.01002   1.2091   7.03e-15    0.356
     6000    60.00   -0.00827   1.2089   7.37e-15    0.356
     6250    62.50   -0.01075   1.2089   7.50e-15    0.356
     6500    65.00   -0.01146   1.2089   7.27e-15    0.356
     6750    67.50   -0.00886   1.2088   7.60e-15    0.356
     7000    70.00   -0.00908   1.2088   7.18e-15    0.356
     7250    72.50   -0.01155   1.2087   7.04e-15    0.357
     7500    75.00   -0.01045   1.2088   7.27e-15    0.357
     7750    77.50   -0.00838   1.2087   7.42e-15    0.357
     8000    80.00   -0.01016   1.2088   6.67e-15    0.357
     8250    82.50   -0.01160   1.2087   7.42e-15    0.357
     8500    85.00   -0.00938   1.2087   7.35e-15    0.357
     8750    87.50   -0.00867   1.2087   7.18e-15    0.357
     9000    90.00   -0.01106   1.2087   7.50e-15    0.357
     9250    92.50   -0.01100   1.2087   7.45e-15    0.357
     9500    95.00   -0.00869   1.2087   7.24e-15    0.357
     9750    97.50   -0.00945   1.2087   7.21e-15    0.357
    10000   100.00   -0.01146   1.2086   7.35e-15    0.357
    10250   102.50   -0.01011   1.2087   7.56e-15    0.357
    10500   105.00   -0.00857   1.2087   7.18e-15    0.357
    10750   107.50   -0.01034   1.2087   7.43e-15    0.357
    11000   110.00   -0.01130   1.2087   7.42e-15    0.357
    11250   112.50   -0.00931   1.2087   7.22e-15    0.357
    11500   115.00   -0.00897   1.2087   8.04e-15    0.357
    11750   117.50   -0.01099   1.2087   7.62e-15    0.357
    12000   120.00   -0.01072   1.2087   7.91e-15    0.357
    12250   122.50   -0.00884   1.2086   6.93e-15    0.357
    12500   125.00   -0.00966   1.2087   7.44e-15    0.356
    12750   127.50   -0.01123   1.2086   7.11e-15    0.356
    13000   130.00   -0.00997   1.2087   7.39e-15    0.356
    13250   132.50   -0.00883   1.2087   7.61e-15    0.356
    13500   135.00   -0.01038   1.2087   7.03e-15    0.356
    13750   137.50   -0.01103   1.2087   7.19e-15    0.356
    14000   140.00   -0.00934   1.2087   7.24e-15    0.356
    14250   142.50   -0.00921   1.2087   7.50e-15    0.356
    14500   145.00   -0.01088   1.2087   7.13e-15    0.356
    14750   147.50   -0.01051   1.2087   7.61e-15    0.356
    15000   150.00   -0.00901   1.2086   7.14e-15    0.356
    15250   152.50   -0.00981   1.2087   7.20e-15    0.356
    15500   155.00   -0.01102   1.2086   7.91e-15    0.356
    15750   157.50   -0.00989   1.2087   7.07e-15    0.356
    16000   160.00   -0.00905   1.2087   7.41e-15    0.356
    16250   162.50   -0.01040   1.2087   7.35e-15    0.356
    16500   165.00   -0.01080   1.2087   7.31e-15    0.356
    16750   167.50   -0.00938   1.2087   7.43e-15    0.356
    17000   170.00   -0.00941   1.2087   7.67e-15    0.356
    17250   172.50   -0.01077   1.2086   7.37e-15    0.356
    17500   175.00   -0.01035   1.2087   7.12e-15    0.356
    17750   177.50   -0.00915   1.2086   8.23e-15    0.356
    18000   180.00   -0.00992   1.2087   7.05e-15    0.356
    18250   182.50   -0.01084   1.2086   7.00e-15    0.356
    18500   185.00   -0.00983   1.2087   7.36e-15    0.356
    18750   187.50   -0.00924   1.2087   7.00e-15    0.356
    19000   190.00   -0.01039   1.2087   7.46e-15    0.356
    19250   192.50   -0.01062   1.2087   7.45e-15    0.356
    19500   195.00   -0.00944   1.2086   7.29e-15    0.356
    19750   197.50   -0.00957   1.2087   7.16e-15    0.356
    20000   200.00   -0.01067   1.2086   7.48e-15    0.356

  C_D +1.5152   C_L rms 0.0044   over t = 50.0 to 200.0
  saved results/fields/sqcyl_onset_Re52.npz, sqcyl_onset_Re52_mean.npz, sqcyl_onset_Re52_history.npy and sqcyl_onset_Re52_forces.npy
=== near-onset sweep done 06:35:56 ===
