A. TGV Re=1600, 64^2 x 64 modes, dt=0.02, T=20.0, sgs=wale: E0=31.006277 (exact pi^3 = 31.006277), Z0=185.639709 (exact 6 pi^3 = 186.037660), eps_d0=0.116211 (exact 0.116274)
       t          E       nu*Z      eps_d     -dE/dt -dE/dt / nu Z -dE/dt / eps_d <nu_t>/nu     max   (964 ms/step)
     0.5  30.926371   0.118754   0.118962   0.165479        1.3935         1.3910     0.797    4.02
     1.0  30.838200   0.127993   0.128295   0.189830        1.4831         1.4796     0.891    3.27
     1.5  30.734588   0.145051   0.145634   0.226526        1.5617         1.5554     1.007    2.81
     2.0  30.609814   0.171596   0.172937   0.275082        1.6031         1.5906     1.108    3.25
     2.5  30.456772   0.209199   0.212225   0.340968        1.6299         1.6066     1.180    4.89
     3.0  30.263925   0.260274   0.266057   0.438604        1.6852         1.6485     1.222    6.90
     3.5  30.007254   0.332157   0.341409   0.605525        1.8230         1.7736     1.234    8.78
     4.0  29.634960   0.441750   0.457527   0.924544        2.0929         2.0207     1.226   10.64
     4.5  29.006314   0.572596   0.615571   1.714906        2.9950         2.7859     1.261   17.84
     5.0  27.981136   0.656790   0.730110   2.200109        3.3498         3.0134     1.377   27.88
     5.5  26.868431   0.729066   0.812041   2.229539        3.0581         2.7456     1.374   23.62
     6.0  25.743748   0.781819   0.871055   2.271925        2.9059         2.6082     1.279   19.63
     6.5  24.602434   0.829245   0.928126   2.294307        2.7667         2.4720     1.208   18.37
     7.0  23.434406   0.873244   0.987561   2.367740        2.7114         2.3976     1.198   18.33
     7.5  22.240219   0.919918   1.047303   2.464656        2.6792         2.3533     1.210   16.25
     8.0  20.942053   0.932886   1.074478   2.671637        2.8638         2.4865     1.238   20.64
     8.5  19.553484   0.913646   1.079596   2.946355        3.2248         2.7291     1.317   23.99
     9.0  18.147020   0.827124   0.980248   2.656570        3.2118         2.7101     1.336   25.02
     9.5  16.896349   0.737742   0.883391   2.260856        3.0646         2.5593     1.272   26.99
    10.0  15.873368   0.670581   0.805914   1.881695        2.8061         2.3349     1.199   15.78
    10.5  14.992455   0.601380   0.726495   1.654470        2.7511         2.2773     1.198   14.36
    11.0  14.209301   0.545416   0.663484   1.486270        2.7250         2.2401     1.242   12.84
    11.5  13.502861   0.508744   0.619800   1.348782        2.6512         2.1762     1.268   13.23
    12.0  12.858722   0.478409   0.583862   1.231101        2.5733         2.1085     1.244   12.10
    12.5  12.268025   0.453016   0.555122   1.131842        2.4985         2.0389     1.203   10.32
    13.0  11.722944   0.426569   0.528786   1.049968        2.4614         1.9856     1.159   10.14
    13.5  11.216904   0.400371   0.501474   0.976528        2.4391         1.9473     1.096   10.96
    14.0  10.743837   0.376702   0.474030   0.916917        2.4341         1.9343     1.051    9.82
    14.5  10.300347   0.354870   0.446499   0.854677        2.4084         1.9142     1.048    9.69
    15.0   9.890327   0.334623   0.420310   0.786697        2.3510         1.8717     1.047    8.83
    15.5   9.512320   0.316059   0.396867   0.728550        2.3051         1.8358     1.028    8.79
    16.0   9.160106   0.299199   0.375734   0.680959        2.2759         1.8123     0.994    8.72
    16.5   8.831453   0.283534   0.355616   0.633762        2.2352         1.7822     0.949    9.58
    17.0   8.525576   0.269165   0.336772   0.590875        2.1952         1.7545     0.907    9.16
    17.5   8.239458   0.255887   0.319435   0.554135        2.1655         1.7347     0.881    8.33
    18.0   7.970900   0.243214   0.303457   0.519941        2.1378         1.7134     0.871    8.00
    18.5   7.719476   0.231194   0.288934   0.486070        2.1024         1.6823     0.857    7.85
    19.0   7.484223   0.220129   0.275156   0.455030        2.0671         1.6537     0.834    7.65
    19.5   7.264545   0.210908   0.262160   0.423717        2.0090         1.6163     0.801    7.60
   peak nu*Z 0.94088 at t=8.3
