A. TGV Re=1600, 64^2 x 64 modes, dt=0.02, T=20.0: E0=31.006277 (exact pi^3 = 31.006277), Z0=185.639709 (exact 6 pi^3 = 186.037660), eps_d0=0.116211 (exact 0.116274)
       t          E       nu*Z      eps_d     -dE/dt -dE/dt / nu Z -dE/dt / eps_d   (731 ms/step)
     0.5  30.947419   0.118839   0.119047   0.119686        1.0071         1.0054
     1.0  30.885537   0.128229   0.128532   0.129158        1.0072         1.0049
     1.5  30.816944   0.145594   0.146182   0.146880        1.0088         1.0048
     2.0  30.736995   0.172741   0.174109   0.174990        1.0130         1.0051
     2.5  30.639917   0.211520   0.214652   0.215861        1.0205         1.0056
     3.0  30.518552   0.265052   0.271131   0.273089        1.0303         1.0072
     3.5  30.362599   0.343846   0.353832   0.357751        1.0404         1.0111
     4.0  30.150272   0.479628   0.500794   0.511073        1.0656         1.0205
     4.5  29.819121   0.698604   0.798736   0.875119        1.2527         1.0956
     5.0  29.248146   0.905549   1.155433   1.352725        1.4938         1.1708
     5.5  28.509746   1.104468   1.448666   1.571476        1.4228         1.0848
     6.0  27.643214   1.349811   1.800450   1.928511        1.4287         1.0711
     6.5  26.608342   1.528486   2.048131   2.196436        1.4370         1.0724
     7.0  25.460734   1.593104   2.226996   2.377806        1.4926         1.0677
     7.5  24.212185   1.728249   2.456539   2.638946        1.5269         1.0743
     8.0  22.810630   1.834238   2.673268   2.980460        1.6249         1.1149
     8.5  21.230925   1.803377   2.884036   3.214477        1.7825         1.1146
     9.0  19.648966   1.825662   2.869667   3.133518        1.7164         1.0919
     9.5  18.131794   1.738148   2.763420   2.942881        1.6931         1.0649
    10.0  16.707179   1.597089   2.570645   2.754482        1.7247         1.0715
    10.5  15.390796   1.447940   2.352427   2.488640        1.7187         1.0579
    11.0  14.213729   1.319425   2.129125   2.225796        1.6869         1.0454
    11.5  13.161220   1.190342   1.907824   1.987781        1.6699         1.0419
    12.0  12.229047   1.050898   1.682506   1.742877        1.6585         1.0359
    12.5  11.410762   0.933986   1.491915   1.535716        1.6443         1.0294
    13.0  10.690427   0.813855   1.309199   1.345563        1.6533         1.0278
    13.5  10.061556   0.715960   1.146030   1.176957        1.6439         1.0270
    14.0   9.508487   0.644301   1.015255   1.039185        1.6129         1.0236
    14.5   9.018752   0.585180   0.905289   0.923665        1.5784         1.0203
    15.0   8.582477   0.529340   0.809711   0.824965        1.5585         1.0188
    15.5   8.190722   0.479083   0.730886   0.743462        1.5518         1.0172
    16.0   7.838491   0.433222   0.656738   0.666888        1.5394         1.0155
    16.5   7.521816   0.392843   0.592588   0.601744        1.5318         1.0155
    17.0   7.235448   0.359071   0.537088   0.544943        1.5176         1.0146
    17.5   6.975737   0.330280   0.489058   0.495390        1.4999         1.0129
    18.0   6.738799   0.306550   0.448214   0.453440        1.4792         1.0117
    18.5   6.521394   0.285155   0.412731   0.417286        1.4634         1.0110
    19.0   6.320692   0.265166   0.382259   0.386301        1.4568         1.0106
    19.5   6.134339   0.247723   0.356562   0.360154        1.4539         1.0101
   peak nu*Z 1.83866 at t=8.1
