device cuda, 8 envs, task gust, obs probe, 40000 steps
Using cuda device
/usr/local/lib/python3.12/dist-packages/stable_baselines3/common/on_policy_algorithm.py:150: UserWarning: You are trying to run PPO on the GPU, but it is primarily intended to run on the CPU when not using a CNN policy (you are using ActorCriticPolicy which should be a MlpPolicy). See https://github.com/DLR-RM/stable-baselines3/issues/1245 for more info. You can pass `device='cpu'` or `export CUDA_VISIBLE_DEVICES=` to force using the CPU.Note: The model will train, but the GPU utilization will be poor and the training might take longer than on CPU.
  warnings.warn(
Logging to /work/rl_logs/naca40_gust_probe_std022/tb/PPO_1
---------------------------------
| rollout/           |          |
|    ep_len_mean     | 200      |
|    ep_rew_mean     | -87.5    |
| time/              |          |
|    fps             | 2        |
|    iterations      | 1        |
|    time_elapsed    | 574      |
|    total_timesteps | 1600     |
---------------------------------
-----------------------------------------
| rollout/                |             |
|    ep_len_mean          | 200         |
|    ep_rew_mean          | -88.4       |
| time/                   |             |
|    fps                  | 2           |
|    iterations           | 2           |
|    time_elapsed         | 1098        |
|    total_timesteps      | 3200        |
| train/                  |             |
|    approx_kl            | 0.003851953 |
|    clip_fraction        | 0.0326      |
|    clip_range           | 0.2         |
|    entropy_loss         | 0.245       |
|    explained_variance   | 0.0138      |
|    learning_rate        | 0.0003      |
|    loss                 | 28.4        |
|    n_updates            | 10          |
|    policy_gradient_loss | -0.00291    |
|    std                  | 0.223       |
|    value_loss           | 66.5        |
-----------------------------------------
-----------------------------------------
| rollout/                |             |
|    ep_len_mean          | 200         |
|    ep_rew_mean          | -87.7       |
| time/                   |             |
|    fps                  | 3           |
|    iterations           | 3           |
|    time_elapsed         | 1593        |
|    total_timesteps      | 4800        |
| train/                  |             |
|    approx_kl            | 0.003395659 |
|    clip_fraction        | 0.0211      |
|    clip_range           | 0.2         |
|    entropy_loss         | 0.248       |
|    explained_variance   | 0.0604      |
|    learning_rate        | 0.0003      |
|    loss                 | 33.3        |
|    n_updates            | 20          |
|    policy_gradient_loss | -0.00205    |
|    std                  | 0.223       |
|    value_loss           | 65.9        |
-----------------------------------------
------------------------------------------
| rollout/                |              |
|    ep_len_mean          | 200          |
|    ep_rew_mean          | -87.7        |
| time/                   |              |
|    fps                  | 3            |
|    iterations           | 4            |
|    time_elapsed         | 2085         |
|    total_timesteps      | 6400         |
| train/                  |              |
|    approx_kl            | 0.0020398926 |
|    clip_fraction        | 0.000375     |
|    clip_range           | 0.2          |
|    entropy_loss         | 0.244        |
|    explained_variance   | 0.0984       |
|    learning_rate        | 0.0003       |
|    loss                 | 25.7         |
|    n_updates            | 30           |
|    policy_gradient_loss | -0.000169    |
|    std                  | 0.223        |
|    value_loss           | 57.5         |
------------------------------------------
------------------------------------------
| rollout/                |              |
|    ep_len_mean          | 200          |
|    ep_rew_mean          | -87.2        |
| time/                   |              |
|    fps                  | 3            |
|    iterations           | 5            |
|    time_elapsed         | 2575         |
|    total_timesteps      | 8000         |
| train/                  |              |
|    approx_kl            | 0.0041879546 |
|    clip_fraction        | 0.0447       |
|    clip_range           | 0.2          |
|    entropy_loss         | 0.249        |
|    explained_variance   | 0.119        |
|    learning_rate        | 0.0003       |
|    loss                 | 23.9         |
|    n_updates            | 40           |
|    policy_gradient_loss | -0.00395     |
|    std                  | 0.222        |
|    value_loss           | 57.4         |
------------------------------------------
------------------------------------------
| rollout/                |              |
|    ep_len_mean          | 200          |
|    ep_rew_mean          | -87.2        |
| time/                   |              |
|    fps                  | 3            |
|    iterations           | 6            |
|    time_elapsed         | 3064         |
|    total_timesteps      | 9600         |
| train/                  |              |
|    approx_kl            | 0.0036667306 |
|    clip_fraction        | 0.0147       |
|    clip_range           | 0.2          |
|    entropy_loss         | 0.253        |
|    explained_variance   | 0.13         |
|    learning_rate        | 0.0003       |
|    loss                 | 25.9         |
|    n_updates            | 50           |
|    policy_gradient_loss | -0.00122     |
|    std                  | 0.223        |
|    value_loss           | 51.1         |
------------------------------------------
------------------------------------------
| rollout/                |              |
|    ep_len_mean          | 200          |
|    ep_rew_mean          | -87.4        |
| time/                   |              |
|    fps                  | 3            |
|    iterations           | 7            |
|    time_elapsed         | 3555         |
|    total_timesteps      | 11200        |
| train/                  |              |
|    approx_kl            | 0.0030780807 |
|    clip_fraction        | 0.0139       |
|    clip_range           | 0.2          |
|    entropy_loss         | 0.249        |
|    explained_variance   | 0.124        |
|    learning_rate        | 0.0003       |
|    loss                 | 25.7         |
|    n_updates            | 60           |
|    policy_gradient_loss | -0.00138     |
|    std                  | 0.223        |
|    value_loss           | 52.3         |
------------------------------------------
------------------------------------------
| rollout/                |              |
|    ep_len_mean          | 200          |
|    ep_rew_mean          | -86.9        |
| time/                   |              |
|    fps                  | 3            |
|    iterations           | 8            |
|    time_elapsed         | 4044         |
|    total_timesteps      | 12800        |
| train/                  |              |
|    approx_kl            | 0.0044562225 |
|    clip_fraction        | 0.0276       |
|    clip_range           | 0.2          |
|    entropy_loss         | 0.252        |
|    explained_variance   | 0.112        |
|    learning_rate        | 0.0003       |
|    loss                 | 22.5         |
|    n_updates            | 70           |
|    policy_gradient_loss | -0.00329     |
|    std                  | 0.222        |
|    value_loss           | 50.7         |
------------------------------------------
------------------------------------------
| rollout/                |              |
|    ep_len_mean          | 200          |
|    ep_rew_mean          | -86.6        |
| time/                   |              |
|    fps                  | 3            |
|    iterations           | 9            |
|    time_elapsed         | 4535         |
|    total_timesteps      | 14400        |
| train/                  |              |
|    approx_kl            | 0.0042902716 |
|    clip_fraction        | 0.0255       |
|    clip_range           | 0.2          |
|    entropy_loss         | 0.261        |
|    explained_variance   | 0.101        |
|    learning_rate        | 0.0003       |
|    loss                 | 19.2         |
|    n_updates            | 80           |
|    policy_gradient_loss | -0.00336     |
|    std                  | 0.221        |
|    value_loss           | 45.5         |
------------------------------------------
-----------------------------------------
| rollout/                |             |
|    ep_len_mean          | 200         |
|    ep_rew_mean          | -86.2       |
| time/                   |             |
|    fps                  | 3           |
|    iterations           | 10          |
|    time_elapsed         | 5025        |
|    total_timesteps      | 16000       |
| train/                  |             |
|    approx_kl            | 0.004084221 |
|    clip_fraction        | 0.0341      |
|    clip_range           | 0.2         |
|    entropy_loss         | 0.275       |
|    explained_variance   | 0.0855      |
|    learning_rate        | 0.0003      |
|    loss                 | 19.6        |
|    n_updates            | 90          |
|    policy_gradient_loss | -0.00367    |
|    std                  | 0.221       |
|    value_loss           | 47.9        |
-----------------------------------------
----------------------------------------
| rollout/                |            |
|    ep_len_mean          | 200        |
|    ep_rew_mean          | -86        |
| time/                   |            |
|    fps                  | 3          |
|    iterations           | 11         |
|    time_elapsed         | 5513       |
|    total_timesteps      | 17600      |
| train/                  |            |
|    approx_kl            | 0.00699554 |
|    clip_fraction        | 0.0596     |
|    clip_range           | 0.2        |
|    entropy_loss         | 0.277      |
|    explained_variance   | 0.0757     |
|    learning_rate        | 0.0003     |
|    loss                 | 21.2       |
|    n_updates            | 100        |
|    policy_gradient_loss | -0.005     |
|    std                  | 0.221      |
|    value_loss           | 46.2       |
----------------------------------------
------------------------------------------
| rollout/                |              |
|    ep_len_mean          | 200          |
|    ep_rew_mean          | -86.1        |
| time/                   |              |
|    fps                  | 3            |
|    iterations           | 12           |
|    time_elapsed         | 6004         |
|    total_timesteps      | 19200        |
| train/                  |              |
|    approx_kl            | 0.0045632087 |
|    clip_fraction        | 0.0357       |
|    clip_range           | 0.2          |
|    entropy_loss         | 0.277        |
|    explained_variance   | 0.0664       |
|    learning_rate        | 0.0003       |
|    loss                 | 21.2         |
|    n_updates            | 110          |
|    policy_gradient_loss | -0.00293     |
|    std                  | 0.221        |
|    value_loss           | 45.4         |
------------------------------------------
-----------------------------------------
| rollout/                |             |
|    ep_len_mean          | 200         |
|    ep_rew_mean          | -86.1       |
| time/                   |             |
|    fps                  | 3           |
|    iterations           | 13          |
|    time_elapsed         | 6495        |
|    total_timesteps      | 20800       |
| train/                  |             |
|    approx_kl            | 0.004979593 |
|    clip_fraction        | 0.0362      |
|    clip_range           | 0.2         |
|    entropy_loss         | 0.278       |
|    explained_variance   | 0.0555      |
|    learning_rate        | 0.0003      |
|    loss                 | 28.2        |
|    n_updates            | 120         |
|    policy_gradient_loss | -0.00398    |
|    std                  | 0.221       |
|    value_loss           | 53.8        |
-----------------------------------------
------------------------------------------
| rollout/                |              |
|    ep_len_mean          | 200          |
|    ep_rew_mean          | -85.8        |
| time/                   |              |
|    fps                  | 3            |
|    iterations           | 14           |
|    time_elapsed         | 6984         |
|    total_timesteps      | 22400        |
| train/                  |              |
|    approx_kl            | 0.0029331986 |
|    clip_fraction        | 0.0179       |
|    clip_range           | 0.2          |
|    entropy_loss         | 0.278        |
|    explained_variance   | 0.0516       |
|    learning_rate        | 0.0003       |
|    loss                 | 26.1         |
|    n_updates            | 130          |
|    policy_gradient_loss | -0.00217     |
|    std                  | 0.221        |
|    value_loss           | 49           |
------------------------------------------
------------------------------------------
| rollout/                |              |
|    ep_len_mean          | 200          |
|    ep_rew_mean          | -85.5        |
| time/                   |              |
|    fps                  | 3            |
|    iterations           | 15           |
|    time_elapsed         | 7472         |
|    total_timesteps      | 24000        |
| train/                  |              |
|    approx_kl            | 0.0036480338 |
|    clip_fraction        | 0.0269       |
|    clip_range           | 0.2          |
|    entropy_loss         | 0.285        |
|    explained_variance   | 0.0471       |
|    learning_rate        | 0.0003       |
|    loss                 | 24.2         |
|    n_updates            | 140          |
|    policy_gradient_loss | -0.00337     |
|    std                  | 0.219        |
|    value_loss           | 49.8         |
------------------------------------------
-----------------------------------------
| rollout/                |             |
|    ep_len_mean          | 200         |
|    ep_rew_mean          | -85.1       |
| time/                   |             |
|    fps                  | 3           |
|    iterations           | 16          |
|    time_elapsed         | 7964        |
|    total_timesteps      | 25600       |
| train/                  |             |
|    approx_kl            | 0.005597204 |
|    clip_fraction        | 0.0319      |
|    clip_range           | 0.2         |
|    entropy_loss         | 0.285       |
|    explained_variance   | 0.0452      |
|    learning_rate        | 0.0003      |
|    loss                 | 22.8        |
|    n_updates            | 150         |
|    policy_gradient_loss | -0.00299    |
|    std                  | 0.221       |
|    value_loss           | 46.1        |
-----------------------------------------
------------------------------------------
| rollout/                |              |
|    ep_len_mean          | 200          |
|    ep_rew_mean          | -84.7        |
| time/                   |              |
|    fps                  | 3            |
|    iterations           | 17           |
|    time_elapsed         | 8456         |
|    total_timesteps      | 27200        |
| train/                  |              |
|    approx_kl            | 0.0032560898 |
|    clip_fraction        | 0.0451       |
|    clip_range           | 0.2          |
|    entropy_loss         | 0.266        |
|    explained_variance   | 0.0435       |
|    learning_rate        | 0.0003       |
|    loss                 | 21.7         |
|    n_updates            | 160          |
|    policy_gradient_loss | -0.00437     |
|    std                  | 0.222        |
|    value_loss           | 46.7         |
------------------------------------------
-----------------------------------------
| rollout/                |             |
|    ep_len_mean          | 200         |
|    ep_rew_mean          | -84.3       |
| time/                   |             |
|    fps                  | 3           |
|    iterations           | 18          |
|    time_elapsed         | 8946        |
|    total_timesteps      | 28800       |
| train/                  |             |
|    approx_kl            | 0.004118538 |
|    clip_fraction        | 0.0156      |
|    clip_range           | 0.2         |
|    entropy_loss         | 0.259       |
|    explained_variance   | 0.0456      |
|    learning_rate        | 0.0003      |
|    loss                 | 21          |
|    n_updates            | 170         |
|    policy_gradient_loss | -0.00125    |
|    std                  | 0.223       |
|    value_loss           | 43.8        |
-----------------------------------------
------------------------------------------
| rollout/                |              |
|    ep_len_mean          | 200          |
|    ep_rew_mean          | -83.8        |
| time/                   |              |
|    fps                  | 3            |
|    iterations           | 19           |
|    time_elapsed         | 9435         |
|    total_timesteps      | 30400        |
| train/                  |              |
|    approx_kl            | 0.0040357495 |
|    clip_fraction        | 0.0515       |
|    clip_range           | 0.2          |
|    entropy_loss         | 0.246        |
|    explained_variance   | 0.0492       |
|    learning_rate        | 0.0003       |
|    loss                 | 21           |
|    n_updates            | 180          |
|    policy_gradient_loss | -0.00505     |
|    std                  | 0.223        |
|    value_loss           | 45.2         |
------------------------------------------
------------------------------------------
| rollout/                |              |
|    ep_len_mean          | 200          |
|    ep_rew_mean          | -83.3        |
| time/                   |              |
|    fps                  | 3            |
|    iterations           | 20           |
|    time_elapsed         | 9926         |
|    total_timesteps      | 32000        |
| train/                  |              |
|    approx_kl            | 0.0032554632 |
|    clip_fraction        | 0.0134       |
|    clip_range           | 0.2          |
|    entropy_loss         | 0.253        |
|    explained_variance   | 0.0566       |
|    learning_rate        | 0.0003       |
|    loss                 | 21.7         |
|    n_updates            | 190          |
|    policy_gradient_loss | -0.00259     |
|    std                  | 0.222        |
|    value_loss           | 42.8         |
------------------------------------------
------------------------------------------
| rollout/                |              |
|    ep_len_mean          | 200          |
|    ep_rew_mean          | -83.1        |
| time/                   |              |
|    fps                  | 3            |
|    iterations           | 21           |
|    time_elapsed         | 10417        |
|    total_timesteps      | 33600        |
| train/                  |              |
|    approx_kl            | 0.0039283726 |
|    clip_fraction        | 0.0224       |
|    clip_range           | 0.2          |
|    entropy_loss         | 0.271        |
|    explained_variance   | 0.0727       |
|    learning_rate        | 0.0003       |
|    loss                 | 17.1         |
|    n_updates            | 200          |
|    policy_gradient_loss | -0.00237     |
|    std                  | 0.221        |
|    value_loss           | 42.8         |
------------------------------------------
------------------------------------------
| rollout/                |              |
|    ep_len_mean          | 200          |
|    ep_rew_mean          | -82.8        |
| time/                   |              |
|    fps                  | 3            |
|    iterations           | 22           |
|    time_elapsed         | 10908        |
|    total_timesteps      | 35200        |
| train/                  |              |
|    approx_kl            | 0.0042231837 |
|    clip_fraction        | 0.0178       |
|    clip_range           | 0.2          |
|    entropy_loss         | 0.27         |
|    explained_variance   | 0.0961       |
|    learning_rate        | 0.0003       |
|    loss                 | 22.1         |
|    n_updates            | 210          |
|    policy_gradient_loss | -0.00228     |
|    std                  | 0.222        |
|    value_loss           | 47.2         |
------------------------------------------
-----------------------------------------
| rollout/                |             |
|    ep_len_mean          | 200         |
|    ep_rew_mean          | -82.9       |
| time/                   |             |
|    fps                  | 3           |
|    iterations           | 23          |
|    time_elapsed         | 11397       |
|    total_timesteps      | 36800       |
| train/                  |             |
|    approx_kl            | 0.003820674 |
|    clip_fraction        | 0.0348      |
|    clip_range           | 0.2         |
|    entropy_loss         | 0.267       |
|    explained_variance   | 0.128       |
|    learning_rate        | 0.0003      |
|    loss                 | 25.1        |
|    n_updates            | 220         |
|    policy_gradient_loss | -0.00332    |
|    std                  | 0.221       |
|    value_loss           | 45.6        |
-----------------------------------------
------------------------------------------
| rollout/                |              |
|    ep_len_mean          | 200          |
|    ep_rew_mean          | -82.4        |
| time/                   |              |
|    fps                  | 3            |
|    iterations           | 24           |
|    time_elapsed         | 11889        |
|    total_timesteps      | 38400        |
| train/                  |              |
|    approx_kl            | 0.0023469147 |
|    clip_fraction        | 0.00719      |
|    clip_range           | 0.2          |
|    entropy_loss         | 0.277        |
|    explained_variance   | 0.16         |
|    learning_rate        | 0.0003       |
|    loss                 | 20.1         |
|    n_updates            | 230          |
|    policy_gradient_loss | -0.0013      |
|    std                  | 0.22         |
|    value_loss           | 44.9         |
------------------------------------------
-----------------------------------------
| rollout/                |             |
|    ep_len_mean          | 200         |
|    ep_rew_mean          | -82         |
| time/                   |             |
|    fps                  | 3           |
|    iterations           | 25          |
|    time_elapsed         | 12379       |
|    total_timesteps      | 40000       |
| train/                  |             |
|    approx_kl            | 0.006965815 |
|    clip_fraction        | 0.0772      |
|    clip_range           | 0.2         |
|    entropy_loss         | 0.29        |
|    explained_variance   | 0.19        |
|    learning_rate        | 0.0003      |
|    loss                 | 23.4        |
|    n_updates            | 240         |
|    policy_gradient_loss | -0.00593    |
|    std                  | 0.22        |
|    value_loss           | 45.7        |
-----------------------------------------
done in 3.44 h
