device cuda, 8 envs, task gust, obs probe, 80000 steps
/usr/local/lib/python3.12/dist-packages/stable_baselines3/common/on_policy_algorithm.py:150: UserWarning: You are trying to run PPO on the GPU, but it is primarily intended to run on the CPU when not using a CNN policy (you are using ActorCriticPolicy which should be a MlpPolicy). See https://github.com/DLR-RM/stable-baselines3/issues/1245 for more info. You can pass `device='cpu'` or `export CUDA_VISIBLE_DEVICES=` to force using the CPU.Note: The model will train, but the GPU utilization will be poor and the training might take longer than on CPU.
  warnings.warn(
Logging to /work/rl_logs/naca40_gust_probe_std022/tb/PPO_3
---------------------------------
| rollout/           |          |
|    ep_len_mean     | 200      |
|    ep_rew_mean     | -60.6    |
| time/              |          |
|    fps             | 1        |
|    iterations      | 1        |
|    time_elapsed    | 814      |
|    total_timesteps | 1600     |
---------------------------------
------------------------------------------
| rollout/                |              |
|    ep_len_mean          | 200          |
|    ep_rew_mean          | -60.8        |
| time/                   |              |
|    fps                  | 1            |
|    iterations           | 2            |
|    time_elapsed         | 1915         |
|    total_timesteps      | 3200         |
| train/                  |              |
|    approx_kl            | 0.0028834122 |
|    clip_fraction        | 0.0389       |
|    clip_range           | 0.2          |
|    entropy_loss         | 0.561        |
|    explained_variance   | 0.622        |
|    learning_rate        | 0.0003       |
|    loss                 | 9.67         |
|    n_updates            | 760          |
|    policy_gradient_loss | 0.000762     |
|    std                  | 0.2          |
|    value_loss           | 20.4         |
------------------------------------------
------------------------------------------
| rollout/                |              |
|    ep_len_mean          | 200          |
|    ep_rew_mean          | -60.4        |
| time/                   |              |
|    fps                  | 1            |
|    iterations           | 3            |
|    time_elapsed         | 3154         |
|    total_timesteps      | 4800         |
| train/                  |              |
|    approx_kl            | 0.0048627667 |
|    clip_fraction        | 0.0831       |
|    clip_range           | 0.2          |
|    entropy_loss         | 0.578        |
|    explained_variance   | 0.632        |
|    learning_rate        | 0.0003       |
|    loss                 | 10.1         |
|    n_updates            | 770          |
|    policy_gradient_loss | -0.000451    |
|    std                  | 0.2          |
|    value_loss           | 19.4         |
------------------------------------------
------------------------------------------
| rollout/                |              |
|    ep_len_mean          | 200          |
|    ep_rew_mean          | -60          |
| time/                   |              |
|    fps                  | 1            |
|    iterations           | 4            |
|    time_elapsed         | 3671         |
|    total_timesteps      | 6400         |
| train/                  |              |
|    approx_kl            | 0.0053445757 |
|    clip_fraction        | 0.0646       |
|    clip_range           | 0.2          |
|    entropy_loss         | 0.584        |
|    explained_variance   | 0.609        |
|    learning_rate        | 0.0003       |
|    loss                 | 9.46         |
|    n_updates            | 780          |
|    policy_gradient_loss | -0.00201     |
|    std                  | 0.199        |
|    value_loss           | 20.2         |
------------------------------------------
----------------------------------------
| rollout/                |            |
|    ep_len_mean          | 200        |
|    ep_rew_mean          | -59.5      |
| time/                   |            |
|    fps                  | 1          |
|    iterations           | 5          |
|    time_elapsed         | 4331       |
|    total_timesteps      | 8000       |
| train/                  |            |
|    approx_kl            | 0.00789314 |
|    clip_fraction        | 0.0336     |
|    clip_range           | 0.2        |
|    entropy_loss         | 0.598      |
|    explained_variance   | 0.616      |
|    learning_rate        | 0.0003     |
|    loss                 | 9.88       |
|    n_updates            | 790        |
|    policy_gradient_loss | -0.00117   |
|    std                  | 0.198      |
|    value_loss           | 19         |
----------------------------------------
-----------------------------------------
| rollout/                |             |
|    ep_len_mean          | 200         |
|    ep_rew_mean          | -59.6       |
| time/                   |             |
|    fps                  | 1           |
|    iterations           | 6           |
|    time_elapsed         | 5375        |
|    total_timesteps      | 9600        |
| train/                  |             |
|    approx_kl            | 0.005969393 |
|    clip_fraction        | 0.152       |
|    clip_range           | 0.2         |
|    entropy_loss         | 0.61        |
|    explained_variance   | 0.61        |
|    learning_rate        | 0.0003      |
|    loss                 | 11          |
|    n_updates            | 800         |
|    policy_gradient_loss | 0.00335     |
|    std                  | 0.198       |
|    value_loss           | 18.6        |
-----------------------------------------
------------------------------------------
| rollout/                |              |
|    ep_len_mean          | 200          |
|    ep_rew_mean          | -59.8        |
| time/                   |              |
|    fps                  | 1            |
|    iterations           | 7            |
|    time_elapsed         | 6503         |
|    total_timesteps      | 11200        |
| train/                  |              |
|    approx_kl            | 0.0060939044 |
|    clip_fraction        | 0.0747       |
|    clip_range           | 0.2          |
|    entropy_loss         | 0.611        |
|    explained_variance   | 0.594        |
|    learning_rate        | 0.0003       |
|    loss                 | 8.92         |
|    n_updates            | 810          |
|    policy_gradient_loss | -0.00123     |
|    std                  | 0.197        |
|    value_loss           | 18.7         |
------------------------------------------
-----------------------------------------
| rollout/                |             |
|    ep_len_mean          | 200         |
|    ep_rew_mean          | -59.6       |
| time/                   |             |
|    fps                  | 1           |
|    iterations           | 8           |
|    time_elapsed         | 7099        |
|    total_timesteps      | 12800       |
| train/                  |             |
|    approx_kl            | 0.003625067 |
|    clip_fraction        | 0.0526      |
|    clip_range           | 0.2         |
|    entropy_loss         | 0.615       |
|    explained_variance   | 0.612       |
|    learning_rate        | 0.0003      |
|    loss                 | 8.38        |
|    n_updates            | 820         |
|    policy_gradient_loss | -0.00372    |
|    std                  | 0.197       |
|    value_loss           | 17.7        |
-----------------------------------------
-----------------------------------------
| rollout/                |             |
|    ep_len_mean          | 200         |
|    ep_rew_mean          | -59.3       |
| time/                   |             |
|    fps                  | 1           |
|    iterations           | 9           |
|    time_elapsed         | 7610        |
|    total_timesteps      | 14400       |
| train/                  |             |
|    approx_kl            | 0.013876524 |
|    clip_fraction        | 0.0826      |
|    clip_range           | 0.2         |
|    entropy_loss         | 0.623       |
|    explained_variance   | 0.608       |
|    learning_rate        | 0.0003      |
|    loss                 | 9.87        |
|    n_updates            | 830         |
|    policy_gradient_loss | -0.00142    |
|    std                  | 0.196       |
|    value_loss           | 18.1        |
-----------------------------------------
------------------------------------------
| rollout/                |              |
|    ep_len_mean          | 200          |
|    ep_rew_mean          | -59          |
| time/                   |              |
|    fps                  | 1            |
|    iterations           | 10           |
|    time_elapsed         | 8113         |
|    total_timesteps      | 16000        |
| train/                  |              |
|    approx_kl            | 0.0051042107 |
|    clip_fraction        | 0.0897       |
|    clip_range           | 0.2          |
|    entropy_loss         | 0.631        |
|    explained_variance   | 0.61         |
|    learning_rate        | 0.0003       |
|    loss                 | 8.4          |
|    n_updates            | 840          |
|    policy_gradient_loss | -0.00454     |
|    std                  | 0.196        |
|    value_loss           | 18           |
------------------------------------------
-----------------------------------------
| rollout/                |             |
|    ep_len_mean          | 200         |
|    ep_rew_mean          | -58.6       |
| time/                   |             |
|    fps                  | 2           |
|    iterations           | 11          |
|    time_elapsed         | 8616        |
|    total_timesteps      | 17600       |
| train/                  |             |
|    approx_kl            | 0.013784441 |
|    clip_fraction        | 0.121       |
|    clip_range           | 0.2         |
|    entropy_loss         | 0.632       |
|    explained_variance   | 0.616       |
|    learning_rate        | 0.0003      |
|    loss                 | 8.06        |
|    n_updates            | 850         |
|    policy_gradient_loss | -0.000183   |
|    std                  | 0.196       |
|    value_loss           | 17          |
-----------------------------------------
-----------------------------------------
| rollout/                |             |
|    ep_len_mean          | 200         |
|    ep_rew_mean          | -58.4       |
| time/                   |             |
|    fps                  | 2           |
|    iterations           | 12          |
|    time_elapsed         | 9117        |
|    total_timesteps      | 19200       |
| train/                  |             |
|    approx_kl            | 0.006693596 |
|    clip_fraction        | 0.0518      |
|    clip_range           | 0.2         |
|    entropy_loss         | 0.632       |
|    explained_variance   | 0.576       |
|    learning_rate        | 0.0003      |
|    loss                 | 7.9         |
|    n_updates            | 860         |
|    policy_gradient_loss | -0.00205    |
|    std                  | 0.196       |
|    value_loss           | 16.3        |
-----------------------------------------
----------------------------------------
| rollout/                |            |
|    ep_len_mean          | 200        |
|    ep_rew_mean          | -58.4      |
| time/                   |            |
|    fps                  | 2          |
|    iterations           | 13         |
|    time_elapsed         | 9620       |
|    total_timesteps      | 20800      |
| train/                  |            |
|    approx_kl            | 0.01027046 |
|    clip_fraction        | 0.0649     |
|    clip_range           | 0.2        |
|    entropy_loss         | 0.636      |
|    explained_variance   | 0.576      |
|    learning_rate        | 0.0003     |
|    loss                 | 8.11       |
|    n_updates            | 870        |
|    policy_gradient_loss | -0.000171  |
|    std                  | 0.196      |
|    value_loss           | 16.3       |
----------------------------------------
-----------------------------------------
| rollout/                |             |
|    ep_len_mean          | 200         |
|    ep_rew_mean          | -57.9       |
| time/                   |             |
|    fps                  | 2           |
|    iterations           | 14          |
|    time_elapsed         | 10122       |
|    total_timesteps      | 22400       |
| train/                  |             |
|    approx_kl            | 0.007612312 |
|    clip_fraction        | 0.0392      |
|    clip_range           | 0.2         |
|    entropy_loss         | 0.648       |
|    explained_variance   | 0.583       |
|    learning_rate        | 0.0003      |
|    loss                 | 8.4         |
|    n_updates            | 880         |
|    policy_gradient_loss | -0.00223    |
|    std                  | 0.195       |
|    value_loss           | 16.6        |
-----------------------------------------
------------------------------------------
| rollout/                |              |
|    ep_len_mean          | 200          |
|    ep_rew_mean          | -57.5        |
| time/                   |              |
|    fps                  | 2            |
|    iterations           | 15           |
|    time_elapsed         | 10624        |
|    total_timesteps      | 24000        |
| train/                  |              |
|    approx_kl            | 0.0080783265 |
|    clip_fraction        | 0.0717       |
|    clip_range           | 0.2          |
|    entropy_loss         | 0.664        |
|    explained_variance   | 0.599        |
|    learning_rate        | 0.0003       |
|    loss                 | 7.38         |
|    n_updates            | 890          |
|    policy_gradient_loss | -0.00331     |
|    std                  | 0.193        |
|    value_loss           | 15.7         |
------------------------------------------
-----------------------------------------
| rollout/                |             |
|    ep_len_mean          | 200         |
|    ep_rew_mean          | -57.1       |
| time/                   |             |
|    fps                  | 2           |
|    iterations           | 16          |
|    time_elapsed         | 11132       |
|    total_timesteps      | 25600       |
| train/                  |             |
|    approx_kl            | 0.005818263 |
|    clip_fraction        | 0.11        |
|    clip_range           | 0.2         |
|    entropy_loss         | 0.677       |
|    explained_variance   | 0.595       |
|    learning_rate        | 0.0003      |
|    loss                 | 7.9         |
|    n_updates            | 900         |
|    policy_gradient_loss | -0.00227    |
|    std                  | 0.194       |
|    value_loss           | 15.3        |
-----------------------------------------
-----------------------------------------
| rollout/                |             |
|    ep_len_mean          | 200         |
|    ep_rew_mean          | -56.9       |
| time/                   |             |
|    fps                  | 2           |
|    iterations           | 17          |
|    time_elapsed         | 11635       |
|    total_timesteps      | 27200       |
| train/                  |             |
|    approx_kl            | 0.009037864 |
|    clip_fraction        | 0.0464      |
|    clip_range           | 0.2         |
|    entropy_loss         | 0.672       |
|    explained_variance   | 0.601       |
|    learning_rate        | 0.0003      |
|    loss                 | 6.73        |
|    n_updates            | 910         |
|    policy_gradient_loss | 0.000441    |
|    std                  | 0.193       |
|    value_loss           | 15.4        |
-----------------------------------------
-----------------------------------------
| rollout/                |             |
|    ep_len_mean          | 200         |
|    ep_rew_mean          | -56.5       |
| time/                   |             |
|    fps                  | 2           |
|    iterations           | 18          |
|    time_elapsed         | 12150       |
|    total_timesteps      | 28800       |
| train/                  |             |
|    approx_kl            | 0.006579629 |
|    clip_fraction        | 0.0476      |
|    clip_range           | 0.2         |
|    entropy_loss         | 0.674       |
|    explained_variance   | 0.592       |
|    learning_rate        | 0.0003      |
|    loss                 | 8.11        |
|    n_updates            | 920         |
|    policy_gradient_loss | -0.00163    |
|    std                  | 0.194       |
|    value_loss           | 15          |
-----------------------------------------
-----------------------------------------
| rollout/                |             |
|    ep_len_mean          | 200         |
|    ep_rew_mean          | -56         |
| time/                   |             |
|    fps                  | 2           |
|    iterations           | 19          |
|    time_elapsed         | 12655       |
|    total_timesteps      | 30400       |
| train/                  |             |
|    approx_kl            | 0.007309852 |
|    clip_fraction        | 0.033       |
|    clip_range           | 0.2         |
|    entropy_loss         | 0.667       |
|    explained_variance   | 0.587       |
|    learning_rate        | 0.0003      |
|    loss                 | 6.86        |
|    n_updates            | 930         |
|    policy_gradient_loss | -0.00218    |
|    std                  | 0.194       |
|    value_loss           | 14.3        |
-----------------------------------------
------------------------------------------
| rollout/                |              |
|    ep_len_mean          | 200          |
|    ep_rew_mean          | -55.5        |
| time/                   |              |
|    fps                  | 2            |
|    iterations           | 20           |
|    time_elapsed         | 13151        |
|    total_timesteps      | 32000        |
| train/                  |              |
|    approx_kl            | 0.0025048899 |
|    clip_fraction        | 0.0634       |
|    clip_range           | 0.2          |
|    entropy_loss         | 0.674        |
|    explained_variance   | 0.559        |
|    learning_rate        | 0.0003       |
|    loss                 | 8.41         |
|    n_updates            | 940          |
|    policy_gradient_loss | -0.00219     |
|    std                  | 0.193        |
|    value_loss           | 14.7         |
------------------------------------------
-----------------------------------------
| rollout/                |             |
|    ep_len_mean          | 200         |
|    ep_rew_mean          | -55.3       |
| time/                   |             |
|    fps                  | 2           |
|    iterations           | 21          |
|    time_elapsed         | 13642       |
|    total_timesteps      | 33600       |
| train/                  |             |
|    approx_kl            | 0.007522331 |
|    clip_fraction        | 0.0191      |
|    clip_range           | 0.2         |
|    entropy_loss         | 0.685       |
|    explained_variance   | 0.569       |
|    learning_rate        | 0.0003      |
|    loss                 | 6.25        |
|    n_updates            | 950         |
|    policy_gradient_loss | -0.000241   |
|    std                  | 0.193       |
|    value_loss           | 13.9        |
-----------------------------------------
------------------------------------------
| rollout/                |              |
|    ep_len_mean          | 200          |
|    ep_rew_mean          | -55.1        |
| time/                   |              |
|    fps                  | 2            |
|    iterations           | 22           |
|    time_elapsed         | 14136        |
|    total_timesteps      | 35200        |
| train/                  |              |
|    approx_kl            | 0.0017994274 |
|    clip_fraction        | 0.0342       |
|    clip_range           | 0.2          |
|    entropy_loss         | 0.683        |
|    explained_variance   | 0.575        |
|    learning_rate        | 0.0003       |
|    loss                 | 6.75         |
|    n_updates            | 960          |
|    policy_gradient_loss | -0.000594    |
|    std                  | 0.193        |
|    value_loss           | 14.4         |
------------------------------------------
-----------------------------------------
| rollout/                |             |
|    ep_len_mean          | 200         |
|    ep_rew_mean          | -55.1       |
| time/                   |             |
|    fps                  | 2           |
|    iterations           | 23          |
|    time_elapsed         | 14628       |
|    total_timesteps      | 36800       |
| train/                  |             |
|    approx_kl            | 0.009686042 |
|    clip_fraction        | 0.0465      |
|    clip_range           | 0.2         |
|    entropy_loss         | 0.682       |
|    explained_variance   | 0.574       |
|    learning_rate        | 0.0003      |
|    loss                 | 7.87        |
|    n_updates            | 970         |
|    policy_gradient_loss | -0.00258    |
|    std                  | 0.193       |
|    value_loss           | 14.4        |
-----------------------------------------
-----------------------------------------
| rollout/                |             |
|    ep_len_mean          | 200         |
|    ep_rew_mean          | -55         |
| time/                   |             |
|    fps                  | 2           |
|    iterations           | 24          |
|    time_elapsed         | 15179       |
|    total_timesteps      | 38400       |
| train/                  |             |
|    approx_kl            | 0.005171478 |
|    clip_fraction        | 0.043       |
|    clip_range           | 0.2         |
|    entropy_loss         | 0.692       |
|    explained_variance   | 0.573       |
|    learning_rate        | 0.0003      |
|    loss                 | 6.47        |
|    n_updates            | 980         |
|    policy_gradient_loss | -0.00101    |
|    std                  | 0.192       |
|    value_loss           | 14.4        |
-----------------------------------------
------------------------------------------
| rollout/                |              |
|    ep_len_mean          | 200          |
|    ep_rew_mean          | -54.9        |
| time/                   |              |
|    fps                  | 2            |
|    iterations           | 25           |
|    time_elapsed         | 15730        |
|    total_timesteps      | 40000        |
| train/                  |              |
|    approx_kl            | 0.0032740866 |
|    clip_fraction        | 0.0526       |
|    clip_range           | 0.2          |
|    entropy_loss         | 0.704        |
|    explained_variance   | 0.575        |
|    learning_rate        | 0.0003       |
|    loss                 | 8.09         |
|    n_updates            | 990          |
|    policy_gradient_loss | -0.00172     |
|    std                  | 0.191        |
|    value_loss           | 14.4         |
------------------------------------------
----------------------------------------
| rollout/                |            |
|    ep_len_mean          | 200        |
|    ep_rew_mean          | -54.8      |
| time/                   |            |
|    fps                  | 2          |
|    iterations           | 26         |
|    time_elapsed         | 16247      |
|    total_timesteps      | 41600      |
| train/                  |            |
|    approx_kl            | 0.00360468 |
|    clip_fraction        | 0.0229     |
|    clip_range           | 0.2        |
|    entropy_loss         | 0.712      |
|    explained_variance   | 0.575      |
|    learning_rate        | 0.0003     |
|    loss                 | 7.25       |
|    n_updates            | 1000       |
|    policy_gradient_loss | -5.23e-05  |
|    std                  | 0.191      |
|    value_loss           | 13.9       |
----------------------------------------
------------------------------------------
| rollout/                |              |
|    ep_len_mean          | 200          |
|    ep_rew_mean          | -54.8        |
| time/                   |              |
|    fps                  | 2            |
|    iterations           | 27           |
|    time_elapsed         | 16753        |
|    total_timesteps      | 43200        |
| train/                  |              |
|    approx_kl            | 0.0041118856 |
|    clip_fraction        | 0.0727       |
|    clip_range           | 0.2          |
|    entropy_loss         | 0.714        |
|    explained_variance   | 0.584        |
|    learning_rate        | 0.0003       |
|    loss                 | 6.48         |
|    n_updates            | 1010         |
|    policy_gradient_loss | 0.00091      |
|    std                  | 0.191        |
|    value_loss           | 13.8         |
------------------------------------------
------------------------------------------
| rollout/                |              |
|    ep_len_mean          | 200          |
|    ep_rew_mean          | -55          |
| time/                   |              |
|    fps                  | 2            |
|    iterations           | 28           |
|    time_elapsed         | 17269        |
|    total_timesteps      | 44800        |
| train/                  |              |
|    approx_kl            | 0.0066679623 |
|    clip_fraction        | 0.0548       |
|    clip_range           | 0.2          |
|    entropy_loss         | 0.712        |
|    explained_variance   | 0.567        |
|    learning_rate        | 0.0003       |
|    loss                 | 6.52         |
|    n_updates            | 1020         |
|    policy_gradient_loss | -0.00161     |
|    std                  | 0.191        |
|    value_loss           | 14.4         |
------------------------------------------
-----------------------------------------
| rollout/                |             |
|    ep_len_mean          | 200         |
|    ep_rew_mean          | -55         |
| time/                   |             |
|    fps                  | 2           |
|    iterations           | 29          |
|    time_elapsed         | 17783       |
|    total_timesteps      | 46400       |
| train/                  |             |
|    approx_kl            | 0.009540617 |
|    clip_fraction        | 0.145       |
|    clip_range           | 0.2         |
|    entropy_loss         | 0.715       |
|    explained_variance   | 0.571       |
|    learning_rate        | 0.0003      |
|    loss                 | 8.13        |
|    n_updates            | 1030        |
|    policy_gradient_loss | -0.00438    |
|    std                  | 0.191       |
|    value_loss           | 14.6        |
-----------------------------------------
------------------------------------------
| rollout/                |              |
|    ep_len_mean          | 200          |
|    ep_rew_mean          | -55          |
| time/                   |              |
|    fps                  | 2            |
|    iterations           | 30           |
|    time_elapsed         | 18305        |
|    total_timesteps      | 48000        |
| train/                  |              |
|    approx_kl            | 0.0046720807 |
|    clip_fraction        | 0.104        |
|    clip_range           | 0.2          |
|    entropy_loss         | 0.725        |
|    explained_variance   | 0.565        |
|    learning_rate        | 0.0003       |
|    loss                 | 8.53         |
|    n_updates            | 1040         |
|    policy_gradient_loss | -0.00783     |
|    std                  | 0.19         |
|    value_loss           | 15.3         |
------------------------------------------
------------------------------------------
| rollout/                |              |
|    ep_len_mean          | 200          |
|    ep_rew_mean          | -54.9        |
| time/                   |              |
|    fps                  | 2            |
|    iterations           | 31           |
|    time_elapsed         | 18818        |
|    total_timesteps      | 49600        |
| train/                  |              |
|    approx_kl            | 0.0059696864 |
|    clip_fraction        | 0.122        |
|    clip_range           | 0.2          |
|    entropy_loss         | 0.741        |
|    explained_variance   | 0.584        |
|    learning_rate        | 0.0003       |
|    loss                 | 8.01         |
|    n_updates            | 1050         |
|    policy_gradient_loss | -0.0032      |
|    std                  | 0.189        |
|    value_loss           | 14.3         |
------------------------------------------
------------------------------------------
| rollout/                |              |
|    ep_len_mean          | 200          |
|    ep_rew_mean          | -55.2        |
| time/                   |              |
|    fps                  | 2            |
|    iterations           | 32           |
|    time_elapsed         | 19323        |
|    total_timesteps      | 51200        |
| train/                  |              |
|    approx_kl            | 0.0075986823 |
|    clip_fraction        | 0.0708       |
|    clip_range           | 0.2          |
|    entropy_loss         | 0.754        |
|    explained_variance   | 0.575        |
|    learning_rate        | 0.0003       |
|    loss                 | 7.75         |
|    n_updates            | 1060         |
|    policy_gradient_loss | -0.00281     |
|    std                  | 0.188        |
|    value_loss           | 14.6         |
------------------------------------------
-----------------------------------------
| rollout/                |             |
|    ep_len_mean          | 200         |
|    ep_rew_mean          | -55.1       |
| time/                   |             |
|    fps                  | 2           |
|    iterations           | 33          |
|    time_elapsed         | 19838       |
|    total_timesteps      | 52800       |
| train/                  |             |
|    approx_kl            | 0.004522143 |
|    clip_fraction        | 0.0751      |
|    clip_range           | 0.2         |
|    entropy_loss         | 0.766       |
|    explained_variance   | 0.591       |
|    learning_rate        | 0.0003      |
|    loss                 | 8.43        |
|    n_updates            | 1070        |
|    policy_gradient_loss | -0.00312    |
|    std                  | 0.188       |
|    value_loss           | 14.4        |
-----------------------------------------
