device cuda, 8 envs, task gust, obs probe, 32000 steps
/usr/local/lib/python3.12/dist-packages/stable_baselines3/common/on_policy_algorithm.py:150: UserWarning: You are trying to run PPO on the GPU, but it is primarily intended to run on the CPU when not using a CNN policy (you are using ActorCriticPolicy which should be a MlpPolicy). See https://github.com/DLR-RM/stable-baselines3/issues/1245 for more info. You can pass `device='cpu'` or `export CUDA_VISIBLE_DEVICES=` to force using the CPU.Note: The model will train, but the GPU utilization will be poor and the training might take longer than on CPU.
  warnings.warn(
Logging to /work/rl_logs/naca40_gust_probe_std022/tb/PPO_4
---------------------------------
| rollout/           |          |
|    ep_len_mean     | 200      |
|    ep_rew_mean     | -53.2    |
| time/              |          |
|    fps             | 3        |
|    iterations      | 1        |
|    time_elapsed    | 517      |
|    total_timesteps | 1600     |
---------------------------------
-------------------------------------------
| rollout/                |               |
|    ep_len_mean          | 200           |
|    ep_rew_mean          | -53.7         |
| time/                   |               |
|    fps                  | 3             |
|    iterations           | 2             |
|    time_elapsed         | 1011          |
|    total_timesteps      | 3200          |
| train/                  |               |
|    approx_kl            | 0.00068716775 |
|    clip_fraction        | 0.0433        |
|    clip_range           | 0.2           |
|    entropy_loss         | 0.744         |
|    explained_variance   | 0.572         |
|    learning_rate        | 0.0003        |
|    loss                 | 6.63          |
|    n_updates            | 1050          |
|    policy_gradient_loss | -0.000539     |
|    std                  | 0.189         |
|    value_loss           | 13.8          |
-------------------------------------------
------------------------------------------
| rollout/                |              |
|    ep_len_mean          | 200          |
|    ep_rew_mean          | -53.4        |
| time/                   |              |
|    fps                  | 3            |
|    iterations           | 3            |
|    time_elapsed         | 1528         |
|    total_timesteps      | 4800         |
| train/                  |              |
|    approx_kl            | 0.0066278614 |
|    clip_fraction        | 0.0903       |
|    clip_range           | 0.2          |
|    entropy_loss         | 0.76         |
|    explained_variance   | 0.581        |
|    learning_rate        | 0.0003       |
|    loss                 | 6.99         |
|    n_updates            | 1060         |
|    policy_gradient_loss | -0.00258     |
|    std                  | 0.188        |
|    value_loss           | 13.5         |
------------------------------------------
-----------------------------------------
| rollout/                |             |
|    ep_len_mean          | 200         |
|    ep_rew_mean          | -53.2       |
| time/                   |             |
|    fps                  | 3           |
|    iterations           | 4           |
|    time_elapsed         | 2038        |
|    total_timesteps      | 6400        |
| train/                  |             |
|    approx_kl            | 0.005996785 |
|    clip_fraction        | 0.056       |
|    clip_range           | 0.2         |
|    entropy_loss         | 0.768       |
|    explained_variance   | 0.565       |
|    learning_rate        | 0.0003      |
|    loss                 | 6.46        |
|    n_updates            | 1070        |
|    policy_gradient_loss | -0.00224    |
|    std                  | 0.187       |
|    value_loss           | 14          |
-----------------------------------------
-----------------------------------------
| rollout/                |             |
|    ep_len_mean          | 200         |
|    ep_rew_mean          | -52.9       |
| time/                   |             |
|    fps                  | 3           |
|    iterations           | 5           |
|    time_elapsed         | 2550        |
|    total_timesteps      | 8000        |
| train/                  |             |
|    approx_kl            | 0.007956702 |
|    clip_fraction        | 0.0428      |
|    clip_range           | 0.2         |
|    entropy_loss         | 0.779       |
|    explained_variance   | 0.573       |
|    learning_rate        | 0.0003      |
|    loss                 | 7.13        |
|    n_updates            | 1080        |
|    policy_gradient_loss | -0.00169    |
|    std                  | 0.186       |
|    value_loss           | 13.6        |
-----------------------------------------
-----------------------------------------
| rollout/                |             |
|    ep_len_mean          | 200         |
|    ep_rew_mean          | -53         |
| time/                   |             |
|    fps                  | 3           |
|    iterations           | 6           |
|    time_elapsed         | 3063        |
|    total_timesteps      | 9600        |
| train/                  |             |
|    approx_kl            | 0.003665722 |
|    clip_fraction        | 0.0886      |
|    clip_range           | 0.2         |
|    entropy_loss         | 0.79        |
|    explained_variance   | 0.574       |
|    learning_rate        | 0.0003      |
|    loss                 | 8.19        |
|    n_updates            | 1090        |
|    policy_gradient_loss | -0.00148    |
|    std                  | 0.186       |
|    value_loss           | 13.4        |
-----------------------------------------
-----------------------------------------
| rollout/                |             |
|    ep_len_mean          | 200         |
|    ep_rew_mean          | -53.3       |
| time/                   |             |
|    fps                  | 3           |
|    iterations           | 7           |
|    time_elapsed         | 3575        |
|    total_timesteps      | 11200       |
| train/                  |             |
|    approx_kl            | 0.002901003 |
|    clip_fraction        | 0.0517      |
|    clip_range           | 0.2         |
|    entropy_loss         | 0.791       |
|    explained_variance   | 0.572       |
|    learning_rate        | 0.0003      |
|    loss                 | 6.51        |
|    n_updates            | 1100        |
|    policy_gradient_loss | -0.00336    |
|    std                  | 0.186       |
|    value_loss           | 13.7        |
-----------------------------------------
-----------------------------------------
| rollout/                |             |
|    ep_len_mean          | 200         |
|    ep_rew_mean          | -53.2       |
| time/                   |             |
|    fps                  | 3           |
|    iterations           | 8           |
|    time_elapsed         | 4089        |
|    total_timesteps      | 12800       |
| train/                  |             |
|    approx_kl            | 0.006268454 |
|    clip_fraction        | 0.0596      |
|    clip_range           | 0.2         |
|    entropy_loss         | 0.795       |
|    explained_variance   | 0.578       |
|    learning_rate        | 0.0003      |
|    loss                 | 6.42        |
|    n_updates            | 1110        |
|    policy_gradient_loss | -0.0052     |
|    std                  | 0.186       |
|    value_loss           | 13.3        |
-----------------------------------------
-----------------------------------------
| rollout/                |             |
|    ep_len_mean          | 200         |
|    ep_rew_mean          | -53         |
| time/                   |             |
|    fps                  | 3           |
|    iterations           | 9           |
|    time_elapsed         | 4583        |
|    total_timesteps      | 14400       |
| train/                  |             |
|    approx_kl            | 0.003812308 |
|    clip_fraction        | 0.0417      |
|    clip_range           | 0.2         |
|    entropy_loss         | 0.802       |
|    explained_variance   | 0.581       |
|    learning_rate        | 0.0003      |
|    loss                 | 7.57        |
|    n_updates            | 1120        |
|    policy_gradient_loss | -0.00126    |
|    std                  | 0.185       |
|    value_loss           | 13.6        |
-----------------------------------------
-----------------------------------------
| rollout/                |             |
|    ep_len_mean          | 200         |
|    ep_rew_mean          | -52.8       |
| time/                   |             |
|    fps                  | 3           |
|    iterations           | 10          |
|    time_elapsed         | 5087        |
|    total_timesteps      | 16000       |
| train/                  |             |
|    approx_kl            | 0.004898143 |
|    clip_fraction        | 0.0701      |
|    clip_range           | 0.2         |
|    entropy_loss         | 0.807       |
|    explained_variance   | 0.578       |
|    learning_rate        | 0.0003      |
|    loss                 | 6.39        |
|    n_updates            | 1130        |
|    policy_gradient_loss | -0.00484    |
|    std                  | 0.185       |
|    value_loss           | 13.6        |
-----------------------------------------
-----------------------------------------
| rollout/                |             |
|    ep_len_mean          | 200         |
|    ep_rew_mean          | -52.6       |
| time/                   |             |
|    fps                  | 3           |
|    iterations           | 11          |
|    time_elapsed         | 5598        |
|    total_timesteps      | 17600       |
| train/                  |             |
|    approx_kl            | 0.010064371 |
|    clip_fraction        | 0.0561      |
|    clip_range           | 0.2         |
|    entropy_loss         | 0.809       |
|    explained_variance   | 0.585       |
|    learning_rate        | 0.0003      |
|    loss                 | 6.18        |
|    n_updates            | 1140        |
|    policy_gradient_loss | -0.00347    |
|    std                  | 0.185       |
|    value_loss           | 12.9        |
-----------------------------------------
------------------------------------------
| rollout/                |              |
|    ep_len_mean          | 200          |
|    ep_rew_mean          | -52.6        |
| time/                   |              |
|    fps                  | 3            |
|    iterations           | 12           |
|    time_elapsed         | 6087         |
|    total_timesteps      | 19200        |
| train/                  |              |
|    approx_kl            | 0.0038120798 |
|    clip_fraction        | 0.0676       |
|    clip_range           | 0.2          |
|    entropy_loss         | 0.809        |
|    explained_variance   | 0.559        |
|    learning_rate        | 0.0003       |
|    loss                 | 5.99         |
|    n_updates            | 1150         |
|    policy_gradient_loss | -0.000447    |
|    std                  | 0.185        |
|    value_loss           | 12.4         |
------------------------------------------
-----------------------------------------
| rollout/                |             |
|    ep_len_mean          | 200         |
|    ep_rew_mean          | -52.9       |
| time/                   |             |
|    fps                  | 3           |
|    iterations           | 13          |
|    time_elapsed         | 6595        |
|    total_timesteps      | 20800       |
| train/                  |             |
|    approx_kl            | 0.016430933 |
|    clip_fraction        | 0.0596      |
|    clip_range           | 0.2         |
|    entropy_loss         | 0.813       |
|    explained_variance   | 0.568       |
|    learning_rate        | 0.0003      |
|    loss                 | 6.41        |
|    n_updates            | 1160        |
|    policy_gradient_loss | 0.000772    |
|    std                  | 0.184       |
|    value_loss           | 12.7        |
-----------------------------------------
------------------------------------------
| rollout/                |              |
|    ep_len_mean          | 200          |
|    ep_rew_mean          | -52.9        |
| time/                   |              |
|    fps                  | 3            |
|    iterations           | 14           |
|    time_elapsed         | 7100         |
|    total_timesteps      | 22400        |
| train/                  |              |
|    approx_kl            | 0.0052486183 |
|    clip_fraction        | 0.0516       |
|    clip_range           | 0.2          |
|    entropy_loss         | 0.823        |
|    explained_variance   | 0.569        |
|    learning_rate        | 0.0003       |
|    loss                 | 6.64         |
|    n_updates            | 1170         |
|    policy_gradient_loss | -0.00205     |
|    std                  | 0.184        |
|    value_loss           | 13.1         |
------------------------------------------
-----------------------------------------
| rollout/                |             |
|    ep_len_mean          | 200         |
|    ep_rew_mean          | -53.1       |
| time/                   |             |
|    fps                  | 3           |
|    iterations           | 15          |
|    time_elapsed         | 7598        |
|    total_timesteps      | 24000       |
| train/                  |             |
|    approx_kl            | 0.011200092 |
|    clip_fraction        | 0.0777      |
|    clip_range           | 0.2         |
|    entropy_loss         | 0.834       |
|    explained_variance   | 0.582       |
|    learning_rate        | 0.0003      |
|    loss                 | 5.87        |
|    n_updates            | 1180        |
|    policy_gradient_loss | -0.00276    |
|    std                  | 0.183       |
|    value_loss           | 12.7        |
-----------------------------------------
-----------------------------------------
| rollout/                |             |
|    ep_len_mean          | 200         |
|    ep_rew_mean          | -53         |
| time/                   |             |
|    fps                  | 3           |
|    iterations           | 16          |
|    time_elapsed         | 8112        |
|    total_timesteps      | 25600       |
| train/                  |             |
|    approx_kl            | 0.005831908 |
|    clip_fraction        | 0.108       |
|    clip_range           | 0.2         |
|    entropy_loss         | 0.843       |
|    explained_variance   | 0.582       |
|    learning_rate        | 0.0003      |
|    loss                 | 6.58        |
|    n_updates            | 1190        |
|    policy_gradient_loss | -0.00433    |
|    std                  | 0.183       |
|    value_loss           | 12.7        |
-----------------------------------------
------------------------------------------
| rollout/                |              |
|    ep_len_mean          | 200          |
|    ep_rew_mean          | -52.9        |
| time/                   |              |
|    fps                  | 3            |
|    iterations           | 17           |
|    time_elapsed         | 8596         |
|    total_timesteps      | 27200        |
| train/                  |              |
|    approx_kl            | 0.0023377016 |
|    clip_fraction        | 0.0275       |
|    clip_range           | 0.2          |
|    entropy_loss         | 0.841        |
|    explained_variance   | 0.595        |
|    learning_rate        | 0.0003       |
|    loss                 | 5.68         |
|    n_updates            | 1200         |
|    policy_gradient_loss | -0.000212    |
|    std                  | 0.183        |
|    value_loss           | 12.9         |
------------------------------------------
-----------------------------------------
| rollout/                |             |
|    ep_len_mean          | 200         |
|    ep_rew_mean          | -52.7       |
| time/                   |             |
|    fps                  | 3           |
|    iterations           | 18          |
|    time_elapsed         | 9099        |
|    total_timesteps      | 28800       |
| train/                  |             |
|    approx_kl            | 0.012191651 |
|    clip_fraction        | 0.0501      |
|    clip_range           | 0.2         |
|    entropy_loss         | 0.84        |
|    explained_variance   | 0.578       |
|    learning_rate        | 0.0003      |
|    loss                 | 6.88        |
|    n_updates            | 1210        |
|    policy_gradient_loss | -0.00118    |
|    std                  | 0.183       |
|    value_loss           | 12.5        |
-----------------------------------------
------------------------------------------
| rollout/                |              |
|    ep_len_mean          | 200          |
|    ep_rew_mean          | -52.4        |
| time/                   |              |
|    fps                  | 3            |
|    iterations           | 19           |
|    time_elapsed         | 9606         |
|    total_timesteps      | 30400        |
| train/                  |              |
|    approx_kl            | 0.0073247403 |
|    clip_fraction        | 0.0324       |
|    clip_range           | 0.2          |
|    entropy_loss         | 0.833        |
|    explained_variance   | 0.565        |
|    learning_rate        | 0.0003       |
|    loss                 | 5.65         |
|    n_updates            | 1220         |
|    policy_gradient_loss | -0.00151     |
|    std                  | 0.184        |
|    value_loss           | 12.1         |
------------------------------------------
-----------------------------------------
| rollout/                |             |
|    ep_len_mean          | 200         |
|    ep_rew_mean          | -52.1       |
| time/                   |             |
|    fps                  | 3           |
|    iterations           | 20          |
|    time_elapsed         | 10120       |
|    total_timesteps      | 32000       |
| train/                  |             |
|    approx_kl            | 0.004312556 |
|    clip_fraction        | 0.0576      |
|    clip_range           | 0.2         |
|    entropy_loss         | 0.838       |
|    explained_variance   | 0.539       |
|    learning_rate        | 0.0003      |
|    loss                 | 7.12        |
|    n_updates            | 1230        |
|    policy_gradient_loss | -0.00228    |
|    std                  | 0.183       |
|    value_loss           | 12.3        |
-----------------------------------------
done in 2.81 h
