cylinder Re 3900 on meshes/cylinder_re3900.msh: 60000 cells (0 triangles, orth min 0.718, 288 wall faces, wall cell 0.0031-0.0050 D) x 64 modes (Lz 3.142 D, dz 0.0491 D); dt0 0.004 cfl_max 0.8; sgs wale; n_nonorth 3; T 150.0, statistics from t = 50.0; device gpu; outdir /content/drive/MyDrive/PICT-Python_runs/ucyl3900_cylinder_re3900_nz64_wale; tag ucyl3900_cylinder_re3900_nz64_wale
  t=   0.97  Cd 0.5192  Cl -0.0651 (amp 0.0119)  Cd_p 0.4046  Cpb +0.5884  St nan (0 periods)  E3d 4.867e-05  <nu_t>/nu 0.000 max 0.0  CFL 0.41 dt 0.00200  stats 0  (627 ms/step)
  t=   1.52  Cd 1.0801  Cl -0.0350 (amp 0.0187)  Cd_p 1.0231  Cpb -0.0044  St nan (0 periods)  E3d 6.300e-05  <nu_t>/nu 0.000 max 0.0  CFL 0.78 dt 0.00400  stats 0  (620 ms/step)
  SGS term (wale) on at t = 2.000
  t=   2.52  Cd 1.3750  Cl +0.0308 (amp 0.0466)  Cd_p 1.3206  Cpb -0.7953  St nan (0 periods)  E3d 9.475e-05  <nu_t>/nu 0.063 max 13.0  CFL 0.66 dt 0.00400  stats 0  (643 ms/step)
  t=   3.52  Cd 1.0472  Cl +0.1583 (amp 0.0940)  Cd_p 0.9999  Cpb -0.5901  St nan (0 periods)  E3d 1.973e-04  <nu_t>/nu 0.065 max 12.0  CFL 0.65 dt 0.00400  stats 0  (672 ms/step)
  t=   4.52  Cd 0.9163  Cl +0.4165 (amp 0.1622)  Cd_p 0.8744  Cpb -0.2965  St nan (0 periods)  E3d 4.694e-04  <nu_t>/nu 0.065 max 11.8  CFL 0.65 dt 0.00400  stats 0  (689 ms/step)
  t=   5.52  Cd 0.8819  Cl +0.7457 (amp 0.1547)  Cd_p 0.8422  Cpb -0.4626  St nan (0 periods)  E3d 1.558e-03  <nu_t>/nu 0.061 max 10.8  CFL 0.66 dt 0.00400  stats 0  (700 ms/step)
  t=   6.52  Cd 0.9559  Cl +1.0832 (amp 0.1679)  Cd_p 0.9160  Cpb -0.9704  St nan (0 periods)  E3d 5.173e-03  <nu_t>/nu 0.063 max 12.3  CFL 0.68 dt 0.00400  stats 0  (708 ms/step)
  t=   7.52  Cd 1.0531  Cl +1.3508 (amp 0.0717)  Cd_p 1.0116  Cpb -1.5197  St nan (0 periods)  E3d 2.361e-02  <nu_t>/nu 0.067 max 16.8  CFL 0.70 dt 0.00400  stats 0  (712 ms/step)
  t=   8.52  Cd 1.0914  Cl +1.2934 (amp 0.1262)  Cd_p 1.0488  Cpb -1.6324  St nan (0 periods)  E3d 1.053e-01  <nu_t>/nu 0.078 max 27.2  CFL 0.70 dt 0.00400  stats 0  (716 ms/step)
  t=   9.52  Cd 1.0863  Cl +0.7809 (amp 0.3907)  Cd_p 1.0433  Cpb -1.3488  St nan (0 periods)  E3d 4.110e-01  <nu_t>/nu 0.115 max 33.9  CFL 0.67 dt 0.00400  stats 0  (720 ms/step)
  t=  10.33  Cd 1.1769  Cl -0.1084 (amp 0.3573)  Cd_p 1.1324  Cpb -1.2021  St nan (0 periods)  E3d 7.702e-01  <nu_t>/nu 0.169 max 44.0  CFL 0.47 dt 0.00200  stats 0  (722 ms/step)
  t=  10.83  Cd 1.1765  Cl -0.5273 (amp 0.1511)  Cd_p 1.1299  Cpb -1.0366  St nan (0 periods)  E3d 9.421e-01  <nu_t>/nu 0.207 max 47.5  CFL 0.47 dt 0.00200  stats 0  (724 ms/step)
  t=  11.33  Cd 1.1932  Cl -0.7808 (amp 0.0857)  Cd_p 1.1456  Cpb -1.0458  St nan (0 periods)  E3d 1.042e+00  <nu_t>/nu 0.226 max 42.5  CFL 0.42 dt 0.00200  stats 0  (726 ms/step)
  t=  11.85  Cd 1.2204  Cl -0.8393 (amp 0.0330)  Cd_p 1.1714  Cpb -1.1764  St nan (0 periods)  E3d 1.074e+00  <nu_t>/nu 0.240 max 41.5  CFL 0.44 dt 0.00200  stats 0  (727 ms/step)
  t=  12.46  Cd 1.2290  Cl -0.6670 (amp 0.1538)  Cd_p 1.1796  Cpb -1.2348  St nan (0 periods)  E3d 1.044e+00  <nu_t>/nu 0.248 max 48.0  CFL 0.42 dt 0.00200  stats 0  (728 ms/step)
  t=  13.44  Cd 1.1889  Cl -0.1061 (amp 0.3961)  Cd_p 1.1394  Cpb -1.2051  St nan (0 periods)  E3d 9.899e-01  <nu_t>/nu 0.259 max 31.9  CFL 0.64 dt 0.00400  stats 0  (730 ms/step)
  t=  14.44  Cd 1.1648  Cl +0.6212 (amp 0.2366)  Cd_p 1.1157  Cpb -1.0650  St nan (0 periods)  E3d 1.020e+00  <nu_t>/nu 0.266 max 30.2  CFL 0.71 dt 0.00400  stats 0  (732 ms/step)
  t=  15.39  Cd 1.2274  Cl +0.7141 (amp 0.1253)  Cd_p 1.1768  Cpb -1.2836  St nan (0 periods)  E3d 1.093e+00  <nu_t>/nu 0.279 max 30.4  CFL 0.68 dt 0.00400  stats 0  (733 ms/step)
  t=  16.39  Cd 1.2036  Cl +0.2042 (amp 0.3354)  Cd_p 1.1533  Cpb -1.2696  St nan (0 periods)  E3d 1.217e+00  <nu_t>/nu 0.295 max 29.3  CFL 0.66 dt 0.00400  stats 0  (734 ms/step)
  t=  17.35  Cd 1.1404  Cl -0.3816 (amp 0.1952)  Cd_p 1.0913  Cpb -1.0337  St nan (0 periods)  E3d 1.377e+00  <nu_t>/nu 0.308 max 37.2  CFL 0.41 dt 0.00200  stats 0  (735 ms/step)
  t=  18.09  Cd 1.2042  Cl -0.4774 (amp 0.0754)  Cd_p 1.1543  Cpb -1.1324  St nan (0 periods)  E3d 1.457e+00  <nu_t>/nu 0.315 max 32.1  CFL 0.41 dt 0.00200  stats 0  (735 ms/step)
  t=  19.07  Cd 1.1956  Cl -0.1621 (amp 0.2236)  Cd_p 1.1451  Cpb -1.2501  St nan (0 periods)  E3d 1.532e+00  <nu_t>/nu 0.330 max 35.8  CFL 0.65 dt 0.00400  stats 0  (736 ms/step)
  t=  20.01  Cd 1.1284  Cl +0.3105 (amp 0.2373)  Cd_p 1.0801  Cpb -1.0504  St nan (0 periods)  E3d 1.612e+00  <nu_t>/nu 0.337 max 39.5  CFL 0.70 dt 0.00400  stats 0  (737 ms/step)
  t=  20.63  Cd 1.2346  Cl +0.6049 (amp 0.0371)  Cd_p 1.1852  Cpb -1.2933  St nan (0 periods)  E3d 1.669e+00  <nu_t>/nu 0.339 max 33.4  CFL 0.43 dt 0.00200  stats 0  (737 ms/step)
  t=  21.54  Cd 1.2434  Cl +0.4450 (amp 0.2142)  Cd_p 1.1925  Cpb -1.3600  St nan (0 periods)  E3d 1.754e+00  <nu_t>/nu 0.344 max 33.3  CFL 0.66 dt 0.00400  stats 0  (738 ms/step)
  t=  22.54  Cd 1.1766  Cl -0.1894 (amp 0.3478)  Cd_p 1.1266  Cpb -1.1247  St nan (0 periods)  E3d 1.792e+00  <nu_t>/nu 0.359 max 37.1  CFL 0.66 dt 0.00400  stats 0  (739 ms/step)
  t=  23.42  Cd 1.2125  Cl -0.6180 (amp 0.0631)  Cd_p 1.1624  Cpb -1.1652  St nan (0 periods)  E3d 1.811e+00  <nu_t>/nu 0.367 max 33.1  CFL 0.67 dt 0.00400  stats 0  (739 ms/step)
  t=  24.42  Cd 1.2110  Cl -0.3842 (amp 0.2528)  Cd_p 1.1602  Cpb -1.2704  St nan (0 periods)  E3d 1.876e+00  <nu_t>/nu 0.372 max 34.8  CFL 0.66 dt 0.00400  stats 0  (740 ms/step)
  t=  25.42  Cd 1.1748  Cl +0.2239 (amp 0.2768)  Cd_p 1.1251  Cpb -1.1087  St nan (0 periods)  E3d 1.984e+00  <nu_t>/nu 0.377 max 36.6  CFL 0.65 dt 0.00400  stats 0  (740 ms/step)
  t=  26.42  Cd 1.1978  Cl +0.4784 (amp 0.0788)  Cd_p 1.1475  Cpb -1.1081  St nan (0 periods)  E3d 2.075e+00  <nu_t>/nu 0.382 max 39.5  CFL 0.70 dt 0.00400  stats 0  (741 ms/step)
  t=  27.42  Cd 1.1996  Cl +0.1292 (amp 0.2318)  Cd_p 1.1494  Cpb -1.2150  St nan (0 periods)  E3d 2.216e+00  <nu_t>/nu 0.386 max 34.6  CFL 0.68 dt 0.00400  stats 0  (741 ms/step)
  t=  28.42  Cd 1.1754  Cl -0.2482 (amp 0.1064)  Cd_p 1.1261  Cpb -1.1317  St nan (0 periods)  E3d 2.292e+00  <nu_t>/nu 0.402 max 34.9  CFL 0.65 dt 0.00400  stats 0  (741 ms/step)
  t=  29.42  Cd 1.1645  Cl -0.2282 (amp 0.1178)  Cd_p 1.1156  Cpb -1.1625  St nan (0 periods)  E3d 2.247e+00  <nu_t>/nu 0.409 max 42.5  CFL 0.66 dt 0.00400  stats 0  (742 ms/step)
  t=  30.42  Cd 1.1327  Cl +0.1082 (amp 0.1558)  Cd_p 1.0843  Cpb -1.0671  St nan (0 periods)  E3d 2.143e+00  <nu_t>/nu 0.410 max 36.7  CFL 0.64 dt 0.00400  stats 0  (742 ms/step)
  t=  31.42  Cd 1.1229  Cl +0.2132 (amp 0.0644)  Cd_p 1.0748  Cpb -1.0458  St nan (0 periods)  E3d 2.058e+00  <nu_t>/nu 0.406 max 32.3  CFL 0.65 dt 0.00400  stats 0  (742 ms/step)
  t=  32.42  Cd 1.0771  Cl -0.0399 (amp 0.1544)  Cd_p 1.0299  Cpb -0.9946  St nan (0 periods)  E3d 1.961e+00  <nu_t>/nu 0.393 max 35.1  CFL 0.63 dt 0.00400  stats 0  (742 ms/step)
  t=  33.42  Cd 1.0672  Cl -0.2624 (amp 0.0518)  Cd_p 1.0208  Cpb -0.9757  St nan (0 periods)  E3d 1.877e+00  <nu_t>/nu 0.385 max 31.5  CFL 0.64 dt 0.00400  stats 0  (742 ms/step)
  t=  34.42  Cd 1.0717  Cl -0.1485 (amp 0.1358)  Cd_p 1.0253  Cpb -0.9949  St nan (0 periods)  E3d 1.823e+00  <nu_t>/nu 0.375 max 29.5  CFL 0.64 dt 0.00400  stats 0  (743 ms/step)
  t=  35.42  Cd 1.0762  Cl +0.1287 (amp 0.1092)  Cd_p 1.0297  Cpb -1.0240  St nan (0 periods)  E3d 1.814e+00  <nu_t>/nu 0.376 max 33.4  CFL 0.63 dt 0.00400  stats 0  (743 ms/step)
  t=  36.42  Cd 1.0898  Cl +0.2161 (amp 0.0594)  Cd_p 1.0422  Cpb -1.0440  St nan (0 periods)  E3d 1.802e+00  <nu_t>/nu 0.372 max 38.6  CFL 0.64 dt 0.00400  stats 0  (743 ms/step)
  t=  37.42  Cd 1.0700  Cl -0.0268 (amp 0.1392)  Cd_p 1.0227  Cpb -1.0090  St nan (0 periods)  E3d 1.797e+00  <nu_t>/nu 0.372 max 34.4  CFL 0.63 dt 0.00400  stats 0  (743 ms/step)
  t=  38.42  Cd 1.0754  Cl -0.1842 (amp 0.0251)  Cd_p 1.0280  Cpb -1.0058  St nan (0 periods)  E3d 1.787e+00  <nu_t>/nu 0.373 max 36.7  CFL 0.64 dt 0.00400  stats 0  (743 ms/step)
  t=  39.42  Cd 1.0535  Cl -0.0395 (amp 0.1166)  Cd_p 1.0066  Cpb -0.9854  St nan (0 periods)  E3d 1.800e+00  <nu_t>/nu 0.369 max 33.7  CFL 0.63 dt 0.00400  stats 0  (743 ms/step)
  t=  40.42  Cd 1.0431  Cl +0.1670 (amp 0.0694)  Cd_p 0.9968  Cpb -0.9732  St nan (0 periods)  E3d 1.742e+00  <nu_t>/nu 0.368 max 31.7  CFL 0.64 dt 0.00400  stats 0  (743 ms/step)
  t=  41.42  Cd 1.0271  Cl +0.1702 (amp 0.0763)  Cd_p 0.9812  Cpb -0.9506  St nan (0 periods)  E3d 1.670e+00  <nu_t>/nu 0.362 max 25.8  CFL 0.64 dt 0.00400  stats 0  (743 ms/step)
  t=  42.42  Cd 1.0062  Cl -0.0659 (amp 0.1197)  Cd_p 0.9609  Cpb -0.9023  St nan (0 periods)  E3d 1.613e+00  <nu_t>/nu 0.355 max 37.3  CFL 0.63 dt 0.00400  stats 0  (743 ms/step)
  t=  43.42  Cd 1.0128  Cl -0.1564 (amp 0.0504)  Cd_p 0.9676  Cpb -0.9214  St nan (0 periods)  E3d 1.568e+00  <nu_t>/nu 0.347 max 32.6  CFL 0.63 dt 0.00400  stats 0  (743 ms/step)
  t=  44.42  Cd 1.0074  Cl +0.0461 (amp 0.1284)  Cd_p 0.9621  Cpb -0.9143  St nan (0 periods)  E3d 1.537e+00  <nu_t>/nu 0.341 max 28.1  CFL 0.63 dt 0.00400  stats 0  (743 ms/step)
  t=  45.42  Cd 1.0211  Cl +0.2358 (amp 0.0419)  Cd_p 0.9756  Cpb -0.9343  St nan (0 periods)  E3d 1.516e+00  <nu_t>/nu 0.336 max 38.4  CFL 0.64 dt 0.00400  stats 0  (743 ms/step)
  t=  46.42  Cd 1.0257  Cl +0.1036 (amp 0.1383)  Cd_p 0.9800  Cpb -0.9547  St nan (0 periods)  E3d 1.504e+00  <nu_t>/nu 0.331 max 30.0  CFL 0.63 dt 0.00400  stats 0  (743 ms/step)
  t=  47.42  Cd 1.0384  Cl -0.1557 (amp 0.0748)  Cd_p 0.9925  Cpb -0.9664  St nan (0 periods)  E3d 1.523e+00  <nu_t>/nu 0.333 max 30.0  CFL 0.63 dt 0.00400  stats 0  (743 ms/step)
  t=  48.42  Cd 1.0435  Cl -0.1171 (amp 0.0991)  Cd_p 0.9971  Cpb -0.9741  St nan (0 periods)  E3d 1.565e+00  <nu_t>/nu 0.337 max 30.8  CFL 0.63 dt 0.00400  stats 0  (743 ms/step)
  t=  49.42  Cd 1.0345  Cl +0.1251 (amp 0.0936)  Cd_p 0.9883  Cpb -0.9581  St nan (0 periods)  E3d 1.587e+00  <nu_t>/nu 0.337 max 30.0  CFL 0.63 dt 0.00400  stats 0  (743 ms/step)
  t=  50.42  Cd 1.0452  Cl +0.1411 (amp 0.0763)  Cd_p 0.9985  Cpb -0.9803  St nan (0 periods)  E3d 1.613e+00  <nu_t>/nu 0.338 max 27.3  CFL 0.64 dt 0.00400  stats 53  (743 ms/step)
  t=  51.42  Cd 1.0250  Cl -0.0895 (amp 0.1080)  Cd_p 0.9789  Cpb -0.9476  St nan (0 periods)  E3d 1.632e+00  <nu_t>/nu 0.341 max 29.2  CFL 0.63 dt 0.00400  stats 178  (743 ms/step)
  t=  52.42  Cd 1.0392  Cl -0.1543 (amp 0.0538)  Cd_p 0.9931  Cpb -0.9624  St nan (1 periods)  E3d 1.649e+00  <nu_t>/nu 0.349 max 30.7  CFL 0.64 dt 0.00400  stats 303  (743 ms/step)
  t=  53.42  Cd 1.0217  Cl +0.0347 (amp 0.1095)  Cd_p 0.9758  Cpb -0.9363  St nan (1 periods)  E3d 1.665e+00  <nu_t>/nu 0.353 max 32.2  CFL 0.63 dt 0.00400  stats 428  (744 ms/step)
  t=  54.42  Cd 1.0291  Cl +0.1883 (amp 0.0348)  Cd_p 0.9833  Cpb -0.9433  St nan (1 periods)  E3d 1.685e+00  <nu_t>/nu 0.360 max 35.2  CFL 0.64 dt 0.00400  stats 553  (744 ms/step)
  t=  55.42  Cd 1.0291  Cl +0.0339 (amp 0.1317)  Cd_p 0.9831  Cpb -0.9441  St nan (1 periods)  E3d 1.663e+00  <nu_t>/nu 0.355 max 39.3  CFL 0.63 dt 0.00400  stats 678  (744 ms/step)
  t=  56.42  Cd 1.0251  Cl -0.1734 (amp 0.0470)  Cd_p 0.9795  Cpb -0.9196  St nan (1 periods)  E3d 1.642e+00  <nu_t>/nu 0.354 max 30.1  CFL 0.64 dt 0.00400  stats 803  (744 ms/step)
  t=  57.42  Cd 1.0240  Cl -0.0846 (amp 0.1051)  Cd_p 0.9784  Cpb -0.9371  St nan (2 periods)  E3d 1.622e+00  <nu_t>/nu 0.345 max 29.2  CFL 0.63 dt 0.00400  stats 928  (744 ms/step)
  t=  58.42  Cd 1.0087  Cl +0.1454 (amp 0.0982)  Cd_p 0.9637  Cpb -0.9183  St nan (2 periods)  E3d 1.642e+00  <nu_t>/nu 0.341 max 32.5  CFL 0.63 dt 0.00400  stats 1053  (744 ms/step)
  t=  59.42  Cd 1.0394  Cl +0.1985 (amp 0.0615)  Cd_p 0.9939  Cpb -0.9641  St nan (2 periods)  E3d 1.687e+00  <nu_t>/nu 0.339 max 27.0  CFL 0.64 dt 0.00400  stats 1178  (744 ms/step)
  t=  60.42  Cd 1.0302  Cl -0.0206 (amp 0.1344)  Cd_p 0.9844  Cpb -0.9432  St nan (2 periods)  E3d 1.738e+00  <nu_t>/nu 0.343 max 31.1  CFL 0.63 dt 0.00400  stats 1303  (744 ms/step)
  t=  61.42  Cd 1.0401  Cl -0.2080 (amp 0.0343)  Cd_p 0.9943  Cpb -0.9585  St nan (2 periods)  E3d 1.764e+00  <nu_t>/nu 0.353 max 30.8  CFL 0.64 dt 0.00400  stats 1428  (744 ms/step)
  t=  62.42  Cd 1.0467  Cl -0.0875 (amp 0.1137)  Cd_p 1.0003  Cpb -0.9805  St nan (3 periods)  E3d 1.776e+00  <nu_t>/nu 0.358 max 31.2  CFL 0.63 dt 0.00400  stats 1553  (744 ms/step)
  t=  63.42  Cd 1.0331  Cl +0.1465 (amp 0.0895)  Cd_p 0.9873  Cpb -0.9407  St nan (3 periods)  E3d 1.788e+00  <nu_t>/nu 0.366 max 31.0  CFL 0.63 dt 0.00400  stats 1678  (744 ms/step)
  t=  64.42  Cd 1.0383  Cl +0.1773 (amp 0.0693)  Cd_p 0.9924  Cpb -0.9504  St nan (3 periods)  E3d 1.727e+00  <nu_t>/nu 0.363 max 36.0  CFL 0.64 dt 0.00400  stats 1803  (744 ms/step)
  t=  65.42  Cd 1.0228  Cl -0.0729 (amp 0.1416)  Cd_p 0.9772  Cpb -0.9124  St nan (3 periods)  E3d 1.693e+00  <nu_t>/nu 0.353 max 29.4  CFL 0.63 dt 0.00400  stats 1928  (744 ms/step)
  t=  66.42  Cd 1.0356  Cl -0.2156 (amp 0.0368)  Cd_p 0.9901  Cpb -0.9497  St nan (3 periods)  E3d 1.692e+00  <nu_t>/nu 0.357 max 26.3  CFL 0.64 dt 0.00400  stats 2053  (744 ms/step)
  t=  67.42  Cd 1.0271  Cl -0.0401 (amp 0.1245)  Cd_p 0.9817  Cpb -0.9284  St 0.2096 (3 periods)  E3d 1.690e+00  <nu_t>/nu 0.356 max 27.8  CFL 0.63 dt 0.00400  stats 2178  (744 ms/step)
  t=  68.42  Cd 1.0251  Cl +0.1723 (amp 0.0615)  Cd_p 0.9799  Cpb -0.9321  St 0.2096 (3 periods)  E3d 1.693e+00  <nu_t>/nu 0.354 max 32.2  CFL 0.63 dt 0.00400  stats 2303  (744 ms/step)
  t=  69.42  Cd 1.0245  Cl +0.1264 (amp 0.0926)  Cd_p 0.9790  Cpb -0.9374  St 0.2097 (3 periods)  E3d 1.712e+00  <nu_t>/nu 0.353 max 31.3  CFL 0.63 dt 0.00400  stats 2428  (745 ms/step)
  t=  70.42  Cd 1.0091  Cl -0.0825 (amp 0.0875)  Cd_p 0.9641  Cpb -0.9091  St 0.2097 (3 periods)  E3d 1.734e+00  <nu_t>/nu 0.355 max 32.5  CFL 0.63 dt 0.00400  stats 2553  (745 ms/step)
  t=  71.42  Cd 1.0148  Cl -0.1552 (amp 0.0223)  Cd_p 0.9697  Cpb -0.9167  St 0.2096 (3 periods)  E3d 1.701e+00  <nu_t>/nu 0.358 max 33.3  CFL 0.63 dt 0.00400  stats 2678  (745 ms/step)
  t=  72.42  Cd 1.0105  Cl -0.0301 (amp 0.0952)  Cd_p 0.9654  Cpb -0.9255  St 0.2072 (4 periods)  E3d 1.678e+00  <nu_t>/nu 0.355 max 34.6  CFL 0.63 dt 0.00400  stats 2803  (745 ms/step)
  t=  73.42  Cd 1.0217  Cl +0.1190 (amp 0.0341)  Cd_p 0.9762  Cpb -0.9451  St 0.2072 (4 periods)  E3d 1.684e+00  <nu_t>/nu 0.353 max 29.7  CFL 0.63 dt 0.00400  stats 2928  (745 ms/step)
  t=  74.42  Cd 1.0154  Cl +0.0101 (amp 0.1137)  Cd_p 0.9697  Cpb -0.9229  St 0.2072 (4 periods)  E3d 1.679e+00  <nu_t>/nu 0.347 max 27.2  CFL 0.63 dt 0.00400  stats 3053  (745 ms/step)
  t=  75.42  Cd 1.0247  Cl -0.2041 (amp 0.0619)  Cd_p 0.9791  Cpb -0.9415  St 0.2072 (4 periods)  E3d 1.702e+00  <nu_t>/nu 0.348 max 31.4  CFL 0.64 dt 0.00400  stats 3178  (745 ms/step)
  t=  76.42  Cd 1.0320  Cl -0.1553 (amp 0.0902)  Cd_p 0.9861  Cpb -0.9551  St 0.2072 (4 periods)  E3d 1.735e+00  <nu_t>/nu 0.347 max 34.5  CFL 0.64 dt 0.00400  stats 3303  (745 ms/step)
  t=  77.42  Cd 1.0319  Cl +0.0648 (amp 0.1066)  Cd_p 0.9860  Cpb -0.9519  St 0.2095 (5 periods)  E3d 1.792e+00  <nu_t>/nu 0.352 max 35.1  CFL 0.63 dt 0.00400  stats 3428  (745 ms/step)
  t=  78.42  Cd 1.0380  Cl +0.1724 (amp 0.0273)  Cd_p 0.9919  Cpb -0.9647  St 0.2095 (5 periods)  E3d 1.784e+00  <nu_t>/nu 0.355 max 31.0  CFL 0.64 dt 0.00400  stats 3553  (745 ms/step)
  t=  79.42  Cd 1.0296  Cl +0.0323 (amp 0.1015)  Cd_p 0.9836  Cpb -0.9460  St 0.2095 (5 periods)  E3d 1.801e+00  <nu_t>/nu 0.359 max 29.6  CFL 0.63 dt 0.00400  stats 3678  (745 ms/step)
  t=  80.42  Cd 1.0204  Cl -0.1514 (amp 0.0578)  Cd_p 0.9749  Cpb -0.9135  St 0.2095 (5 periods)  E3d 1.809e+00  <nu_t>/nu 0.363 max 35.2  CFL 0.63 dt 0.00400  stats 3803  (745 ms/step)
  t=  81.42  Cd 1.0186  Cl -0.1242 (amp 0.0672)  Cd_p 0.9732  Cpb -0.9243  St 0.2095 (5 periods)  E3d 1.777e+00  <nu_t>/nu 0.363 max 34.4  CFL 0.63 dt 0.00400  stats 3928  (745 ms/step)
  t=  82.42  Cd 1.0041  Cl +0.0365 (amp 0.0754)  Cd_p 0.9592  Cpb -0.9079  St 0.2075 (6 periods)  E3d 1.753e+00  <nu_t>/nu 0.358 max 34.8  CFL 0.62 dt 0.00400  stats 4053  (745 ms/step)
  t=  83.42  Cd 1.0118  Cl +0.1117 (amp 0.0126)  Cd_p 0.9669  Cpb -0.9184  St 0.2074 (6 periods)  E3d 1.733e+00  <nu_t>/nu 0.352 max 34.7  CFL 0.63 dt 0.00400  stats 4178  (745 ms/step)
  t=  84.42  Cd 1.0010  Cl +0.0209 (amp 0.0823)  Cd_p 0.9560  Cpb -0.9034  St 0.2074 (6 periods)  E3d 1.718e+00  <nu_t>/nu 0.347 max 34.4  CFL 0.63 dt 0.00400  stats 4303  (745 ms/step)
  t=  85.42  Cd 0.9966  Cl -0.1251 (amp 0.0367)  Cd_p 0.9517  Cpb -0.8992  St 0.2075 (6 periods)  E3d 1.734e+00  <nu_t>/nu 0.351 max 33.9  CFL 0.63 dt 0.00400  stats 4428  (745 ms/step)
  t=  86.42  Cd 0.9966  Cl -0.0867 (amp 0.0630)  Cd_p 0.9517  Cpb -0.9037  St 0.2075 (6 periods)  E3d 1.708e+00  <nu_t>/nu 0.352 max 30.6  CFL 0.63 dt 0.00400  stats 4553  (745 ms/step)
  t=  87.42  Cd 0.9888  Cl +0.0527 (amp 0.0610)  Cd_p 0.9443  Cpb -0.8889  St 0.2075 (7 periods)  E3d 1.654e+00  <nu_t>/nu 0.351 max 34.1  CFL 0.62 dt 0.00400  stats 4678  (745 ms/step)
  t=  88.42  Cd 0.9895  Cl +0.1127 (amp 0.0119)  Cd_p 0.9450  Cpb -0.8753  St 0.2074 (7 periods)  E3d 1.620e+00  <nu_t>/nu 0.348 max 27.2  CFL 0.63 dt 0.00400  stats 4803  (745 ms/step)
  t=  89.42  Cd 0.9798  Cl +0.0229 (amp 0.0802)  Cd_p 0.9355  Cpb -0.8689  St 0.2074 (7 periods)  E3d 1.607e+00  <nu_t>/nu 0.342 max 37.0  CFL 0.62 dt 0.00400  stats 4928  (745 ms/step)
  t=  90.42  Cd 0.9931  Cl -0.1268 (amp 0.0446)  Cd_p 0.9487  Cpb -0.8921  St 0.2074 (7 periods)  E3d 1.602e+00  <nu_t>/nu 0.347 max 32.4  CFL 0.63 dt 0.00400  stats 5053  (745 ms/step)
  t=  91.42  Cd 0.9898  Cl -0.1055 (amp 0.0661)  Cd_p 0.9452  Cpb -0.8910  St 0.2075 (7 periods)  E3d 1.640e+00  <nu_t>/nu 0.344 max 36.2  CFL 0.63 dt 0.00400  stats 5178  (745 ms/step)
  t=  92.42  Cd 0.9898  Cl +0.0714 (amp 0.0809)  Cd_p 0.9454  Cpb -0.8907  St 0.2064 (8 periods)  E3d 1.660e+00  <nu_t>/nu 0.340 max 26.1  CFL 0.62 dt 0.00400  stats 5303  (745 ms/step)
  t=  93.42  Cd 0.9911  Cl +0.1145 (amp 0.0458)  Cd_p 0.9465  Cpb -0.8869  St 0.2064 (8 periods)  E3d 1.688e+00  <nu_t>/nu 0.343 max 33.6  CFL 0.63 dt 0.00400  stats 5428  (745 ms/step)
  t=  94.42  Cd 0.9821  Cl -0.0357 (amp 0.0748)  Cd_p 0.9377  Cpb -0.8710  St 0.2064 (8 periods)  E3d 1.682e+00  <nu_t>/nu 0.345 max 31.2  CFL 0.62 dt 0.00400  stats 5553  (745 ms/step)
  t=  95.42  Cd 0.9743  Cl -0.1165 (amp 0.0123)  Cd_p 0.9303  Cpb -0.8495  St 0.2064 (8 periods)  E3d 1.660e+00  <nu_t>/nu 0.343 max 31.6  CFL 0.63 dt 0.00400  stats 5678  (745 ms/step)
  t=  96.42  Cd 0.9894  Cl -0.0418 (amp 0.0652)  Cd_p 0.9452  Cpb -0.8872  St 0.2072 (9 periods)  E3d 1.619e+00  <nu_t>/nu 0.341 max 29.6  CFL 0.62 dt 0.00400  stats 5803  (745 ms/step)
  t=  97.42  Cd 0.9828  Cl +0.0897 (amp 0.0502)  Cd_p 0.9385  Cpb -0.8743  St 0.2072 (9 periods)  E3d 1.566e+00  <nu_t>/nu 0.342 max 31.9  CFL 0.62 dt 0.00400  stats 5928  (745 ms/step)
  t=  98.42  Cd 0.9824  Cl +0.0994 (amp 0.0451)  Cd_p 0.9381  Cpb -0.8792  St 0.2072 (9 periods)  E3d 1.511e+00  <nu_t>/nu 0.332 max 27.4  CFL 0.63 dt 0.00400  stats 6053  (745 ms/step)
  t=  99.42  Cd 0.9770  Cl -0.0428 (amp 0.0778)  Cd_p 0.9328  Cpb -0.8717  St 0.2072 (9 periods)  E3d 1.525e+00  <nu_t>/nu 0.327 max 32.7  CFL 0.62 dt 0.00400  stats 6178  (745 ms/step)
  t= 100.42  Cd 0.9857  Cl -0.1287 (amp 0.0165)  Cd_p 0.9413  Cpb -0.8874  St 0.2072 (9 periods)  E3d 1.555e+00  <nu_t>/nu 0.328 max 32.7  CFL 0.63 dt 0.00400  stats 6303  (745 ms/step)
  t= 101.42  Cd 0.9796  Cl -0.0299 (amp 0.0744)  Cd_p 0.9352  Cpb -0.8752  St 0.2069 (10 periods)  E3d 1.566e+00  <nu_t>/nu 0.329 max 27.4  CFL 0.62 dt 0.00400  stats 6428  (745 ms/step)
  t= 102.42  Cd 0.9780  Cl +0.0845 (amp 0.0270)  Cd_p 0.9338  Cpb -0.8737  St 0.2069 (10 periods)  E3d 1.544e+00  <nu_t>/nu 0.329 max 34.4  CFL 0.62 dt 0.00400  stats 6553  (745 ms/step)
  t= 103.42  Cd 0.9835  Cl +0.0374 (amp 0.0622)  Cd_p 0.9391  Cpb -0.8855  St 0.2069 (10 periods)  E3d 1.509e+00  <nu_t>/nu 0.330 max 35.5  CFL 0.62 dt 0.00400  stats 6678  (745 ms/step)
  t= 104.42  Cd 0.9770  Cl -0.1059 (amp 0.0633)  Cd_p 0.9328  Cpb -0.8702  St 0.2069 (10 periods)  E3d 1.479e+00  <nu_t>/nu 0.330 max 29.4  CFL 0.63 dt 0.00400  stats 6803  (745 ms/step)
  t= 105.42  Cd 0.9906  Cl -0.1528 (amp 0.0349)  Cd_p 0.9462  Cpb -0.8960  St 0.2070 (10 periods)  E3d 1.488e+00  <nu_t>/nu 0.328 max 26.8  CFL 0.63 dt 0.00400  stats 6928  (745 ms/step)
  t= 106.42  Cd 0.9939  Cl +0.0124 (amp 0.1124)  Cd_p 0.9494  Cpb -0.8942  St 0.2071 (11 periods)  E3d 1.527e+00  <nu_t>/nu 0.325 max 29.3  CFL 0.62 dt 0.00400  stats 7053  (745 ms/step)
  t= 107.42  Cd 1.0194  Cl +0.1595 (amp 0.0239)  Cd_p 0.9743  Cpb -0.9349  St 0.2071 (11 periods)  E3d 1.550e+00  <nu_t>/nu 0.330 max 29.5  CFL 0.63 dt 0.00400  stats 7178  (745 ms/step)
  t= 108.42  Cd 1.0114  Cl +0.0346 (amp 0.1111)  Cd_p 0.9662  Cpb -0.9278  St 0.2071 (11 periods)  E3d 1.553e+00  <nu_t>/nu 0.336 max 29.5  CFL 0.63 dt 0.00400  stats 7303  (745 ms/step)
  t= 109.42  Cd 1.0245  Cl -0.1670 (amp 0.0617)  Cd_p 0.9791  Cpb -0.9458  St 0.2071 (11 periods)  E3d 1.559e+00  <nu_t>/nu 0.343 max 30.2  CFL 0.63 dt 0.00400  stats 7428  (745 ms/step)
  t= 110.42  Cd 1.0240  Cl -0.1238 (amp 0.1002)  Cd_p 0.9783  Cpb -0.9487  St 0.2081 (12 periods)  E3d 1.641e+00  <nu_t>/nu 0.347 max 28.4  CFL 0.63 dt 0.00400  stats 7553  (745 ms/step)
  t= 111.42  Cd 1.0251  Cl +0.1135 (amp 0.1001)  Cd_p 0.9795  Cpb -0.9445  St 0.2081 (12 periods)  E3d 1.714e+00  <nu_t>/nu 0.357 max 30.3  CFL 0.63 dt 0.00400  stats 7678  (745 ms/step)
  t= 112.42  Cd 1.0171  Cl +0.1597 (amp 0.0652)  Cd_p 0.9714  Cpb -0.9279  St 0.2081 (12 periods)  E3d 1.678e+00  <nu_t>/nu 0.361 max 30.7  CFL 0.64 dt 0.00400  stats 7803  (745 ms/step)
  t= 113.42  Cd 1.0055  Cl -0.0474 (amp 0.1072)  Cd_p 0.9605  Cpb -0.9004  St 0.2081 (12 periods)  E3d 1.644e+00  <nu_t>/nu 0.358 max 33.8  CFL 0.63 dt 0.00400  stats 7928  (745 ms/step)
  t= 114.42  Cd 1.0035  Cl -0.1600 (amp 0.0188)  Cd_p 0.9588  Cpb -0.8899  St 0.2081 (12 periods)  E3d 1.634e+00  <nu_t>/nu 0.351 max 41.0  CFL 0.63 dt 0.00400  stats 8053  (745 ms/step)
  t= 115.42  Cd 0.9964  Cl -0.0504 (amp 0.0844)  Cd_p 0.9518  Cpb -0.8945  St 0.2082 (13 periods)  E3d 1.614e+00  <nu_t>/nu 0.344 max 29.9  CFL 0.63 dt 0.00400  stats 8178  (745 ms/step)
  t= 116.42  Cd 0.9766  Cl +0.1018 (amp 0.0513)  Cd_p 0.9324  Cpb -0.8619  St 0.2082 (13 periods)  E3d 1.626e+00  <nu_t>/nu 0.345 max 40.2  CFL 0.62 dt 0.00400  stats 8303  (745 ms/step)
  t= 117.42  Cd 0.9830  Cl +0.1164 (amp 0.0401)  Cd_p 0.9388  Cpb -0.8808  St 0.2082 (13 periods)  E3d 1.622e+00  <nu_t>/nu 0.344 max 33.7  CFL 0.63 dt 0.00400  stats 8428  (745 ms/step)
  t= 118.42  Cd 0.9838  Cl -0.0418 (amp 0.0988)  Cd_p 0.9397  Cpb -0.8848  St 0.2082 (13 periods)  E3d 1.608e+00  <nu_t>/nu 0.339 max 29.8  CFL 0.62 dt 0.00400  stats 8553  (745 ms/step)
  t= 119.42  Cd 0.9780  Cl -0.1737 (amp 0.0234)  Cd_p 0.9340  Cpb -0.8689  St 0.2082 (13 periods)  E3d 1.604e+00  <nu_t>/nu 0.338 max 27.2  CFL 0.63 dt 0.00400  stats 8678  (745 ms/step)
  t= 120.42  Cd 0.9724  Cl -0.0775 (amp 0.0936)  Cd_p 0.9286  Cpb -0.8544  St 0.2073 (14 periods)  E3d 1.585e+00  <nu_t>/nu 0.342 max 29.2  CFL 0.62 dt 0.00400  stats 8803  (745 ms/step)
  t= 121.42  Cd 0.9652  Cl +0.1074 (amp 0.0636)  Cd_p 0.9216  Cpb -0.8542  St 0.2073 (14 periods)  E3d 1.558e+00  <nu_t>/nu 0.340 max 26.6  CFL 0.62 dt 0.00400  stats 8928  (745 ms/step)
  t= 122.42  Cd 0.9741  Cl +0.1059 (amp 0.0611)  Cd_p 0.9305  Cpb -0.8571  St 0.2073 (14 periods)  E3d 1.530e+00  <nu_t>/nu 0.337 max 30.7  CFL 0.63 dt 0.00400  stats 9053  (745 ms/step)
  t= 123.42  Cd 0.9783  Cl -0.0554 (amp 0.0798)  Cd_p 0.9344  Cpb -0.8748  St 0.2073 (14 periods)  E3d 1.512e+00  <nu_t>/nu 0.339 max 31.4  CFL 0.62 dt 0.00400  stats 9178  (745 ms/step)
  t= 124.42  Cd 0.9883  Cl -0.1596 (amp 0.0200)  Cd_p 0.9441  Cpb -0.8976  St 0.2073 (14 periods)  E3d 1.487e+00  <nu_t>/nu 0.335 max 30.2  CFL 0.63 dt 0.00400  stats 9303  (745 ms/step)
  t= 125.42  Cd 0.9907  Cl -0.0845 (amp 0.0776)  Cd_p 0.9462  Cpb -0.9010  St 0.2065 (15 periods)  E3d 1.482e+00  <nu_t>/nu 0.337 max 33.5  CFL 0.63 dt 0.00400  stats 9428  (745 ms/step)
  t= 126.42  Cd 0.9833  Cl +0.0915 (amp 0.0735)  Cd_p 0.9390  Cpb -0.8716  St 0.2065 (15 periods)  E3d 1.430e+00  <nu_t>/nu 0.337 max 38.5  CFL 0.62 dt 0.00400  stats 9553  (745 ms/step)
  t= 127.42  Cd 0.9979  Cl +0.1119 (amp 0.0573)  Cd_p 0.9532  Cpb -0.8940  St 0.2065 (15 periods)  E3d 1.352e+00  <nu_t>/nu 0.332 max 27.2  CFL 0.63 dt 0.00400  stats 9678  (745 ms/step)
  t= 128.42  Cd 0.9917  Cl -0.0903 (amp 0.1160)  Cd_p 0.9470  Cpb -0.8878  St 0.2065 (15 periods)  E3d 1.305e+00  <nu_t>/nu 0.324 max 37.0  CFL 0.63 dt 0.00400  stats 9803  (745 ms/step)
  t= 129.42  Cd 1.0206  Cl -0.1944 (amp 0.0496)  Cd_p 0.9753  Cpb -0.9436  St 0.2065 (15 periods)  E3d 1.317e+00  <nu_t>/nu 0.323 max 32.6  CFL 0.63 dt 0.00400  stats 9928  (745 ms/step)
  t= 130.42  Cd 1.0202  Cl +0.0221 (amp 0.1464)  Cd_p 0.9746  Cpb -0.9427  St 0.2075 (16 periods)  E3d 1.341e+00  <nu_t>/nu 0.325 max 29.0  CFL 0.63 dt 0.00400  stats 10053  (745 ms/step)
  t= 131.42  Cd 1.0355  Cl +0.2261 (amp 0.0384)  Cd_p 0.9895  Cpb -0.9627  St 0.2075 (16 periods)  E3d 1.393e+00  <nu_t>/nu 0.330 max 28.6  CFL 0.64 dt 0.00400  stats 10178  (745 ms/step)
  t= 132.42  Cd 1.0322  Cl +0.0477 (amp 0.1543)  Cd_p 0.9862  Cpb -0.9468  St 0.2075 (16 periods)  E3d 1.449e+00  <nu_t>/nu 0.340 max 34.5  CFL 0.63 dt 0.00400  stats 10303  (745 ms/step)
  t= 133.42  Cd 1.0371  Cl -0.2240 (amp 0.0763)  Cd_p 0.9913  Cpb -0.9551  St 0.2075 (16 periods)  E3d 1.473e+00  <nu_t>/nu 0.346 max 38.7  CFL 0.64 dt 0.00400  stats 10428  (745 ms/step)
  t= 134.42  Cd 1.0496  Cl -0.1570 (amp 0.1213)  Cd_p 1.0032  Cpb -0.9977  St 0.2075 (16 periods)  E3d 1.490e+00  <nu_t>/nu 0.348 max 35.8  CFL 0.64 dt 0.00400  stats 10553  (745 ms/step)
  t= 135.42  Cd 1.0420  Cl +0.1195 (amp 0.1108)  Cd_p 0.9957  Cpb -0.9780  St 0.2080 (17 periods)  E3d 1.489e+00  <nu_t>/nu 0.352 max 33.5  CFL 0.63 dt 0.00400  stats 10678  (745 ms/step)
  t= 136.42  Cd 1.0439  Cl +0.1534 (amp 0.0766)  Cd_p 0.9975  Cpb -0.9772  St 0.2080 (17 periods)  E3d 1.464e+00  <nu_t>/nu 0.355 max 31.6  CFL 0.64 dt 0.00400  stats 10803  (745 ms/step)
  t= 137.42  Cd 1.0333  Cl -0.0568 (amp 0.0960)  Cd_p 0.9872  Cpb -0.9552  St 0.2080 (17 periods)  E3d 1.477e+00  <nu_t>/nu 0.355 max 32.7  CFL 0.63 dt 0.00400  stats 10928  (745 ms/step)
  t= 138.42  Cd 1.0291  Cl -0.1566 (amp 0.0196)  Cd_p 0.9833  Cpb -0.9450  St 0.2080 (17 periods)  E3d 1.483e+00  <nu_t>/nu 0.354 max 35.1  CFL 0.63 dt 0.00400  stats 11053  (745 ms/step)
  t= 139.42  Cd 1.0085  Cl -0.0558 (amp 0.0755)  Cd_p 0.9632  Cpb -0.9254  St 0.2081 (18 periods)  E3d 1.478e+00  <nu_t>/nu 0.350 max 31.6  CFL 0.63 dt 0.00400  stats 11178  (745 ms/step)
  t= 140.42  Cd 0.9978  Cl +0.0725 (amp 0.0350)  Cd_p 0.9530  Cpb -0.8964  St 0.2081 (18 periods)  E3d 1.458e+00  <nu_t>/nu 0.347 max 35.0  CFL 0.63 dt 0.00400  stats 11303  (745 ms/step)
  t= 141.42  Cd 1.0037  Cl +0.0341 (amp 0.0593)  Cd_p 0.9589  Cpb -0.9113  St 0.2081 (18 periods)  E3d 1.482e+00  <nu_t>/nu 0.338 max 30.1  CFL 0.62 dt 0.00400  stats 11428  (745 ms/step)
  t= 142.42  Cd 0.9976  Cl -0.0971 (amp 0.0486)  Cd_p 0.9528  Cpb -0.9026  St 0.2081 (18 periods)  E3d 1.552e+00  <nu_t>/nu 0.338 max 32.0  CFL 0.63 dt 0.00400  stats 11553  (745 ms/step)
  t= 143.42  Cd 0.9996  Cl -0.1102 (amp 0.0392)  Cd_p 0.9546  Cpb -0.9000  St 0.2081 (18 periods)  E3d 1.574e+00  <nu_t>/nu 0.341 max 30.8  CFL 0.63 dt 0.00400  stats 11678  (745 ms/step)
  t= 144.42  Cd 0.9904  Cl +0.0259 (amp 0.0742)  Cd_p 0.9455  Cpb -0.8867  St 0.2089 (19 periods)  E3d 1.586e+00  <nu_t>/nu 0.344 max 29.4  CFL 0.62 dt 0.00400  stats 11803  (745 ms/step)
  t= 145.42  Cd 0.9938  Cl +0.1064 (amp 0.0096)  Cd_p 0.9491  Cpb -0.8990  St 0.2089 (19 periods)  E3d 1.585e+00  <nu_t>/nu 0.346 max 34.2  CFL 0.63 dt 0.00400  stats 11928  (745 ms/step)
  t= 146.42  Cd 0.9893  Cl +0.0460 (amp 0.0503)  Cd_p 0.9447  Cpb -0.8903  St 0.2089 (19 periods)  E3d 1.582e+00  <nu_t>/nu 0.348 max 31.6  CFL 0.62 dt 0.00400  stats 12053  (745 ms/step)
  t= 147.42  Cd 0.9743  Cl -0.0411 (amp 0.0274)  Cd_p 0.9300  Cpb -0.8638  St 0.2089 (19 periods)  E3d 1.550e+00  <nu_t>/nu 0.346 max 31.5  CFL 0.62 dt 0.00400  stats 12178  (745 ms/step)
  t= 148.42  Cd 0.9790  Cl -0.0573 (amp 0.0200)  Cd_p 0.9348  Cpb -0.8697  St 0.2089 (19 periods)  E3d 1.530e+00  <nu_t>/nu 0.347 max 29.3  CFL 0.62 dt 0.00400  stats 12303  (745 ms/step)
  t= 149.42  Cd 0.9715  Cl +0.0433 (amp 0.0714)  Cd_p 0.9273  Cpb -0.8622  St 0.2087 (20 periods)  E3d 1.529e+00  <nu_t>/nu 0.343 max 27.2  CFL 0.62 dt 0.00400  stats 12428  (745 ms/step)

RESULT ucyl3900_cylinder_re3900_nz64_wale: window t = 50.0..150.00 (20 shedding periods, 12500 statistics samples)  St 0.2087  Cd 1.0068  Cl_rms 0.1242  Cd_p 0.9618  Cpb -0.9129
   references: St 0.208 (Parnaudeau PIV) / 0.21;  Cd 0.98 (Norberg) - 1.04 (K&M) - 1.05/0.98 (Lehmkuhl H/L);  Cpb -0.88 (Norberg) / -0.94 (K&M);  L_r from the mean field with plot_utility/plot_ucylinder_re3900.py
