dpc_h80x5_znmf: coarse butterfly 1776 cells, Re 100, period 5.939 (594 steps), window H 80 x 5 steps = 4.00 time units (0.67 periods); ZNMF (+a, -a); 4 phases; uncontrolled window C_D by phase [1.4894, 1.4893, 1.4894, 1.4893]; policy 833 parameters, 24 pressure probes, |a| <= 0.5; 6 threads
  it   0 ph 0  window loss 119.12845  mean C_D 1.48810 (uncontrolled 1.48944, -0.09%)  |a| 0.019  |grad| 4.40e+00  (36s)
  it   1 ph 1  window loss 119.08517  mean C_D 1.48800 (uncontrolled 1.48926, -0.08%)  |a| 0.032  |grad| 2.34e+00  (44s)
  it   2 ph 2  window loss 119.32687  mean C_D 1.49165 (uncontrolled 1.48942, +0.15%)  |a| 0.032  |grad| 4.24e+00  (52s)
  it   3 ph 3  window loss 119.21071  mean C_D 1.48996 (uncontrolled 1.48927, +0.05%)  |a| 0.032  |grad| 1.96e+00  (59s)
  it   4 ph 0  window loss 118.95070  mean C_D 1.48664 (uncontrolled 1.48944, -0.19%)  |a| 0.036  |grad| 4.54e+00  (53s)
  it   5 ph 1  window loss 119.01362  mean C_D 1.48739 (uncontrolled 1.48926, -0.13%)  |a| 0.037  |grad| 2.40e+00  (43s)
  it   6 ph 2  window loss 119.33697  mean C_D 1.49165 (uncontrolled 1.48942, +0.15%)  |a| 0.035  |grad| 4.12e+00  (33s)
  it   7 ph 3  window loss 119.19206  mean C_D 1.48972 (uncontrolled 1.48927, +0.03%)  |a| 0.038  |grad| 1.88e+00  (33s)
  it   8 ph 0  window loss 118.89553  mean C_D 1.48601 (uncontrolled 1.48944, -0.23%)  |a| 0.042  |grad| 4.56e+00  (35s)
  it   9 ph 1  window loss 118.97171  mean C_D 1.48690 (uncontrolled 1.48926, -0.16%)  |a| 0.039  |grad| 2.43e+00  (34s)
  it  10 ph 2  window loss 119.32506  mean C_D 1.49146 (uncontrolled 1.48942, +0.14%)  |a| 0.036  |grad| 4.03e+00  (34s)
  it  11 ph 3  window loss 119.16410  mean C_D 1.48935 (uncontrolled 1.48927, +0.01%)  |a| 0.042  |grad| 1.83e+00  (33s)
  it  12 ph 0  window loss 118.85221  mean C_D 1.48546 (uncontrolled 1.48944, -0.27%)  |a| 0.046  |grad| 4.56e+00  (32s)
  it  13 ph 1  window loss 118.93084  mean C_D 1.48638 (uncontrolled 1.48926, -0.19%)  |a| 0.040  |grad| 2.45e+00  (37s)
  it  14 ph 2  window loss 119.30360  mean C_D 1.49117 (uncontrolled 1.48942, +0.12%)  |a| 0.036  |grad| 3.96e+00  (34s)
  it  15 ph 3  window loss 119.12788  mean C_D 1.48886 (uncontrolled 1.48927, -0.03%)  |a| 0.045  |grad| 1.80e+00  (38s)
  it  16 ph 0  window loss 118.80810  mean C_D 1.48488 (uncontrolled 1.48944, -0.31%)  |a| 0.050  |grad| 4.56e+00  (34s)
  it  17 ph 1  window loss 118.88512  mean C_D 1.48578 (uncontrolled 1.48926, -0.23%)  |a| 0.040  |grad| 2.47e+00  (33s)
  it  18 ph 2  window loss 119.27377  mean C_D 1.49076 (uncontrolled 1.48942, +0.09%)  |a| 0.034  |grad| 3.90e+00  (33s)
  it  19 ph 3  window loss 119.08234  mean C_D 1.48825 (uncontrolled 1.48927, -0.07%)  |a| 0.048  |grad| 1.80e+00  (33s)
  it  20 ph 0  window loss 118.75963  mean C_D 1.48425 (uncontrolled 1.48944, -0.35%)  |a| 0.055  |grad| 4.55e+00  (36s)
  it  21 ph 1  window loss 118.83248  mean C_D 1.48509 (uncontrolled 1.48926, -0.28%)  |a| 0.040  |grad| 2.47e+00  (33s)
  it  22 ph 2  window loss 119.23457  mean C_D 1.49023 (uncontrolled 1.48942, +0.05%)  |a| 0.032  |grad| 3.85e+00  (34s)
  it  23 ph 3  window loss 119.02615  mean C_D 1.48749 (uncontrolled 1.48927, -0.12%)  |a| 0.050  |grad| 1.80e+00  (37s)
  it  24 ph 0  window loss 118.70549  mean C_D 1.48353 (uncontrolled 1.48944, -0.40%)  |a| 0.060  |grad| 4.53e+00  (33s)
  it  25 ph 1  window loss 118.77193  mean C_D 1.48429 (uncontrolled 1.48926, -0.33%)  |a| 0.039  |grad| 2.45e+00  (33s)
  it  26 ph 2  window loss 119.18459  mean C_D 1.48957 (uncontrolled 1.48942, +0.01%)  |a| 0.031  |grad| 3.81e+00  (34s)
  it  27 ph 3  window loss 118.95820  mean C_D 1.48658 (uncontrolled 1.48927, -0.18%)  |a| 0.056  |grad| 1.82e+00  (33s)
  it  28 ph 0  window loss 118.64508  mean C_D 1.48273 (uncontrolled 1.48944, -0.45%)  |a| 0.065  |grad| 4.49e+00  (34s)
  it  29 ph 1  window loss 118.70310  mean C_D 1.48339 (uncontrolled 1.48926, -0.39%)  |a| 0.043  |grad| 2.40e+00  (32s)
  it  30 ph 2  window loss 119.12277  mean C_D 1.48874 (uncontrolled 1.48942, -0.05%)  |a| 0.034  |grad| 3.79e+00  (37s)
  it  31 ph 3  window loss 118.87804  mean C_D 1.48551 (uncontrolled 1.48927, -0.25%)  |a| 0.064  |grad| 1.85e+00  (37s)
  it  32 ph 0  window loss 118.57824  mean C_D 1.48184 (uncontrolled 1.48944, -0.51%)  |a| 0.072  |grad| 4.45e+00  (37s)
  it  33 ph 1  window loss 118.62631  mean C_D 1.48238 (uncontrolled 1.48926, -0.46%)  |a| 0.050  |grad| 2.33e+00  (35s)
  it  34 ph 2  window loss 119.04884  mean C_D 1.48776 (uncontrolled 1.48942, -0.11%)  |a| 0.041  |grad| 3.77e+00  (36s)
  it  35 ph 3  window loss 118.78633  mean C_D 1.48429 (uncontrolled 1.48927, -0.33%)  |a| 0.074  |grad| 1.86e+00  (36s)
  it  36 ph 0  window loss 118.50511  mean C_D 1.48087 (uncontrolled 1.48944, -0.58%)  |a| 0.080  |grad| 4.39e+00  (34s)
  it  37 ph 1  window loss 118.54269  mean C_D 1.48128 (uncontrolled 1.48926, -0.54%)  |a| 0.061  |grad| 2.24e+00  (34s)
  it  38 ph 2  window loss 118.96373  mean C_D 1.48664 (uncontrolled 1.48942, -0.19%)  |a| 0.050  |grad| 3.76e+00  (39s)
  it  39 ph 3  window loss 118.68502  mean C_D 1.48295 (uncontrolled 1.48927, -0.42%)  |a| 0.087  |grad| 1.85e+00  (35s)
  it  40 ph 0  window loss 118.42621  mean C_D 1.47982 (uncontrolled 1.48944, -0.65%)  |a| 0.090  |grad| 4.32e+00  (35s)
  it  41 ph 1  window loss 118.45425  mean C_D 1.48013 (uncontrolled 1.48926, -0.61%)  |a| 0.074  |grad| 2.11e+00  (35s)
  it  42 ph 2  window loss 118.86960  mean C_D 1.48541 (uncontrolled 1.48942, -0.27%)  |a| 0.062  |grad| 3.74e+00  (33s)
  it  43 ph 3  window loss 118.57732  mean C_D 1.48153 (uncontrolled 1.48927, -0.52%)  |a| 0.101  |grad| 1.81e+00  (40s)
  it  44 ph 0  window loss 118.34249  mean C_D 1.47870 (uncontrolled 1.48944, -0.72%)  |a| 0.102  |grad| 4.23e+00  (40s)
  it  45 ph 1  window loss 118.36383  mean C_D 1.47894 (uncontrolled 1.48926, -0.69%)  |a| 0.088  |grad| 1.94e+00  (35s)
  it  46 ph 2  window loss 118.76970  mean C_D 1.48410 (uncontrolled 1.48942, -0.36%)  |a| 0.075  |grad| 3.72e+00  (32s)
  it  47 ph 3  window loss 118.46747  mean C_D 1.48009 (uncontrolled 1.48927, -0.62%)  |a| 0.116  |grad| 1.73e+00  (36s)
  it  48 ph 0  window loss 118.25536  mean C_D 1.47753 (uncontrolled 1.48944, -0.80%)  |a| 0.114  |grad| 4.14e+00  (34s)
  it  49 ph 1  window loss 118.27497  mean C_D 1.47777 (uncontrolled 1.48926, -0.77%)  |a| 0.105  |grad| 1.75e+00  (35s)
RESULT dpc_h80x5_znmf: closed loop over 1 period(s) from phase 0 (119 control steps): mean C_D 1.47281 vs uncontrolled 1.48933 (-1.11%)  C_L rms 0.1864 vs 0.1968  mean |a| 0.099  mean (a1, a2) (+0.058, -0.058)
