dpc_freejets_amax1.0: coarse butterfly 1776 cells, Re 100, period 5.939 (594 steps), window H 8 x 5 steps = 0.40 time units (0.07 periods); independent jets; fixed start; lr 0.003 clip 0.5 w_act 0.05 w_lift 0.0; 4 phases; uncontrolled window C_D by phase [1.4873, 1.4915, 1.4873, 1.4915]; policy 866 parameters, 24 pressure probes, |a| <= 1.0; 4 threads
  it   0 ph 0  window loss  11.91433  mean C_D 1.47653 (uncontrolled 1.48735, -0.73%)  |a| 0.019  |grad| 4.53e+00  (3s)
  it   1 ph 1  window loss  11.83366  mean C_D 1.46500 (uncontrolled 1.49146, -1.77%)  |a| 0.047  |grad| 4.81e+00  (3s)
  it   2 ph 2  window loss  11.72167  mean C_D 1.45089 (uncontrolled 1.48728, -2.45%)  |a| 0.066  |grad| 4.67e+00  (3s)
  it   3 ph 3  window loss  11.65413  mean C_D 1.44217 (uncontrolled 1.49153, -3.31%)  |a| 0.089  |grad| 4.72e+00  (3s)
  it   4 ph 0  window loss  11.48685  mean C_D 1.42019 (uncontrolled 1.48735, -4.52%)  |a| 0.121  |grad| 4.82e+00  (3s)
  it   5 ph 1  window loss  11.34500  mean C_D 1.39966 (uncontrolled 1.49146, -6.16%)  |a| 0.166  |grad| 5.25e+00  (3s)
  it   6 ph 2  window loss  11.22149  mean C_D 1.38333 (uncontrolled 1.48728, -6.99%)  |a| 0.189  |grad| 5.17e+00  (3s)
  it   7 ph 3  window loss  11.13754  mean C_D 1.37187 (uncontrolled 1.49153, -8.02%)  |a| 0.218  |grad| 5.26e+00  (3s)
  it   8 ph 0  window loss  10.93559  mean C_D 1.34541 (uncontrolled 1.48735, -9.54%)  |a| 0.259  |grad| 5.32e+00  (3s)
  it   9 ph 1  window loss  10.71329  mean C_D 1.31476 (uncontrolled 1.49146, -11.85%)  |a| 0.323  |grad| 5.68e+00  (3s)
  it  10 ph 2  window loss  10.56889  mean C_D 1.29599 (uncontrolled 1.48728, -12.86%)  |a| 0.351  |grad| 5.52e+00  (3s)
  it  11 ph 3  window loss  10.46843  mean C_D 1.28292 (uncontrolled 1.49153, -13.99%)  |a| 0.383  |grad| 5.45e+00  (3s)
  it  12 ph 0  window loss  10.25229  mean C_D 1.25567 (uncontrolled 1.48735, -15.58%)  |a| 0.426  |grad| 5.30e+00  (3s)
  it  13 ph 1  window loss   9.98095  mean C_D 1.22000 (uncontrolled 1.49146, -18.20%)  |a| 0.501  |grad| 5.33e+00  (3s)
  it  14 ph 2  window loss   9.83786  mean C_D 1.20219 (uncontrolled 1.48728, -19.17%)  |a| 0.528  |grad| 5.03e+00  (3s)
  it  15 ph 3  window loss   9.75006  mean C_D 1.19155 (uncontrolled 1.49153, -20.11%)  |a| 0.557  |grad| 4.78e+00  (3s)
  it  16 ph 0  window loss   9.56263  mean C_D 1.16892 (uncontrolled 1.48735, -21.41%)  |a| 0.591  |grad| 4.44e+00  (3s)
  it  17 ph 1  window loss   9.29838  mean C_D 1.13519 (uncontrolled 1.49146, -23.89%)  |a| 0.665  |grad| 4.19e+00  (3s)
  it  18 ph 2  window loss   9.18483  mean C_D 1.12167 (uncontrolled 1.48728, -24.58%)  |a| 0.684  |grad| 3.84e+00  (3s)
  it  19 ph 3  window loss   9.13575  mean C_D 1.11638 (uncontrolled 1.49153, -25.15%)  |a| 0.702  |grad| 3.53e+00  (3s)
  it  20 ph 0  window loss   9.00348  mean C_D 1.10108 (uncontrolled 1.48735, -25.97%)  |a| 0.724  |grad| 3.17e+00  (3s)
  it  21 ph 1  window loss   8.78117  mean C_D 1.07318 (uncontrolled 1.49146, -28.05%)  |a| 0.786  |grad| 2.81e+00  (3s)
  it  22 ph 2  window loss   8.70531  mean C_D 1.06442 (uncontrolled 1.48728, -28.43%)  |a| 0.796  |grad| 2.54e+00  (3s)
  it  23 ph 3  window loss   8.70111  mean C_D 1.06488 (uncontrolled 1.49153, -28.60%)  |a| 0.803  |grad| 2.28e+00  (3s)
  it  24 ph 0  window loss   8.62489  mean C_D 1.05664 (uncontrolled 1.48735, -28.96%)  |a| 0.811  |grad| 2.00e+00  (3s)
  it  25 ph 1  window loss   8.45865  mean C_D 1.03600 (uncontrolled 1.49146, -30.54%)  |a| 0.860  |grad| 1.61e+00  (3s)
  it  26 ph 2  window loss   8.41261  mean C_D 1.03080 (uncontrolled 1.48728, -30.69%)  |a| 0.862  |grad| 1.44e+00  (3s)
  it  27 ph 3  window loss   8.44656  mean C_D 1.03589 (uncontrolled 1.49153, -30.55%)  |a| 0.859  |grad| 1.28e+00  (3s)
  it  28 ph 0  window loss   8.41371  mean C_D 1.03278 (uncontrolled 1.48735, -30.56%)  |a| 0.857  |grad| 1.15e+00  (3s)
  it  29 ph 1  window loss   8.28527  mean C_D 1.01585 (uncontrolled 1.49146, -31.89%)  |a| 0.899  |grad| 9.50e-01  (3s)
  it  30 ph 2  window loss   8.25396  mean C_D 1.01207 (uncontrolled 1.48728, -31.95%)  |a| 0.899  |grad| 9.04e-01  (3s)
  it  31 ph 3  window loss   8.31210  mean C_D 1.01989 (uncontrolled 1.49153, -31.62%)  |a| 0.891  |grad| 8.40e-01  (3s)
  it  32 ph 0  window loss   8.30216  mean C_D 1.01931 (uncontrolled 1.48735, -31.47%)  |a| 0.883  |grad| 8.01e-01  (3s)
  it  33 ph 1  window loss   8.17729  mean C_D 1.00242 (uncontrolled 1.49146, -32.79%)  |a| 0.927  |grad| 7.01e-01  (3s)
  it  34 ph 2  window loss   8.14470  mean C_D 0.99817 (uncontrolled 1.48728, -32.89%)  |a| 0.927  |grad| 7.06e-01  (3s)
  it  35 ph 3  window loss   8.21311  mean C_D 1.00688 (uncontrolled 1.49153, -32.49%)  |a| 0.917  |grad| 7.23e-01  (3s)
  it  36 ph 0  window loss   8.21392  mean C_D 1.00744 (uncontrolled 1.48735, -32.27%)  |a| 0.907  |grad| 7.27e-01  (3s)
  it  37 ph 1  window loss   8.09411  mean C_D 0.99203 (uncontrolled 1.49146, -33.49%)  |a| 0.948  |grad| 5.20e-01  (3s)
  it  38 ph 2  window loss   8.05574  mean C_D 0.98706 (uncontrolled 1.48728, -33.63%)  |a| 0.950  |grad| 5.14e-01  (3s)
  it  39 ph 3  window loss   8.12094  mean C_D 0.99519 (uncontrolled 1.49153, -33.28%)  |a| 0.942  |grad| 5.71e-01  (3s)
  it  40 ph 0  window loss   8.12165  mean C_D 0.99537 (uncontrolled 1.48735, -33.08%)  |a| 0.932  |grad| 6.28e-01  (3s)
  it  41 ph 1  window loss   8.03094  mean C_D 0.98424 (uncontrolled 1.49146, -34.01%)  |a| 0.965  |grad| 3.71e-01  (3s)
  it  42 ph 2  window loss   7.98956  mean C_D 0.97898 (uncontrolled 1.48728, -34.18%)  |a| 0.967  |grad| 3.57e-01  (3s)
  it  43 ph 3  window loss   8.04920  mean C_D 0.98644 (uncontrolled 1.49153, -33.86%)  |a| 0.960  |grad| 4.04e-01  (3s)
  it  44 ph 0  window loss   8.04479  mean C_D 0.98595 (uncontrolled 1.48735, -33.71%)  |a| 0.952  |grad| 4.51e-01  (3s)
  it  45 ph 1  window loss   7.98592  mean C_D 0.97874 (uncontrolled 1.49146, -34.38%)  |a| 0.976  |grad| 2.66e-01  (3s)
  it  46 ph 2  window loss   7.94420  mean C_D 0.97349 (uncontrolled 1.48728, -34.55%)  |a| 0.979  |grad| 2.48e-01  (3s)
  it  47 ph 3  window loss   7.99892  mean C_D 0.98035 (uncontrolled 1.49153, -34.27%)  |a| 0.973  |grad| 2.90e-01  (3s)
  it  48 ph 0  window loss   7.99027  mean C_D 0.97934 (uncontrolled 1.48735, -34.16%)  |a| 0.966  |grad| 3.30e-01  (3s)
  it  49 ph 1  window loss   7.95561  mean C_D 0.97507 (uncontrolled 1.49146, -34.62%)  |a| 0.984  |grad| 1.91e-01  (3s)
  it  50 ph 2  window loss   7.91509  mean C_D 0.97000 (uncontrolled 1.48728, -34.78%)  |a| 0.986  |grad| 1.73e-01  (3s)
  it  51 ph 3  window loss   7.96548  mean C_D 0.97632 (uncontrolled 1.49153, -34.54%)  |a| 0.982  |grad| 2.11e-01  (3s)
  it  52 ph 0  window loss   7.95305  mean C_D 0.97483 (uncontrolled 1.48735, -34.46%)  |a| 0.976  |grad| 2.48e-01  (3s)
  it  53 ph 1  window loss   7.93622  mean C_D 0.97274 (uncontrolled 1.49146, -34.78%)  |a| 0.989  |grad| 1.38e-01  (3s)
  it  54 ph 2  window loss   7.89725  mean C_D 0.96786 (uncontrolled 1.48728, -34.92%)  |a| 0.991  |grad| 1.22e-01  (3s)
  it  55 ph 3  window loss   7.94403  mean C_D 0.97374 (uncontrolled 1.49153, -34.72%)  |a| 0.987  |grad| 1.56e-01  (3s)
  it  56 ph 0  window loss   7.92824  mean C_D 0.97183 (uncontrolled 1.48735, -34.66%)  |a| 0.983  |grad| 1.91e-01  (3s)
  it  57 ph 1  window loss   7.92410  mean C_D 0.97128 (uncontrolled 1.49146, -34.88%)  |a| 0.993  |grad| 1.02e-01  (3s)
  it  58 ph 2  window loss   7.88647  mean C_D 0.96657 (uncontrolled 1.48728, -35.01%)  |a| 0.994  |grad| 8.83e-02  (3s)
  it  59 ph 3  window loss   7.93047  mean C_D 0.97210 (uncontrolled 1.49153, -34.82%)  |a| 0.991  |grad| 1.18e-01  (3s)
RESULT dpc_freejets_amax1.0: closed loop over 1 period(s) from phase 0 (119 control steps): mean C_D 0.99147 vs uncontrolled 1.48933 (-33.43%)  C_L rms 0.1358 vs 0.1968  mean |a| 0.988  mean (a1, a2) (-0.988, -0.988)
