dpc_naca_h10_s2: NACA0012 alpha 40, 8260 cells, Re 100, snapshot seed 2; action = 54 steps x dt 0.01 (0.54 time units), gust to t = 28.9 (54 actions); window H 10 actions (540 solver steps per gradient), episode 60 actions; policy 4547 parameters on (u, v) at the probe; C_D0 1.0344 C_L0 0.9762; 4 threads
/work/upict/uadj_dpc_naca.py:41: UserWarning: Converting a tensor with requires_grad=True to a scalar may lead to unexpected behavior.
Consider using tensor.detach() first. (Triggered internally at /__w/pytorch/pytorch/torch/csrc/autograd/generated/python_variable_methods.cpp:820.)
  t = float(st["t"]) if "t" in st else 0.0; a_prev = st["a_prev"] if st.get("a_prev") is not None else torch.zeros(3)
  it   0  window actions 0-10 (t   0.0-  5.4)  return   -1.142  zero-action   -1.055  |grad| 1.06e+01  (171s)
  it   1  window actions 10-20 (t   5.4- 10.8)  return   -2.264  zero-action   -3.063  |grad| 1.53e+01  (161s)
  it   2  window actions 20-30 (t  10.8- 16.2)  return   -8.582  zero-action  -10.597  |grad| 2.77e+01  (162s)
  it   3  window actions 30-40 (t  16.2- 21.6)  return  -13.887  zero-action  -17.275  |grad| 3.08e+01  (162s)
  it   4  window actions 40-50 (t  21.6- 27.0)  return   -8.338  zero-action  -13.328  |grad| 2.69e+01  (163s)
  it   5  window actions 50-60 (t  27.0- 32.4)  return   -3.678  zero-action   -5.876  |grad| 2.39e+01  (162s)
  it   6  window actions 0-10 (t   0.0-  5.4)  return   -7.021  zero-action   -1.055  |grad| 3.52e+01  (163s)
  it   7  window actions 10-20 (t   5.4- 10.8)  return   -6.160  zero-action   -3.019  |grad| 4.02e+01  (164s)
  it   8  window actions 20-30 (t  10.8- 16.2)  return   -4.314  zero-action  -10.164  |grad| 1.42e+01  (161s)
  it   9  window actions 30-40 (t  16.2- 21.6)  return   -8.396  zero-action  -16.715  |grad| 3.72e+01  (160s)
  it  10  window actions 40-50 (t  21.6- 27.0)  return   -6.031  zero-action  -13.073  |grad| 1.54e+01  (162s)
  it  11  window actions 50-60 (t  27.0- 32.4)  return   -3.109  zero-action   -5.795  |grad| 2.25e+01  (163s)
  it  12  window actions 0-10 (t   0.0-  5.4)  return   -6.457  zero-action   -1.055  |grad| 3.59e+01  (164s)
  it  13  window actions 10-20 (t   5.4- 10.8)  return   -4.742  zero-action   -2.986  |grad| 3.66e+01  (161s)
  it  14  window actions 20-30 (t  10.8- 16.2)  return   -3.358  zero-action  -10.201  |grad| 1.17e+01  (163s)
  it  15  window actions 30-40 (t  16.2- 21.6)  return   -8.428  zero-action  -16.961  |grad| 3.82e+01  (162s)
  it  16  window actions 40-50 (t  21.6- 27.0)  return   -5.976  zero-action  -13.127  |grad| 3.07e+01  (162s)
  it  17  window actions 50-60 (t  27.0- 32.4)  return   -2.311  zero-action   -5.824  |grad| 1.05e+01  (162s)
  it  18  window actions 0-10 (t   0.0-  5.4)  return   -4.518  zero-action   -1.055  |grad| 3.63e+01  (163s)
  it  19  window actions 10-20 (t   5.4- 10.8)  return   -3.617  zero-action   -2.924  |grad| 3.64e+01  (163s)
  it  20  window actions 20-30 (t  10.8- 16.2)  return   -2.954  zero-action  -10.258  |grad| 9.25e+00  (161s)
  it  21  window actions 30-40 (t  16.2- 21.6)  return   -7.224  zero-action  -17.071  |grad| 3.66e+01  (162s)
  it  22  window actions 40-50 (t  21.6- 27.0)  return   -5.226  zero-action  -13.112  |grad| 2.16e+01  (162s)
  it  23  window actions 50-60 (t  27.0- 32.4)  return   -2.408  zero-action   -5.825  |grad| 1.71e+01  (161s)
  it  24  window actions 0-10 (t   0.0-  5.4)  return   -3.727  zero-action   -1.055  |grad| 3.55e+01  (162s)
  it  25  window actions 10-20 (t   5.4- 10.8)  return   -3.918  zero-action   -2.896  |grad| 3.50e+01  (163s)
  it  26  window actions 20-30 (t  10.8- 16.2)  return   -3.201  zero-action  -10.310  |grad| 2.94e+01  (163s)
  it  27  window actions 30-40 (t  16.2- 21.6)  return   -5.750  zero-action  -16.878  |grad| 9.05e+00  (162s)
  it  28  window actions 40-50 (t  21.6- 27.0)  return   -4.414  zero-action  -13.006  |grad| 1.29e+01  (164s)
  it  29  window actions 50-60 (t  27.0- 32.4)  return   -2.508  zero-action   -5.832  |grad| 1.42e+01  (163s)
  it  30  window actions 0-10 (t   0.0-  5.4)  return   -1.864  zero-action   -1.055  |grad| 1.81e+01  (162s)
  it  31  window actions 10-20 (t   5.4- 10.8)  return   -2.577  zero-action   -2.965  |grad| 3.47e+01  (161s)
  it  32  window actions 20-30 (t  10.8- 16.2)  return   -3.191  zero-action  -10.311  |grad| 2.74e+01  (161s)
  it  33  window actions 30-40 (t  16.2- 21.6)  return   -5.485  zero-action  -16.848  |grad| 7.88e+00  (161s)
  it  34  window actions 40-50 (t  21.6- 27.0)  return   -4.452  zero-action  -12.988  |grad| 1.99e+01  (162s)
  it  35  window actions 50-60 (t  27.0- 32.4)  return   -3.895  zero-action   -5.905  |grad| 3.61e+01  (162s)
  it  36  window actions 0-10 (t   0.0-  5.4)  return   -3.127  zero-action   -1.055  |grad| 3.64e+01  (161s)
  it  37  window actions 10-20 (t   5.4- 10.8)  return   -1.753  zero-action   -3.097  |grad| 1.17e+01  (161s)
  it  38  window actions 20-30 (t  10.8- 16.2)  return   -3.277  zero-action  -10.285  |grad| 2.17e+01  (162s)
  it  39  window actions 30-40 (t  16.2- 21.6)  return   -5.134  zero-action  -16.845  |grad| 6.40e+00  (162s)
  it  40  window actions 40-50 (t  21.6- 27.0)  return   -3.751  zero-action  -12.960  |grad| 6.45e+00  (170s)
  it  41  window actions 50-60 (t  27.0- 32.4)  return   -2.801  zero-action   -5.862  |grad| 1.65e+01  (161s)
  it  42  window actions 0-10 (t   0.0-  5.4)  return   -1.805  zero-action   -1.055  |grad| 3.49e+01  (165s)
  it  43  window actions 10-20 (t   5.4- 10.8)  return   -3.064  zero-action   -3.026  |grad| 2.92e+01  (173s)
  it  44  window actions 20-30 (t  10.8- 16.2)  return   -3.981  zero-action  -10.290  |grad| 1.69e+01  (170s)
  it  45  window actions 30-40 (t  16.2- 21.6)  return   -4.731  zero-action  -16.866  |grad| 5.06e+00  (166s)
  it  46  window actions 40-50 (t  21.6- 27.0)  return   -3.574  zero-action  -12.956  |grad| 5.40e+00  (171s)
  it  47  window actions 50-60 (t  27.0- 32.4)  return   -2.619  zero-action   -5.761  |grad| 1.41e+01  (166s)
  it  48  window actions 0-10 (t   0.0-  5.4)  return   -1.247  zero-action   -1.055  |grad| 9.77e+00  (172s)
  it  49  window actions 10-20 (t   5.4- 10.8)  return   -3.076  zero-action   -2.949  |grad| 2.80e+01  (169s)
  it  50  window actions 20-30 (t  10.8- 16.2)  return   -3.551  zero-action  -10.267  |grad| 8.09e+00  (170s)
  it  51  window actions 30-40 (t  16.2- 21.6)  return   -4.995  zero-action  -17.082  |grad| 1.86e+01  (170s)
  it  52  window actions 40-50 (t  21.6- 27.0)  return   -4.061  zero-action  -13.065  |grad| 2.03e+01  (170s)
  it  53  window actions 50-60 (t  27.0- 32.4)  return   -4.120  zero-action   -5.894  |grad| 3.26e+01  (176s)
  it  54  window actions 0-10 (t   0.0-  5.4)  return   -3.818  zero-action   -1.055  |grad| 3.25e+01  (168s)
  it  55  window actions 10-20 (t   5.4- 10.8)  return   -1.610  zero-action   -3.145  |grad| 1.35e+01  (170s)
  it  56  window actions 20-30 (t  10.8- 16.2)  return   -3.170  zero-action  -10.117  |grad| 9.07e+00  (165s)
  it  57  window actions 30-40 (t  16.2- 21.6)  return   -4.797  zero-action  -16.967  |grad| 1.86e+01  (165s)
  it  58  window actions 40-50 (t  21.6- 27.0)  return   -3.782  zero-action  -13.030  |grad| 1.07e+01  (166s)
  it  59  window actions 50-60 (t  27.0- 32.4)  return   -2.520  zero-action   -5.834  |grad| 1.07e+01  (168s)
RESULT dpc_naca_h10_s2: return policy -38.06  zero-action -64.26  improvement +40.8%  mean |dC_L| during the gust 0.289 (zero 0.728) after 0.114 (zero 0.096)  peak C_L 2.05 (zero 3.08)  mean action [-0.156, -0.071, 0.179]  [PPO of record: -30.3 vs -64.2, +53%]
