dpc_h240x5_znmf_roll: coarse butterfly 1776 cells, Re 100, period 5.939 (594 steps), window H 240 x 5 steps = 12.00 time units (2.02 periods); ZNMF (+a, -a); rolling start; lr 0.01 clip 0.5; 2 phases; uncontrolled window C_D by phase [1.4893, 1.4893]; policy 833 parameters, 24 pressure probes, |a| <= 0.5; 8 threads
  it   0 ph 0  window loss 357.34008  mean C_D 1.48339 (uncontrolled 1.48951, -0.41%)  |a| 0.044  |grad| 2.09e+01  (148s)
  it   1 ph 1  window loss 358.12669  mean C_D 1.48993 (uncontrolled 1.48175, +0.55%)  |a| 0.038  |grad| 1.69e+01  (159s)
  it   2 ph 0  window loss 355.83570  mean C_D 1.47946 (uncontrolled 1.48433, -0.33%)  |a| 0.050  |grad| 2.33e+01  (165s)
  it   3 ph 1  window loss 355.61590  mean C_D 1.47939 (uncontrolled 1.47114, +0.56%)  |a| 0.046  |grad| 1.52e+01  (161s)
  it   4 ph 0  window loss 353.53337  mean C_D 1.46961 (uncontrolled 1.47453, -0.33%)  |a| 0.057  |grad| 2.45e+01  (155s)
  it   5 ph 1  window loss 352.31970  mean C_D 1.46538 (uncontrolled 1.45739, +0.55%)  |a| 0.053  |grad| 1.44e+01  (155s)
  it   6 ph 0  window loss 350.10095  mean C_D 1.45508 (uncontrolled 1.46021, -0.35%)  |a| 0.064  |grad| 2.46e+01  (153s)
  it   7 ph 1  window loss 348.43620  mean C_D 1.44919 (uncontrolled 1.44032, +0.62%)  |a| 0.059  |grad| 1.34e+01  (150s)
  it   8 ph 0  window loss 345.95388  mean C_D 1.43810 (uncontrolled 1.44075, -0.18%)  |a| 0.071  |grad| 2.24e+01  (156s)
  it   9 ph 1  window loss 344.10276  mean C_D 1.43159 (uncontrolled 1.42451, +0.50%)  |a| 0.063  |grad| 1.06e+01  (146s)
  it  10 ph 0  window loss 341.58400  mean C_D 1.42076 (uncontrolled 1.41834, +0.17%)  |a| 0.078  |grad| 1.62e+01  (154s)
  it  11 ph 1  window loss 339.68186  mean C_D 1.41383 (uncontrolled 1.41610, -0.16%)  |a| 0.073  |grad| 5.09e+00  (159s)
  it  12 ph 0  window loss 337.36703  mean C_D 1.40389 (uncontrolled 1.39450, +0.67%)  |a| 0.096  |grad| 5.90e+00  (155s)
  it  13 ph 1  window loss 335.34543  mean C_D 1.39387 (uncontrolled 1.40473, -0.77%)  |a| 0.118  |grad| 1.22e+01  (158s)
  it  14 ph 0  window loss 333.69472  mean C_D 1.38925 (uncontrolled 1.38868, +0.04%)  |a| 0.129  |grad| 4.34e+00  (166s)
  it  15 ph 1  window loss 331.09369  mean C_D 1.37514 (uncontrolled 1.37596, -0.06%)  |a| 0.167  |grad| 1.82e+01  (153s)
  it  16 ph 0  window loss 330.41574  mean C_D 1.37311 (uncontrolled 1.40398, -2.20%)  |a| 0.207  |grad| 8.22e+00  (155s)
  it  17 ph 1  window loss 327.17945  mean C_D 1.35844 (uncontrolled 1.37430, -1.15%)  |a| 0.275  |grad| 8.72e+00  (150s)
  it  18 ph 0  window loss 326.08684  mean C_D 1.34816 (uncontrolled 1.39934, -3.66%)  |a| 0.335  |grad| 2.00e+01  (157s)
  it  19 ph 1  window loss 325.40645  mean C_D 1.34983 (uncontrolled 1.42824, -5.49%)  |a| 0.387  |grad| 8.48e+00  (157s)
  it  20 ph 0  window loss 320.39604  mean C_D 1.32469 (uncontrolled 1.36789, -3.16%)  |a| 0.436  |grad| 1.56e+01  (153s)
  it  21 ph 1  window loss 326.03791  mean C_D 1.35215 (uncontrolled 1.47149, -8.11%)  |a| 0.462  |grad| 6.60e+00  (157s)
  it  22 ph 0  window loss 321.29186  mean C_D 1.33439 (uncontrolled 1.40667, -5.14%)  |a| 0.478  |grad| 8.84e-01  (156s)
  it  23 ph 1  window loss 330.48449  mean C_D 1.37217 (uncontrolled 1.50510, -8.83%)  |a| 0.487  |grad| 1.51e+00  (159s)
  it  24 ph 0  window loss 332.24011  mean C_D 1.38018 (uncontrolled 1.44781, -4.67%)  |a| 0.491  |grad| 1.99e+00  (156s)
  it  25 ph 1  window loss 337.79814  mean C_D 1.40284 (uncontrolled 1.52104, -7.77%)  |a| 0.493  |grad| 6.10e-01  (158s)
  it  26 ph 0  window loss 339.77938  mean C_D 1.41105 (uncontrolled 1.45600, -3.09%)  |a| 0.493  |grad| 1.99e+00  (152s)
  it  27 ph 1  window loss 341.94882  mean C_D 1.41994 (uncontrolled 1.52354, -6.80%)  |a| 0.492  |grad| 1.02e+00  (154s)
  it  28 ph 0  window loss 342.43991  mean C_D 1.42150 (uncontrolled 1.44797, -1.83%)  |a| 0.489  |grad| 2.66e+00  (153s)
  it  29 ph 1  window loss 342.67944  mean C_D 1.42251 (uncontrolled 1.51666, -6.21%)  |a| 0.485  |grad| 1.80e+00  (149s)
  it  30 ph 0  window loss 341.81585  mean C_D 1.41742 (uncontrolled 1.43363, -1.13%)  |a| 0.477  |grad| 4.57e+00  (157s)
  it  31 ph 1  window loss 340.77883  mean C_D 1.41363 (uncontrolled 1.49563, -5.48%)  |a| 0.464  |grad| 3.18e+00  (150s)
  it  32 ph 0  window loss 337.87391  mean C_D 1.39914 (uncontrolled 1.41675, -1.24%)  |a| 0.444  |grad| 6.95e+00  (161s)
  it  33 ph 1  window loss 335.00491  mean C_D 1.39141 (uncontrolled 1.44401, -3.64%)  |a| 0.418  |grad| 2.22e+00  (155s)
  it  34 ph 0  window loss 329.50554  mean C_D 1.37161 (uncontrolled 1.40121, -2.11%)  |a| 0.371  |grad| 2.13e+00  (152s)
  it  35 ph 1  window loss 326.07313  mean C_D 1.36200 (uncontrolled 1.37291, -0.79%)  |a| 0.342  |grad| 1.42e+01  (171s)
  it  36 ph 0  window loss 321.91146  mean C_D 1.34365 (uncontrolled 1.35910, -1.14%)  |a| 0.289  |grad| 1.92e+01  (154s)
  it  37 ph 1  window loss 322.23309  mean C_D 1.34205 (uncontrolled 1.34817, -0.45%)  |a| 0.275  |grad| 1.76e+01  (159s)
  it  38 ph 0  window loss 319.89851  mean C_D 1.32981 (uncontrolled 1.34939, -1.45%)  |a| 0.283  |grad| 1.76e+01  (157s)
  it  39 ph 1  window loss 318.61555  mean C_D 1.32262 (uncontrolled 1.37607, -3.88%)  |a| 0.309  |grad| 1.53e+01  (189s)
RESULT dpc_h240x5_znmf_roll: closed loop over 2 period(s) from phase 0 (238 control steps): mean C_D 1.31917 vs uncontrolled 1.34926 (-2.23%)  C_L rms 0.0251 vs 0.1376  mean |a| 0.308  mean (a1, a2) (+0.308, -0.308)
