dpc_naca_h10_s0: NACA0012 alpha 40, 8260 cells, Re 100, snapshot seed 0; action = 54 steps x dt 0.01 (0.54 time units), gust to t = 28.9 (54 actions); window H 10 actions (540 solver steps per gradient), episode 60 actions; policy 4547 parameters on (u, v) at the probe; C_D0 1.0344 C_L0 0.9762; 4 threads
/work/upict/uadj_dpc_naca.py:41: UserWarning: Converting a tensor with requires_grad=True to a scalar may lead to unexpected behavior.
Consider using tensor.detach() first. (Triggered internally at /__w/pytorch/pytorch/torch/csrc/autograd/generated/python_variable_methods.cpp:820.)
  t = float(st["t"]) if "t" in st else 0.0; a_prev = st["a_prev"] if st.get("a_prev") is not None else torch.zeros(3)
  it   0  window actions 0-10 (t   0.0-  5.4)  return   -1.086  zero-action   -1.055  |grad| 7.99e+00  (173s)
  it   1  window actions 10-20 (t   5.4- 10.8)  return   -2.447  zero-action   -3.053  |grad| 2.71e+01  (162s)
  it   2  window actions 20-30 (t  10.8- 16.2)  return   -9.053  zero-action  -10.596  |grad| 2.88e+01  (163s)
  it   3  window actions 30-40 (t  16.2- 21.6)  return  -14.631  zero-action  -17.361  |grad| 3.17e+01  (161s)
  it   4  window actions 40-50 (t  21.6- 27.0)  return   -9.191  zero-action  -13.367  |grad| 3.48e+01  (161s)
  it   5  window actions 50-60 (t  27.0- 32.4)  return   -2.446  zero-action   -5.890  |grad| 1.04e+01  (163s)
  it   6  window actions 0-10 (t   0.0-  5.4)  return   -6.149  zero-action   -1.055  |grad| 3.76e+01  (162s)
  it   7  window actions 10-20 (t   5.4- 10.8)  return   -4.988  zero-action   -2.958  |grad| 3.86e+01  (162s)
  it   8  window actions 20-30 (t  10.8- 16.2)  return   -3.755  zero-action  -10.190  |grad| 1.29e+01  (162s)
  it   9  window actions 30-40 (t  16.2- 21.6)  return   -8.371  zero-action  -16.924  |grad| 3.79e+01  (163s)
  it  10  window actions 40-50 (t  21.6- 27.0)  return   -5.484  zero-action  -13.102  |grad| 1.50e+01  (164s)
  it  11  window actions 50-60 (t  27.0- 32.4)  return   -3.600  zero-action   -5.746  |grad| 2.20e+01  (161s)
  it  12  window actions 0-10 (t   0.0-  5.4)  return   -8.091  zero-action   -1.055  |grad| 3.73e+01  (164s)
  it  13  window actions 10-20 (t   5.4- 10.8)  return   -6.689  zero-action   -3.082  |grad| 3.69e+01  (162s)
  it  14  window actions 20-30 (t  10.8- 16.2)  return   -3.197  zero-action  -10.267  |grad| 1.45e+01  (161s)
  it  15  window actions 30-40 (t  16.2- 21.6)  return   -6.792  zero-action  -16.941  |grad| 3.68e+01  (161s)
  it  16  window actions 40-50 (t  21.6- 27.0)  return   -4.866  zero-action  -13.072  |grad| 1.35e+01  (162s)
  it  17  window actions 50-60 (t  27.0- 32.4)  return   -3.068  zero-action   -5.751  |grad| 1.45e+01  (164s)
  it  18  window actions 0-10 (t   0.0-  5.4)  return   -6.080  zero-action   -1.055  |grad| 3.76e+01  (164s)
  it  19  window actions 10-20 (t   5.4- 10.8)  return   -4.614  zero-action   -3.018  |grad| 3.73e+01  (162s)
  it  20  window actions 20-30 (t  10.8- 16.2)  return   -3.081  zero-action  -10.295  |grad| 1.39e+01  (161s)
  it  21  window actions 30-40 (t  16.2- 21.6)  return   -7.785  zero-action  -17.233  |grad| 3.65e+01  (161s)
  it  22  window actions 40-50 (t  21.6- 27.0)  return   -5.849  zero-action  -13.165  |grad| 3.12e+01  (164s)
  it  23  window actions 50-60 (t  27.0- 32.4)  return   -3.214  zero-action   -5.831  |grad| 2.25e+01  (162s)
  it  24  window actions 0-10 (t   0.0-  5.4)  return   -3.084  zero-action   -1.055  |grad| 3.47e+01  (162s)
  it  25  window actions 10-20 (t   5.4- 10.8)  return   -2.648  zero-action   -2.981  |grad| 3.78e+01  (163s)
  it  26  window actions 20-30 (t  10.8- 16.2)  return   -2.717  zero-action  -10.328  |grad| 8.28e+00  (162s)
  it  27  window actions 30-40 (t  16.2- 21.6)  return   -6.461  zero-action  -17.147  |grad| 3.53e+01  (162s)
  it  28  window actions 40-50 (t  21.6- 27.0)  return   -5.108  zero-action  -13.107  |grad| 2.14e+01  (162s)
  it  29  window actions 50-60 (t  27.0- 32.4)  return   -2.833  zero-action   -5.866  |grad| 2.10e+01  (164s)
  it  30  window actions 0-10 (t   0.0-  5.4)  return   -1.926  zero-action   -1.055  |grad| 1.09e+01  (163s)
  it  31  window actions 10-20 (t   5.4- 10.8)  return   -2.809  zero-action   -2.991  |grad| 3.66e+01  (162s)
  it  32  window actions 20-30 (t  10.8- 16.2)  return   -3.959  zero-action  -10.352  |grad| 2.85e+01  (161s)
  it  33  window actions 30-40 (t  16.2- 21.6)  return   -5.562  zero-action  -16.741  |grad| 7.69e+00  (163s)
  it  34  window actions 40-50 (t  21.6- 27.0)  return   -4.281  zero-action  -12.928  |grad| 8.30e+00  (165s)
  it  35  window actions 50-60 (t  27.0- 32.4)  return   -2.675  zero-action   -5.855  |grad| 1.76e+01  (163s)
  it  36  window actions 0-10 (t   0.0-  5.4)  return   -1.494  zero-action   -1.055  |grad| 1.78e+01  (161s)
  it  37  window actions 10-20 (t   5.4- 10.8)  return   -2.962  zero-action   -3.003  |grad| 3.16e+01  (163s)
  it  38  window actions 20-30 (t  10.8- 16.2)  return   -4.909  zero-action  -10.353  |grad| 3.64e+01  (163s)
  it  39  window actions 30-40 (t  16.2- 21.6)  return   -5.288  zero-action  -16.590  |grad| 1.08e+01  (164s)
  it  40  window actions 40-50 (t  21.6- 27.0)  return   -4.163  zero-action  -12.856  |grad| 1.30e+01  (169s)
  it  41  window actions 50-60 (t  27.0- 32.4)  return   -2.361  zero-action   -5.810  |grad| 1.02e+01  (161s)
