policy initialised from results/uadj_dpc/dpc_h40x5_znmf_policy.pt
dpc_h40x5_znmf_roll: coarse butterfly 1776 cells, Re 100, period 5.939 (594 steps), window H 40 x 5 steps = 2.00 time units (0.34 periods); ZNMF (+a, -a); rolling start; lr 0.01 clip 0.5; 4 phases; uncontrolled window C_D by phase [1.4908, 1.4879, 1.4908, 1.4879]; policy 833 parameters, 24 pressure probes, |a| <= 0.5; 6 threads
  it   0 ph 0  window loss  59.47743  mean C_D 1.48302 (uncontrolled 1.47514, +0.53%)  |a| 0.187  |grad| 1.10e+00  (20s)
  it   1 ph 1  window loss  59.18337  mean C_D 1.47513 (uncontrolled 1.47547, -0.02%)  |a| 0.249  |grad| 1.17e+00  (20s)
  it   2 ph 2  window loss  59.85891  mean C_D 1.49665 (uncontrolled 1.50258, -0.39%)  |a| 0.154  |grad| 1.45e+00  (22s)
  it   3 ph 3  window loss  59.77520  mean C_D 1.49250 (uncontrolled 1.50439, -0.79%)  |a| 0.169  |grad| 1.60e+00  (23s)
  it   4 ph 0  window loss  58.49015  mean C_D 1.46061 (uncontrolled 1.46267, -0.14%)  |a| 0.224  |grad| 1.35e+00  (24s)
  it   5 ph 1  window loss  59.01734  mean C_D 1.47504 (uncontrolled 1.48466, -0.65%)  |a| 0.129  |grad| 1.53e-01  (24s)
  it   6 ph 2  window loss  59.87386  mean C_D 1.49535 (uncontrolled 1.50922, -0.92%)  |a| 0.243  |grad| 2.55e-01  (21s)
  it   7 ph 3  window loss  59.09667  mean C_D 1.47335 (uncontrolled 1.47223, +0.08%)  |a| 0.352  |grad| 1.77e+00  (23s)
  it   8 ph 0  window loss  58.38290  mean C_D 1.45811 (uncontrolled 1.46905, -0.74%)  |a| 0.228  |grad| 3.59e-01  (21s)
  it   9 ph 1  window loss  58.51677  mean C_D 1.45831 (uncontrolled 1.46885, -0.72%)  |a| 0.399  |grad| 1.00e+00  (21s)
  it  10 ph 2  window loss  58.60764  mean C_D 1.45912 (uncontrolled 1.47415, -1.02%)  |a| 0.435  |grad| 1.42e+00  (24s)
  it  11 ph 3  window loss  57.70789  mean C_D 1.43707 (uncontrolled 1.46396, -1.84%)  |a| 0.404  |grad| 1.21e+00  (22s)
  it  12 ph 0  window loss  57.39018  mean C_D 1.42936 (uncontrolled 1.44955, -1.39%)  |a| 0.473  |grad| 5.73e-01  (21s)
  it  13 ph 1  window loss  56.94446  mean C_D 1.41792 (uncontrolled 1.45009, -2.22%)  |a| 0.476  |grad| 6.51e-01  (21s)
  it  14 ph 2  window loss  57.98544  mean C_D 1.44460 (uncontrolled 1.49523, -3.39%)  |a| 0.473  |grad| 3.40e-01  (23s)
  it  15 ph 3  window loss  57.53851  mean C_D 1.43361 (uncontrolled 1.48872, -3.70%)  |a| 0.488  |grad| 1.46e-01  (22s)
  it  16 ph 0  window loss  55.84417  mean C_D 1.39108 (uncontrolled 1.43279, -2.91%)  |a| 0.496  |grad| 1.71e-01  (24s)
  it  17 ph 1  window loss  56.62005  mean C_D 1.41061 (uncontrolled 1.47196, -4.17%)  |a| 0.496  |grad| 9.05e-02  (22s)
  it  18 ph 2  window loss  57.79071  mean C_D 1.43992 (uncontrolled 1.49082, -3.41%)  |a| 0.499  |grad| 3.98e-02  (24s)
  it  19 ph 3  window loss  56.68322  mean C_D 1.41225 (uncontrolled 1.45626, -3.02%)  |a| 0.500  |grad| 2.40e-02  (23s)
  it  20 ph 0  window loss  55.65044  mean C_D 1.38644 (uncontrolled 1.44952, -4.35%)  |a| 0.499  |grad| 2.25e-02  (20s)
  it  21 ph 1  window loss  56.20692  mean C_D 1.40036 (uncontrolled 1.45180, -3.54%)  |a| 0.500  |grad| 1.07e-02  (22s)
  it  22 ph 2  window loss  56.62039  mean C_D 1.41070 (uncontrolled 1.45961, -3.35%)  |a| 0.500  |grad| 5.90e-03  (22s)
  it  23 ph 3  window loss  56.10331  mean C_D 1.39777 (uncontrolled 1.45739, -4.09%)  |a| 0.500  |grad| 5.42e-03  (21s)
  it  24 ph 0  window loss  55.33416  mean C_D 1.37854 (uncontrolled 1.43244, -3.76%)  |a| 0.500  |grad| 3.59e-03  (22s)
  it  25 ph 1  window loss  55.59119  mean C_D 1.38497 (uncontrolled 1.44262, -4.00%)  |a| 0.500  |grad| 2.52e-03  (24s)
  it  26 ph 2  window loss  57.14488  mean C_D 1.42382 (uncontrolled 1.49405, -4.70%)  |a| 0.500  |grad| 1.58e-03  (25s)
  it  27 ph 3  window loss  56.94840  mean C_D 1.41890 (uncontrolled 1.49333, -4.98%)  |a| 0.500  |grad| 1.11e-03  (23s)
  it  28 ph 0  window loss  54.86412  mean C_D 1.36680 (uncontrolled 1.42471, -4.07%)  |a| 0.500  |grad| 1.23e-03  (21s)
  it  29 ph 1  window loss  56.42749  mean C_D 1.40588 (uncontrolled 1.48253, -5.17%)  |a| 0.500  |grad| 7.80e-04  (21s)
  it  30 ph 2  window loss  57.54690  mean C_D 1.43387 (uncontrolled 1.49197, -3.89%)  |a| 0.500  |grad| 5.78e-04  (23s)
  it  31 ph 3  window loss  56.69350  mean C_D 1.41253 (uncontrolled 1.46262, -3.42%)  |a| 0.500  |grad| 4.81e-04  (23s)
  it  32 ph 0  window loss  55.57291  mean C_D 1.38452 (uncontrolled 1.46151, -5.27%)  |a| 0.500  |grad| 5.23e-04  (22s)
  it  33 ph 1  window loss  56.56616  mean C_D 1.40935 (uncontrolled 1.46532, -3.82%)  |a| 0.500  |grad| 3.75e-04  (23s)
  it  34 ph 2  window loss  56.65548  mean C_D 1.41158 (uncontrolled 1.46306, -3.52%)  |a| 0.500  |grad| 2.80e-04  (22s)
  it  35 ph 3  window loss  56.38733  mean C_D 1.40488 (uncontrolled 1.46672, -4.22%)  |a| 0.500  |grad| 2.96e-04  (21s)
  it  36 ph 0  window loss  55.80989  mean C_D 1.39044 (uncontrolled 1.45189, -4.23%)  |a| 0.500  |grad| 2.75e-04  (21s)
  it  37 ph 1  window loss  56.04818  mean C_D 1.39640 (uncontrolled 1.45547, -4.06%)  |a| 0.500  |grad| 2.23e-04  (23s)
  it  38 ph 2  window loss  57.37202  mean C_D 1.42949 (uncontrolled 1.50145, -4.79%)  |a| 0.500  |grad| 1.56e-04  (21s)
  it  39 ph 3  window loss  57.39542  mean C_D 1.43008 (uncontrolled 1.50536, -5.00%)  |a| 0.500  |grad| 1.29e-04  (22s)
  it  40 ph 0  window loss  55.45075  mean C_D 1.38146 (uncontrolled 1.44252, -4.23%)  |a| 0.500  |grad| 1.85e-04  (22s)
  it  41 ph 1  window loss  57.07294  mean C_D 1.42202 (uncontrolled 1.49893, -5.13%)  |a| 0.500  |grad| 1.16e-04  (21s)
  it  42 ph 2  window loss  57.75257  mean C_D 1.43901 (uncontrolled 1.49457, -3.72%)  |a| 0.500  |grad| 1.31e-04  (22s)
  it  43 ph 3  window loss  57.11042  mean C_D 1.42295 (uncontrolled 1.47061, -3.24%)  |a| 0.500  |grad| 1.24e-04  (20s)
  it  44 ph 0  window loss  56.47863  mean C_D 1.40716 (uncontrolled 1.48567, -5.28%)  |a| 0.500  |grad| 1.14e-04  (23s)
  it  45 ph 1  window loss  57.18543  mean C_D 1.42483 (uncontrolled 1.47669, -3.51%)  |a| 0.500  |grad| 1.17e-04  (20s)
  it  46 ph 2  window loss  56.80165  mean C_D 1.41523 (uncontrolled 1.46667, -3.51%)  |a| 0.500  |grad| 1.02e-04  (24s)
  it  47 ph 3  window loss  56.77248  mean C_D 1.41450 (uncontrolled 1.47572, -4.15%)  |a| 0.500  |grad| 1.11e-04  (27s)
  it  48 ph 0  window loss  56.80924  mean C_D 1.41542 (uncontrolled 1.47273, -3.89%)  |a| 0.500  |grad| 1.08e-04  (21s)
  it  49 ph 1  window loss  56.50846  mean C_D 1.40790 (uncontrolled 1.46506, -3.90%)  |a| 0.500  |grad| 9.98e-05  (20s)
  it  50 ph 2  window loss  57.58056  mean C_D 1.43471 (uncontrolled 1.50711, -4.80%)  |a| 0.500  |grad| 6.78e-05  (23s)
  it  51 ph 3  window loss  57.75777  mean C_D 1.43914 (uncontrolled 1.51227, -4.84%)  |a| 0.500  |grad| 5.96e-05  (24s)
  it  52 ph 0  window loss  56.19966  mean C_D 1.40018 (uncontrolled 1.45748, -3.93%)  |a| 0.500  |grad| 9.42e-05  (24s)
  it  53 ph 1  window loss  57.51780  mean C_D 1.43314 (uncontrolled 1.50869, -5.01%)  |a| 0.500  |grad| 5.74e-05  (23s)
  it  54 ph 2  window loss  57.86338  mean C_D 1.44178 (uncontrolled 1.49449, -3.53%)  |a| 0.500  |grad| 8.00e-05  (22s)
  it  55 ph 3  window loss  57.32569  mean C_D 1.42833 (uncontrolled 1.47367, -3.08%)  |a| 0.500  |grad| 7.94e-05  (23s)
  it  56 ph 0  window loss  57.18686  mean C_D 1.42486 (uncontrolled 1.50096, -5.07%)  |a| 0.500  |grad| 6.20e-05  (23s)
  it  57 ph 1  window loss  57.50195  mean C_D 1.43274 (uncontrolled 1.48116, -3.27%)  |a| 0.500  |grad| 7.94e-05  (21s)
  it  58 ph 2  window loss  56.87703  mean C_D 1.41712 (uncontrolled 1.46896, -3.53%)  |a| 0.500  |grad| 7.51e-05  (25s)
  it  59 ph 3  window loss  57.00731  mean C_D 1.42038 (uncontrolled 1.48158, -4.13%)  |a| 0.500  |grad| 7.92e-05  (23s)
  it  60 ph 0  window loss  57.38319  mean C_D 1.42977 (uncontrolled 1.48224, -3.54%)  |a| 0.500  |grad| 7.83e-05  (24s)
  it  61 ph 1  window loss  56.76213  mean C_D 1.41425 (uncontrolled 1.47088, -3.85%)  |a| 0.500  |grad| 7.70e-05  (23s)
  it  62 ph 2  window loss  57.71805  mean C_D 1.43814 (uncontrolled 1.51105, -4.82%)  |a| 0.500  |grad| 4.90e-05  (20s)
  it  63 ph 3  window loss  57.93769  mean C_D 1.44363 (uncontrolled 1.51475, -4.69%)  |a| 0.500  |grad| 4.78e-05  (21s)
  it  64 ph 0  window loss  56.59818  mean C_D 1.41015 (uncontrolled 1.46563, -3.79%)  |a| 0.500  |grad| 7.52e-05  (23s)
  it  65 ph 1  window loss  57.76402  mean C_D 1.43929 (uncontrolled 1.51395, -4.93%)  |a| 0.500  |grad| 4.32e-05  (23s)
  it  66 ph 2  window loss  57.89223  mean C_D 1.44250 (uncontrolled 1.49274, -3.37%)  |a| 0.500  |grad| 6.96e-05  (23s)
  it  67 ph 3  window loss  57.37425  mean C_D 1.42955 (uncontrolled 1.47402, -3.02%)  |a| 0.500  |grad| 6.84e-05  (22s)
  it  68 ph 0  window loss  57.57014  mean C_D 1.43445 (uncontrolled 1.50951, -4.97%)  |a| 0.500  |grad| 4.66e-05  (22s)
  it  69 ph 1  window loss  57.62069  mean C_D 1.43571 (uncontrolled 1.48186, -3.11%)  |a| 0.500  |grad| 6.99e-05  (21s)
  it  70 ph 2  window loss  56.91019  mean C_D 1.41795 (uncontrolled 1.47068, -3.59%)  |a| 0.500  |grad| 6.78e-05  (24s)
  it  71 ph 3  window loss  57.15313  mean C_D 1.42402 (uncontrolled 1.48604, -4.17%)  |a| 0.500  |grad| 6.95e-05  (22s)
  it  72 ph 0  window loss  57.63994  mean C_D 1.43619 (uncontrolled 1.48537, -3.31%)  |a| 0.500  |grad| 6.98e-05  (21s)
  it  73 ph 1  window loss  56.90388  mean C_D 1.41779 (uncontrolled 1.47484, -3.87%)  |a| 0.500  |grad| 7.03e-05  (20s)
  it  74 ph 2  window loss  57.80974  mean C_D 1.44044 (uncontrolled 1.51388, -4.85%)  |a| 0.500  |grad| 4.21e-05  (23s)
  it  75 ph 3  window loss  58.02625  mean C_D 1.44585 (uncontrolled 1.51494, -4.56%)  |a| 0.500  |grad| 4.62e-05  (20s)
  it  76 ph 0  window loss  56.80248  mean C_D 1.41525 (uncontrolled 1.47052, -3.76%)  |a| 0.500  |grad| 6.92e-05  (26s)
  it  77 ph 1  window loss  57.89924  mean C_D 1.44267 (uncontrolled 1.51657, -4.87%)  |a| 0.500  |grad| 3.91e-05  (23s)
  it  78 ph 2  window loss  57.87486  mean C_D 1.44206 (uncontrolled 1.49025, -3.23%)  |a| 0.500  |grad| 6.67e-05  (21s)
  it  79 ph 3  window loss  57.34888  mean C_D 1.42891 (uncontrolled 1.47329, -3.01%)  |a| 0.500  |grad| 6.48e-05  (20s)
  it  80 ph 0  window loss  57.78398  mean C_D 1.43979 (uncontrolled 1.51433, -4.92%)  |a| 0.500  |grad| 4.03e-05  (21s)
  it  81 ph 1  window loss  57.63384  mean C_D 1.43604 (uncontrolled 1.48076, -3.02%)  |a| 0.500  |grad| 6.66e-05  (20s)
  it  82 ph 2  window loss  56.93153  mean C_D 1.41848 (uncontrolled 1.47231, -3.66%)  |a| 0.500  |grad| 6.61e-05  (21s)
  it  83 ph 3  window loss  57.26014  mean C_D 1.42670 (uncontrolled 1.48990, -4.24%)  |a| 0.500  |grad| 6.53e-05  (22s)
  it  84 ph 0  window loss  57.72854  mean C_D 1.43841 (uncontrolled 1.48520, -3.15%)  |a| 0.500  |grad| 6.70e-05  (23s)
  it  85 ph 1  window loss  56.99628  mean C_D 1.42010 (uncontrolled 1.47807, -3.92%)  |a| 0.500  |grad| 6.80e-05  (23s)
  it  86 ph 2  window loss  57.87649  mean C_D 1.44211 (uncontrolled 1.51591, -4.87%)  |a| 0.500  |grad| 3.88e-05  (23s)
  it  87 ph 3  window loss  58.06697  mean C_D 1.44687 (uncontrolled 1.51378, -4.42%)  |a| 0.500  |grad| 4.79e-05  (22s)
  it  88 ph 0  window loss  56.91240  mean C_D 1.41800 (uncontrolled 1.47381, -3.79%)  |a| 0.500  |grad| 6.72e-05  (21s)
  it  89 ph 1  window loss  57.97635  mean C_D 1.44460 (uncontrolled 1.51760, -4.81%)  |a| 0.500  |grad| 3.83e-05  (22s)
  it  90 ph 2  window loss  57.83139  mean C_D 1.44098 (uncontrolled 1.48749, -3.13%)  |a| 0.500  |grad| 6.58e-05  (22s)
  it  91 ph 3  window loss  57.28997  mean C_D 1.42744 (uncontrolled 1.47223, -3.04%)  |a| 0.500  |grad| 6.32e-05  (22s)
  it  92 ph 0  window loss  57.90180  mean C_D 1.44274 (uncontrolled 1.51684, -4.89%)  |a| 0.500  |grad| 3.77e-05  (22s)
  it  93 ph 1  window loss  57.59344  mean C_D 1.43503 (uncontrolled 1.47898, -2.97%)  |a| 0.500  |grad| 6.51e-05  (22s)
  it  94 ph 2  window loss  56.95574  mean C_D 1.41909 (uncontrolled 1.47411, -3.73%)  |a| 0.500  |grad| 6.58e-05  (21s)
  it  95 ph 3  window loss  57.34991  mean C_D 1.42894 (uncontrolled 1.49349, -4.32%)  |a| 0.500  |grad| 6.23e-05  (23s)
  it  96 ph 0  window loss  57.72398  mean C_D 1.43829 (uncontrolled 1.48350, -3.05%)  |a| 0.500  |grad| 6.57e-05  (21s)
  it  97 ph 1  window loss  57.07116  mean C_D 1.42197 (uncontrolled 1.48109, -3.99%)  |a| 0.500  |grad| 6.70e-05  (23s)
  it  98 ph 2  window loss  57.92901  mean C_D 1.44342 (uncontrolled 1.51726, -4.87%)  |a| 0.500  |grad| 3.70e-05  (23s)
  it  99 ph 3  window loss  58.08101  mean C_D 1.44722 (uncontrolled 1.51179, -4.27%)  |a| 0.500  |grad| 5.06e-05  (22s)
RESULT dpc_h40x5_znmf_roll: closed loop over 2 period(s) from phase 0 (238 control steps): mean C_D 1.43399 vs uncontrolled 1.46808 (-2.32%)  C_L rms 0.1846 vs 0.2276  mean |a| 0.500  mean (a1, a2) (+0.500, -0.500)
