policy initialised from results/uadj_dpc/dpc_naca_h10_s1_policy.pt
dpc_naca_h10_s1_c2: NACA0012 alpha 40, 8260 cells, Re 100, snapshot seed 1; action = 54 steps x dt 0.01 (0.54 time units), gust to t = 28.9 (54 actions); window H 10 actions (540 solver steps per gradient), episode 60 actions; policy 4547 parameters on (u, v) at the probe; C_D0 1.0344 C_L0 0.9762; 6 threads
/work/upict/uadj_dpc_naca.py:41: UserWarning: Converting a tensor with requires_grad=True to a scalar may lead to unexpected behavior.
Consider using tensor.detach() first. (Triggered internally at /__w/pytorch/pytorch/torch/csrc/autograd/generated/python_variable_methods.cpp:820.)
  t = float(st["t"]) if "t" in st else 0.0; a_prev = st["a_prev"] if st.get("a_prev") is not None else torch.zeros(3)
  it   0  window actions 0-10 (t   0.0-  5.4)  return   -1.185  zero-action   -0.802  |grad| 1.81e+01  (196s)
  it   1  window actions 10-20 (t   5.4- 10.8)  return   -1.273  zero-action   -3.240  |grad| 5.67e+00  (186s)
  it   2  window actions 20-30 (t  10.8- 16.2)  return   -1.969  zero-action   -9.689  |grad| 1.02e+01  (187s)
  it   3  window actions 30-40 (t  16.2- 21.6)  return   -8.020  zero-action  -18.109  |grad| 3.23e+01  (185s)
  it   4  window actions 40-50 (t  21.6- 27.0)  return   -7.369  zero-action  -13.433  |grad| 2.98e+01  (186s)
  it   5  window actions 50-60 (t  27.0- 32.4)  return   -6.438  zero-action   -5.078  |grad| 2.82e+01  (185s)
  it   6  window actions 0-10 (t   0.0-  5.4)  return   -5.093  zero-action   -0.802  |grad| 2.84e+01  (188s)
  it   7  window actions 10-20 (t   5.4- 10.8)  return   -3.719  zero-action   -3.550  |grad| 2.76e+01  (186s)
  it   8  window actions 20-30 (t  10.8- 16.2)  return   -1.878  zero-action   -9.725  |grad| 1.07e+01  (187s)
  it   9  window actions 30-40 (t  16.2- 21.6)  return   -6.305  zero-action  -17.916  |grad| 2.46e+01  (188s)
  it  10  window actions 40-50 (t  21.6- 27.0)  return   -4.920  zero-action  -13.210  |grad| 1.64e+01  (187s)
  it  11  window actions 50-60 (t  27.0- 32.4)  return   -2.613  zero-action   -4.890  |grad| 1.26e+01  (186s)
  it  12  window actions 0-10 (t   0.0-  5.4)  return   -1.243  zero-action   -0.802  |grad| 7.50e+00  (185s)
  it  13  window actions 10-20 (t   5.4- 10.8)  return   -2.057  zero-action   -3.332  |grad| 2.13e+01  (184s)
  it  14  window actions 20-30 (t  10.8- 16.2)  return   -3.415  zero-action   -9.571  |grad| 3.87e+01  (188s)
  it  15  window actions 30-40 (t  16.2- 21.6)  return   -5.214  zero-action  -17.998  |grad| 8.58e+00  (185s)
  it  16  window actions 40-50 (t  21.6- 27.0)  return   -3.514  zero-action  -13.041  |grad| 1.17e+01  (188s)
  it  17  window actions 50-60 (t  27.0- 32.4)  return   -2.980  zero-action   -4.633  |grad| 1.62e+01  (186s)
  it  18  window actions 0-10 (t   0.0-  5.4)  return   -3.421  zero-action   -0.802  |grad| 2.79e+01  (184s)
  it  19  window actions 10-20 (t   5.4- 10.8)  return   -4.481  zero-action   -3.313  |grad| 2.73e+01  (187s)
  it  20  window actions 20-30 (t  10.8- 16.2)  return   -3.481  zero-action   -9.571  |grad| 1.59e+01  (185s)
  it  21  window actions 30-40 (t  16.2- 21.6)  return   -5.270  zero-action  -18.109  |grad| 1.67e+01  (188s)
  it  22  window actions 40-50 (t  21.6- 27.0)  return   -3.362  zero-action  -13.140  |grad| 3.85e+00  (186s)
  it  23  window actions 50-60 (t  27.0- 32.4)  return   -2.622  zero-action   -4.685  |grad| 1.63e+01  (184s)
  it  24  window actions 0-10 (t   0.0-  5.4)  return   -2.150  zero-action   -0.802  |grad| 2.69e+01  (188s)
  it  25  window actions 10-20 (t   5.4- 10.8)  return   -2.931  zero-action   -3.245  |grad| 2.68e+01  (186s)
  it  26  window actions 20-30 (t  10.8- 16.2)  return   -2.959  zero-action   -9.628  |grad| 8.51e+00  (185s)
  it  27  window actions 30-40 (t  16.2- 21.6)  return   -5.946  zero-action  -18.134  |grad| 3.42e+01  (188s)
  it  28  window actions 40-50 (t  21.6- 27.0)  return   -3.872  zero-action  -13.293  |grad| 1.55e+01  (186s)
  it  29  window actions 50-60 (t  27.0- 32.4)  return   -1.839  zero-action   -4.837  |grad| 4.68e+00  (183s)
  it  30  window actions 0-10 (t   0.0-  5.4)  return   -1.098  zero-action   -0.802  |grad| 1.88e+01  (183s)
  it  31  window actions 10-20 (t   5.4- 10.8)  return   -1.628  zero-action   -3.328  |grad| 9.37e+00  (185s)
  it  32  window actions 20-30 (t  10.8- 16.2)  return   -2.525  zero-action   -9.656  |grad| 9.44e+00  (184s)
  it  33  window actions 30-40 (t  16.2- 21.6)  return   -6.127  zero-action  -18.080  |grad| 3.42e+01  (187s)
  it  34  window actions 40-50 (t  21.6- 27.0)  return   -4.143  zero-action  -13.307  |grad| 1.53e+01  (185s)
  it  35  window actions 50-60 (t  27.0- 32.4)  return   -1.920  zero-action   -4.869  |grad| 7.01e+00  (186s)
  it  36  window actions 0-10 (t   0.0-  5.4)  return   -0.881  zero-action   -0.802  |grad| 2.28e+00  (182s)
  it  37  window actions 10-20 (t   5.4- 10.8)  return   -1.717  zero-action   -3.312  |grad| 1.08e+01  (187s)
  it  38  window actions 20-30 (t  10.8- 16.2)  return   -2.573  zero-action   -9.657  |grad| 9.55e+00  (185s)
  it  39  window actions 30-40 (t  16.2- 21.6)  return   -5.949  zero-action  -18.091  |grad| 2.61e+01  (186s)
  it  40  window actions 40-50 (t  21.6- 27.0)  return   -3.836  zero-action  -13.261  |grad| 1.55e+01  (186s)
  it  41  window actions 50-60 (t  27.0- 32.4)  return   -1.694  zero-action   -4.815  |grad| 4.67e+00  (189s)
  it  42  window actions 0-10 (t   0.0-  5.4)  return   -1.171  zero-action   -0.802  |grad| 1.16e+01  (185s)
  it  43  window actions 10-20 (t   5.4- 10.8)  return   -1.899  zero-action   -3.248  |grad| 1.68e+01  (188s)
  it  44  window actions 20-30 (t  10.8- 16.2)  return   -2.575  zero-action   -9.657  |grad| 1.53e+01  (188s)
  it  45  window actions 30-40 (t  16.2- 21.6)  return   -5.899  zero-action  -18.113  |grad| 2.63e+01  (186s)
  it  46  window actions 40-50 (t  21.6- 27.0)  return   -4.124  zero-action  -13.183  |grad| 1.06e+01  (187s)
  it  47  window actions 50-60 (t  27.0- 32.4)  return   -1.888  zero-action   -4.810  |grad| 8.04e+00  (185s)
  it  48  window actions 0-10 (t   0.0-  5.4)  return   -0.863  zero-action   -0.802  |grad| 1.65e+00  (185s)
  it  49  window actions 10-20 (t   5.4- 10.8)  return   -1.519  zero-action   -3.308  |grad| 9.53e+00  (184s)
  it  50  window actions 20-30 (t  10.8- 16.2)  return   -2.490  zero-action   -9.657  |grad| 1.50e+01  (186s)
  it  51  window actions 30-40 (t  16.2- 21.6)  return   -5.901  zero-action  -18.072  |grad| 1.77e+01  (183s)
  it  52  window actions 40-50 (t  21.6- 27.0)  return   -4.129  zero-action  -13.179  |grad| 1.06e+01  (182s)
  it  53  window actions 50-60 (t  27.0- 32.4)  return   -1.866  zero-action   -4.813  |grad| 8.00e+00  (185s)
  it  54  window actions 0-10 (t   0.0-  5.4)  return   -0.842  zero-action   -0.802  |grad| 1.62e+00  (185s)
  it  55  window actions 10-20 (t   5.4- 10.8)  return   -1.646  zero-action   -3.290  |grad| 1.65e+01  (187s)
  it  56  window actions 20-30 (t  10.8- 16.2)  return   -2.530  zero-action   -9.645  |grad| 1.31e+01  (182s)
  it  57  window actions 30-40 (t  16.2- 21.6)  return   -5.916  zero-action  -18.073  |grad| 2.61e+01  (185s)
  it  58  window actions 40-50 (t  21.6- 27.0)  return   -3.878  zero-action  -13.218  |grad| 1.01e+01  (183s)
  it  59  window actions 50-60 (t  27.0- 32.4)  return   -1.661  zero-action   -4.796  |grad| 1.05e+01  (185s)
RESULT dpc_naca_h10_s1_c2: return policy -30.87  zero-action -64.24  improvement +51.9%  mean |dC_L| during the gust 0.263 (zero 0.715) after 0.098 (zero 0.101)  peak C_L 2.08 (zero 2.97)  mean action [-0.166, 0.002, 0.189]  [PPO of record: -30.3 vs -64.2, +53%]
