policy initialised from results/uadj_dpc/dpc_naca_h10_s2_c2_policy.pt
dpc_naca_h10_s2_c3: NACA0012 alpha 40, 8260 cells, Re 100, snapshot seed 2; action = 54 steps x dt 0.01 (0.54 time units), gust to t = 28.9 (54 actions); window H 10 actions (540 solver steps per gradient), episode 60 actions; policy 4547 parameters on (u, v) at the probe; C_D0 1.0344 C_L0 0.9762; 6 threads
/work/upict/uadj_dpc_naca.py:41: UserWarning: Converting a tensor with requires_grad=True to a scalar may lead to unexpected behavior.
Consider using tensor.detach() first. (Triggered internally at /__w/pytorch/pytorch/torch/csrc/autograd/generated/python_variable_methods.cpp:820.)
  t = float(st["t"]) if "t" in st else 0.0; a_prev = st["a_prev"] if st.get("a_prev") is not None else torch.zeros(3)
  it   0  window actions 0-10 (t   0.0-  5.4)  return   -0.857  zero-action   -1.055  |grad| 1.38e+01  (196s)
  it   1  window actions 10-20 (t   5.4- 10.8)  return   -4.114  zero-action   -2.972  |grad| 2.76e+01  (189s)
  it   2  window actions 20-30 (t  10.8- 16.2)  return   -3.971  zero-action  -10.233  |grad| 1.38e+01  (187s)
  it   3  window actions 30-40 (t  16.2- 21.6)  return   -4.674  zero-action  -16.943  |grad| 2.92e+00  (186s)
  it   4  window actions 40-50 (t  21.6- 27.0)  return   -3.876  zero-action  -13.014  |grad| 2.18e+01  (1173s)  EVAL return   -42.27  ** new best (saved dpc_naca_h10_s2_c3_best.pt) **
  it   5  window actions 50-60 (t  27.0- 32.4)  return   -2.380  zero-action   -5.759  |grad| 1.20e+01  (191s)
  it   6  window actions 0-10 (t   0.0-  5.4)  return   -1.427  zero-action   -1.055  |grad| 2.61e+01  (189s)
  it   7  window actions 10-20 (t   5.4- 10.8)  return   -3.738  zero-action   -2.889  |grad| 2.74e+01  (186s)
  it   8  window actions 20-30 (t  10.8- 16.2)  return   -3.689  zero-action  -10.236  |grad| 1.39e+01  (186s)
  it   9  window actions 30-40 (t  16.2- 21.6)  return   -4.731  zero-action  -17.004  |grad| 3.17e+00  (1170s)  EVAL return   -31.00  ** new best (saved dpc_naca_h10_s2_c3_best.pt) **
  it  10  window actions 40-50 (t  21.6- 27.0)  return   -3.745  zero-action  -13.026  |grad| 1.41e+01  (190s)
  it  11  window actions 50-60 (t  27.0- 32.4)  return   -2.438  zero-action   -5.804  |grad| 8.08e+00  (187s)
  it  12  window actions 0-10 (t   0.0-  5.4)  return   -1.080  zero-action   -1.055  |grad| 1.34e+01  (184s)
  it  13  window actions 10-20 (t   5.4- 10.8)  return   -2.574  zero-action   -2.997  |grad| 2.47e+01  (186s)
  it  14  window actions 20-30 (t  10.8- 16.2)  return   -3.615  zero-action  -10.191  |grad| 1.60e+01  (1171s)  EVAL return   -31.46  (best so far -31.00)
  it  15  window actions 30-40 (t  16.2- 21.6)  return   -4.687  zero-action  -16.946  |grad| 3.13e+00  (188s)
  it  16  window actions 40-50 (t  21.6- 27.0)  return   -3.616  zero-action  -13.003  |grad| 1.41e+01  (186s)
  it  17  window actions 50-60 (t  27.0- 32.4)  return   -2.357  zero-action   -5.793  |grad| 7.77e+00  (188s)
  it  18  window actions 0-10 (t   0.0-  5.4)  return   -0.829  zero-action   -1.055  |grad| 9.20e+00  (189s)
  it  19  window actions 10-20 (t   5.4- 10.8)  return   -3.132  zero-action   -2.972  |grad| 2.49e+01  (1170s)  EVAL return   -30.94  ** new best (saved dpc_naca_h10_s2_c3_best.pt) **
  it  20  window actions 20-30 (t  10.8- 16.2)  return   -3.905  zero-action  -10.215  |grad| 1.60e+01  (188s)
  it  21  window actions 30-40 (t  16.2- 21.6)  return   -4.631  zero-action  -16.911  |grad| 3.77e+00  (187s)
  it  22  window actions 40-50 (t  21.6- 27.0)  return   -3.573  zero-action  -12.979  |grad| 1.97e+00  (186s)
  it  23  window actions 50-60 (t  27.0- 32.4)  return   -2.296  zero-action   -5.757  |grad| 9.59e+00  (187s)
  it  24  window actions 0-10 (t   0.0-  5.4)  return   -0.857  zero-action   -1.055  |grad| 8.31e+00  (1175s)  EVAL return   -30.85  ** new best (saved dpc_naca_h10_s2_c3_best.pt) **
  it  25  window actions 10-20 (t   5.4- 10.8)  return   -3.240  zero-action   -2.937  |grad| 2.77e+01  (186s)
  it  26  window actions 20-30 (t  10.8- 16.2)  return   -3.803  zero-action  -10.226  |grad| 1.59e+01  (188s)
  it  27  window actions 30-40 (t  16.2- 21.6)  return   -4.664  zero-action  -16.940  |grad| 2.97e+00  (187s)
  it  28  window actions 40-50 (t  21.6- 27.0)  return   -3.577  zero-action  -12.998  |grad| 1.40e+01  (185s)
  it  29  window actions 50-60 (t  27.0- 32.4)  return   -2.450  zero-action   -5.800  |grad| 8.93e+00  (1172s)  EVAL return   -34.49  (best so far -30.85)
  it  30  window actions 0-10 (t   0.0-  5.4)  return   -1.171  zero-action   -1.055  |grad| 1.36e+01  (189s)
  it  31  window actions 10-20 (t   5.4- 10.8)  return   -2.583  zero-action   -3.005  |grad| 2.48e+01  (189s)
  it  32  window actions 20-30 (t  10.8- 16.2)  return   -3.733  zero-action  -10.196  |grad| 1.57e+01  (185s)
  it  33  window actions 30-40 (t  16.2- 21.6)  return   -4.646  zero-action  -16.927  |grad| 2.89e+00  (188s)
  it  34  window actions 40-50 (t  21.6- 27.0)  return   -3.542  zero-action  -12.993  |grad| 1.40e+01  (1176s)  EVAL return   -32.46  (best so far -30.85)
  it  35  window actions 50-60 (t  27.0- 32.4)  return   -2.375  zero-action   -5.789  |grad| 7.76e+00  (189s)
  it  36  window actions 0-10 (t   0.0-  5.4)  return   -0.929  zero-action   -1.055  |grad| 1.37e+01  (186s)
  it  37  window actions 10-20 (t   5.4- 10.8)  return   -3.103  zero-action   -2.980  |grad| 2.50e+01  (187s)
  it  38  window actions 20-30 (t  10.8- 16.2)  return   -3.961  zero-action  -10.213  |grad| 1.57e+01  (188s)
  it  39  window actions 30-40 (t  16.2- 21.6)  return   -4.600  zero-action  -16.912  |grad| 2.63e+00  (1170s)  EVAL return   -31.16  (best so far -30.85)
  it  40  window actions 40-50 (t  21.6- 27.0)  return   -3.574  zero-action  -12.979  |grad| 2.93e+00  (188s)
  it  41  window actions 50-60 (t  27.0- 32.4)  return   -2.276  zero-action   -5.754  |grad| 9.50e+00  (186s)
  it  42  window actions 0-10 (t   0.0-  5.4)  return   -0.804  zero-action   -1.055  |grad| 4.45e+00  (190s)
  it  43  window actions 10-20 (t   5.4- 10.8)  return   -3.360  zero-action   -2.940  |grad| 2.78e+01  (189s)
  it  44  window actions 20-30 (t  10.8- 16.2)  return   -4.021  zero-action  -10.231  |grad| 1.56e+01  (1167s)  EVAL return   -32.56  (best so far -30.85)
  it  45  window actions 30-40 (t  16.2- 21.6)  return   -4.626  zero-action  -16.885  |grad| 4.76e+00  (186s)
  it  46  window actions 40-50 (t  21.6- 27.0)  return   -3.523  zero-action  -12.971  |grad| 2.84e+00  (190s)
  it  47  window actions 50-60 (t  27.0- 32.4)  return   -2.487  zero-action   -5.789  |grad| 9.06e+00  (191s)
  it  48  window actions 0-10 (t   0.0-  5.4)  return   -1.378  zero-action   -1.055  |grad| 2.45e+01  (183s)
  it  49  window actions 10-20 (t   5.4- 10.8)  return   -2.398  zero-action   -3.017  |grad| 2.44e+01  (1170s)  EVAL return   -36.74  (best so far -30.85)
  it  50  window actions 20-30 (t  10.8- 16.2)  return   -3.668  zero-action  -10.185  |grad| 1.33e+01  (185s)
  it  51  window actions 30-40 (t  16.2- 21.6)  return   -4.659  zero-action  -16.930  |grad| 2.87e+00  (188s)
  it  52  window actions 40-50 (t  21.6- 27.0)  return   -3.644  zero-action  -13.004  |grad| 1.36e+01  (189s)
  it  53  window actions 50-60 (t  27.0- 32.4)  return   -2.567  zero-action   -5.815  |grad| 9.05e+00  (188s)
  it  54  window actions 0-10 (t   0.0-  5.4)  return   -1.334  zero-action   -1.055  |grad| 1.90e+01  (1171s)  EVAL return   -34.03  (best so far -30.85)
  it  55  window actions 10-20 (t   5.4- 10.8)  return   -2.499  zero-action   -3.015  |grad| 2.48e+01  (184s)
  it  56  window actions 20-30 (t  10.8- 16.2)  return   -3.664  zero-action  -10.173  |grad| 1.14e+01  (189s)
  it  57  window actions 30-40 (t  16.2- 21.6)  return   -4.669  zero-action  -16.982  |grad| 2.72e+00  (188s)
  it  58  window actions 40-50 (t  21.6- 27.0)  return   -3.737  zero-action  -13.020  |grad| 1.70e+01  (186s)
  it  59  window actions 50-60 (t  27.0- 32.4)  return   -2.387  zero-action   -5.788  |grad| 8.48e+00  (1164s)  EVAL return   -31.06  (best so far -30.85)
  final evaluation uses the BEST checkpoint (return -30.85), not the last gradient step
RESULT dpc_naca_h10_s2_c3: return policy -30.85  zero-action -64.26  improvement +52.0%  mean |dC_L| during the gust 0.280 (zero 0.728) after 0.090 (zero 0.096)  peak C_L 2.06 (zero 3.08)  mean action [-0.168, 0.008, 0.201]  [PPO of record: -30.3 vs -64.2, +53%]
