dpc_h80x5: coarse butterfly 1776 cells, Re 100, period 5.939 (594 steps), window H 80 x 5 steps = 4.00 time units (0.67 periods); 4 phases; uncontrolled window C_D by phase [1.4894, 1.4893, 1.4894, 1.4893]; policy 866 parameters, 24 pressure probes, |a| <= 0.5; 6 threads
  it   0 ph 0  window loss 119.25679  mean C_D 1.48328 (uncontrolled 1.48944, -0.41%)  |a| 0.010  |grad| 2.61e+01  (30s)
  it   1 ph 1  window loss 118.68737  mean C_D 1.47592 (uncontrolled 1.48926, -0.90%)  |a| 0.021  |grad| 2.60e+01  (33s)
  it   2 ph 2  window loss 118.16313  mean C_D 1.46940 (uncontrolled 1.48942, -1.34%)  |a| 0.033  |grad| 2.56e+01  (32s)
  it   3 ph 3  window loss 117.41902  mean C_D 1.45931 (uncontrolled 1.48927, -2.01%)  |a| 0.048  |grad| 2.67e+01  (32s)
  it   4 ph 0  window loss 116.73255  mean C_D 1.45002 (uncontrolled 1.48944, -2.65%)  |a| 0.063  |grad| 2.73e+01  (34s)
  it   5 ph 1  window loss 116.01762  mean C_D 1.44032 (uncontrolled 1.48926, -3.29%)  |a| 0.078  |grad| 2.80e+01  (39s)
  it   6 ph 2  window loss 115.47151  mean C_D 1.43327 (uncontrolled 1.48942, -3.77%)  |a| 0.092  |grad| 2.80e+01  (34s)
  it   7 ph 3  window loss 114.44430  mean C_D 1.41941 (uncontrolled 1.48927, -4.69%)  |a| 0.112  |grad| 2.91e+01  (33s)
  it   8 ph 0  window loss 113.52567  mean C_D 1.40719 (uncontrolled 1.48944, -5.52%)  |a| 0.132  |grad| 2.96e+01  (35s)
  it   9 ph 1  window loss 112.57434  mean C_D 1.39455 (uncontrolled 1.48926, -6.36%)  |a| 0.151  |grad| 3.00e+01  (32s)
  it  10 ph 2  window loss 111.99460  mean C_D 1.38730 (uncontrolled 1.48942, -6.86%)  |a| 0.168  |grad| 2.96e+01  (31s)
  it  11 ph 3  window loss 110.71006  mean C_D 1.37059 (uncontrolled 1.48927, -7.97%)  |a| 0.191  |grad| 2.99e+01  (33s)
  it  12 ph 0  window loss 109.64871  mean C_D 1.35708 (uncontrolled 1.48944, -8.89%)  |a| 0.215  |grad| 2.94e+01  (33s)
  it  13 ph 1  window loss 108.54912  mean C_D 1.34301 (uncontrolled 1.48926, -9.82%)  |a| 0.236  |grad| 2.90e+01  (33s)
  it  14 ph 2  window loss 108.04713  mean C_D 1.33707 (uncontrolled 1.48942, -10.23%)  |a| 0.252  |grad| 2.80e+01  (32s)
  it  15 ph 3  window loss 106.68510  mean C_D 1.31994 (uncontrolled 1.48927, -11.37%)  |a| 0.276  |grad| 2.72e+01  (34s)
  it  16 ph 0  window loss 105.68319  mean C_D 1.30772 (uncontrolled 1.48944, -12.20%)  |a| 0.299  |grad| 2.57e+01  (34s)
  it  17 ph 1  window loss 104.60464  mean C_D 1.29435 (uncontrolled 1.48926, -13.09%)  |a| 0.318  |grad| 2.45e+01  (37s)
  it  18 ph 2  window loss 104.27751  mean C_D 1.29074 (uncontrolled 1.48942, -13.34%)  |a| 0.331  |grad| 2.34e+01  (36s)
  it  19 ph 3  window loss 103.02129  mean C_D 1.27536 (uncontrolled 1.48927, -14.36%)  |a| 0.352  |grad| 2.18e+01  (35s)
  it  20 ph 0  window loss 102.24823  mean C_D 1.26632 (uncontrolled 1.48944, -14.98%)  |a| 0.372  |grad| 1.97e+01  (36s)
  it  21 ph 1  window loss 101.31918  mean C_D 1.25508 (uncontrolled 1.48926, -15.72%)  |a| 0.387  |grad| 1.82e+01  (33s)
  it  22 ph 2  window loss 101.19270  mean C_D 1.25395 (uncontrolled 1.48942, -15.81%)  |a| 0.396  |grad| 1.72e+01  (35s)
  it  23 ph 3  window loss 100.14939  mean C_D 1.24142 (uncontrolled 1.48927, -16.64%)  |a| 0.412  |grad| 1.54e+01  (37s)
  it  24 ph 0  window loss  99.67968  mean C_D 1.23626 (uncontrolled 1.48944, -17.00%)  |a| 0.426  |grad| 1.34e+01  (36s)
  it  25 ph 1  window loss  98.94345  mean C_D 1.22747 (uncontrolled 1.48926, -17.58%)  |a| 0.436  |grad| 1.20e+01  (40s)
  it  26 ph 2  window loss  98.98997  mean C_D 1.22841 (uncontrolled 1.48942, -17.52%)  |a| 0.442  |grad| 1.12e+01  (35s)
  it  27 ph 3  window loss  98.18204  mean C_D 1.21882 (uncontrolled 1.48927, -18.16%)  |a| 0.452  |grad| 9.67e+00  (36s)
  it  28 ph 0  window loss  98.00073  mean C_D 1.21716 (uncontrolled 1.48944, -18.28%)  |a| 0.462  |grad| 8.04e+00  (37s)
  it  29 ph 1  window loss  97.43353  mean C_D 1.21040 (uncontrolled 1.48926, -18.72%)  |a| 0.468  |grad| 7.06e+00  (36s)
  it  30 ph 2  window loss  97.60419  mean C_D 1.21277 (uncontrolled 1.48942, -18.57%)  |a| 0.471  |grad| 6.53e+00  (32s)
  it  31 ph 3  window loss  96.99465  mean C_D 1.20555 (uncontrolled 1.48927, -19.05%)  |a| 0.477  |grad| 5.42e+00  (38s)
  it  32 ph 0  window loss  97.03337  mean C_D 1.20646 (uncontrolled 1.48944, -19.00%)  |a| 0.482  |grad| 4.32e+00  (33s)
  it  33 ph 1  window loss  96.58348  mean C_D 1.20105 (uncontrolled 1.48926, -19.35%)  |a| 0.485  |grad| 3.72e+00  (32s)
  it  34 ph 2  window loss  96.83026  mean C_D 1.20426 (uncontrolled 1.48942, -19.15%)  |a| 0.486  |grad| 3.41e+00  (34s)
  it  35 ph 3  window loss  96.35762  mean C_D 1.19861 (uncontrolled 1.48927, -19.52%)  |a| 0.489  |grad| 2.74e+00  (35s)
  it  36 ph 0  window loss  96.53617  mean C_D 1.20109 (uncontrolled 1.48944, -19.36%)  |a| 0.492  |grad| 2.10e+00  (33s)
  it  37 ph 1  window loss  96.15479  mean C_D 1.19644 (uncontrolled 1.48926, -19.66%)  |a| 0.493  |grad| 1.79e+00  (33s)
  it  38 ph 2  window loss  96.44188  mean C_D 1.20009 (uncontrolled 1.48942, -19.43%)  |a| 0.494  |grad| 1.63e+00  (32s)
  it  39 ph 3  window loss  96.04927  mean C_D 1.19532 (uncontrolled 1.48927, -19.74%)  |a| 0.495  |grad| 1.27e+00  (35s)
  it  40 ph 0  window loss  96.30396  mean C_D 1.19863 (uncontrolled 1.48944, -19.52%)  |a| 0.497  |grad| 9.49e-01  (33s)
  it  41 ph 1  window loss  95.95771  mean C_D 1.19436 (uncontrolled 1.48926, -19.80%)  |a| 0.497  |grad| 7.95e-01  (35s)
  it  42 ph 2  window loss  96.26355  mean C_D 1.19821 (uncontrolled 1.48942, -19.55%)  |a| 0.498  |grad| 7.26e-01  (36s)
  it  43 ph 3  window loss  95.91193  mean C_D 1.19388 (uncontrolled 1.48927, -19.83%)  |a| 0.498  |grad| 5.52e-01  (34s)
  it  44 ph 0  window loss  96.20328  mean C_D 1.19759 (uncontrolled 1.48944, -19.59%)  |a| 0.499  |grad| 4.04e-01  (36s)
  it  45 ph 1  window loss  95.87355  mean C_D 1.19349 (uncontrolled 1.48926, -19.86%)  |a| 0.499  |grad| 3.37e-01  (33s)
  it  46 ph 2  window loss  96.18771  mean C_D 1.19743 (uncontrolled 1.48942, -19.60%)  |a| 0.499  |grad| 3.10e-01  (36s)
  it  47 ph 3  window loss  95.85548  mean C_D 1.19331 (uncontrolled 1.48927, -19.87%)  |a| 0.499  |grad| 2.35e-01  (37s)
  it  48 ph 0  window loss  96.16333  mean C_D 1.19718 (uncontrolled 1.48944, -19.62%)  |a| 0.499  |grad| 1.74e-01  (33s)
  it  49 ph 1  window loss  95.84104  mean C_D 1.19316 (uncontrolled 1.48926, -19.88%)  |a| 0.500  |grad| 1.48e-01  (35s)
RESULT dpc_h80x5: closed loop over 1 period(s) from phase 0 (119 control steps): mean C_D 1.20345 vs uncontrolled 1.48933 (-19.20%)  C_L rms 0.1662 vs 0.1968  mean |a| 0.499  mean (a1, a2) (-0.499, -0.499)
