dpc_h240x5_znmf_roll_wa05: coarse butterfly 1776 cells, Re 100, period 5.939 (594 steps), window H 240 x 5 steps = 12.00 time units (2.02 periods); ZNMF (+a, -a); rolling start; lr 0.01 clip 0.5; 2 phases; uncontrolled window C_D by phase [1.4893, 1.4893]; policy 833 parameters, 24 pressure probes, |a| <= 0.5; 6 threads
  it   0 ph 0  window loss 357.34116  mean C_D 1.48340 (uncontrolled 1.48945, -0.41%)  |a| 0.044  |grad| 2.06e+01  (131s)
  it   1 ph 1  window loss 358.19630  mean C_D 1.48984 (uncontrolled 1.48204, +0.53%)  |a| 0.036  |grad| 1.93e+01  (136s)
  it   2 ph 0  window loss 355.95275  mean C_D 1.47996 (uncontrolled 1.48431, -0.29%)  |a| 0.046  |grad| 2.09e+01  (134s)
  it   3 ph 1  window loss 355.73071  mean C_D 1.47939 (uncontrolled 1.47213, +0.49%)  |a| 0.039  |grad| 1.79e+01  (134s)
  it   4 ph 0  window loss 353.83460  mean C_D 1.47098 (uncontrolled 1.47456, -0.24%)  |a| 0.047  |grad| 2.14e+01  (134s)
  it   5 ph 1  window loss 352.54392  mean C_D 1.46572 (uncontrolled 1.45963, +0.42%)  |a| 0.039  |grad| 1.73e+01  (124s)
  it   6 ph 0  window loss 350.66248  mean C_D 1.45764 (uncontrolled 1.46043, -0.19%)  |a| 0.046  |grad| 2.10e+01  (134s)
  it   7 ph 1  window loss 348.83449  mean C_D 1.45010 (uncontrolled 1.44415, +0.41%)  |a| 0.041  |grad| 1.67e+01  (135s)
  it   8 ph 0  window loss 346.83104  mean C_D 1.44199 (uncontrolled 1.44187, +0.01%)  |a| 0.048  |grad| 1.88e+01  (141s)
  it   9 ph 1  window loss 344.69303  mean C_D 1.43322 (uncontrolled 1.42843, +0.34%)  |a| 0.043  |grad| 1.43e+01  (131s)
  it  10 ph 0  window loss 342.73887  mean C_D 1.42572 (uncontrolled 1.42258, +0.22%)  |a| 0.050  |grad| 1.31e+01  (129s)
  it  11 ph 1  window loss 340.47509  mean C_D 1.41661 (uncontrolled 1.41586, +0.05%)  |a| 0.043  |grad| 7.23e+00  (131s)
  it  12 ph 0  window loss 338.65997  mean C_D 1.40933 (uncontrolled 1.40686, +0.18%)  |a| 0.045  |grad| 4.71e+00  (139s)
  it  13 ph 1  window loss 336.65561  mean C_D 1.40060 (uncontrolled 1.39744, +0.23%)  |a| 0.045  |grad| 9.04e+00  (128s)
  it  14 ph 0  window loss 334.97167  mean C_D 1.39352 (uncontrolled 1.38803, +0.40%)  |a| 0.045  |grad| 1.09e+01  (130s)
  it  15 ph 1  window loss 333.17790  mean C_D 1.38662 (uncontrolled 1.38405, +0.19%)  |a| 0.044  |grad| 1.05e+01  (137s)
  it  16 ph 0  window loss 331.51788  mean C_D 1.38029 (uncontrolled 1.37827, +0.15%)  |a| 0.040  |grad| 4.01e+00  (131s)
  it  17 ph 1  window loss 330.28903  mean C_D 1.37445 (uncontrolled 1.37536, -0.07%)  |a| 0.046  |grad| 4.77e+00  (129s)
  it  18 ph 0  window loss 329.66562  mean C_D 1.37260 (uncontrolled 1.37516, -0.19%)  |a| 0.055  |grad| 9.95e+00  (132s)
  it  19 ph 1  window loss 328.07560  mean C_D 1.36382 (uncontrolled 1.35815, +0.42%)  |a| 0.100  |grad| 5.96e+00  (130s)
  it  20 ph 0  window loss 328.02603  mean C_D 1.36234 (uncontrolled 1.37785, -1.13%)  |a| 0.138  |grad| 2.44e+00  (134s)
  it  21 ph 1  window loss 326.61881  mean C_D 1.35630 (uncontrolled 1.38040, -1.75%)  |a| 0.161  |grad| 8.52e+00  (128s)
  it  22 ph 0  window loss 326.53549  mean C_D 1.35029 (uncontrolled 1.35075, -0.03%)  |a| 0.215  |grad| 6.35e+00  (128s)
  it  23 ph 1  window loss 326.87403  mean C_D 1.34837 (uncontrolled 1.38745, -2.82%)  |a| 0.257  |grad| 3.20e+00  (127s)
  it  24 ph 0  window loss 325.02542  mean C_D 1.33957 (uncontrolled 1.39171, -3.75%)  |a| 0.284  |grad| 7.39e+00  (131s)
  it  25 ph 1  window loss 325.91913  mean C_D 1.33587 (uncontrolled 1.35506, -1.42%)  |a| 0.331  |grad| 4.78e+00  (131s)
  it  26 ph 0  window loss 326.94297  mean C_D 1.33780 (uncontrolled 1.41184, -5.24%)  |a| 0.355  |grad| 1.22e+00  (132s)
  it  27 ph 1  window loss 325.58072  mean C_D 1.33028 (uncontrolled 1.40210, -5.12%)  |a| 0.375  |grad| 7.40e+00  (134s)
  it  28 ph 0  window loss 327.64263  mean C_D 1.33309 (uncontrolled 1.38279, -3.59%)  |a| 0.403  |grad| 3.63e+00  (142s)
  it  29 ph 1  window loss 328.77084  mean C_D 1.33912 (uncontrolled 1.43201, -6.49%)  |a| 0.399  |grad| 2.72e+00  (135s)
  it  30 ph 0  window loss 328.67519  mean C_D 1.33714 (uncontrolled 1.37542, -2.78%)  |a| 0.406  |grad| 5.76e+00  (130s)
  it  31 ph 1  window loss 330.10711  mean C_D 1.34331 (uncontrolled 1.40935, -4.69%)  |a| 0.406  |grad| 2.19e+00  (131s)
  it  32 ph 0  window loss 329.98085  mean C_D 1.34424 (uncontrolled 1.41963, -5.31%)  |a| 0.393  |grad| 7.40e+00  (128s)
  it  33 ph 1  window loss 330.32781  mean C_D 1.34684 (uncontrolled 1.36752, -1.51%)  |a| 0.386  |grad| 2.27e+00  (139s)
  it  34 ph 0  window loss 329.05100  mean C_D 1.34599 (uncontrolled 1.40057, -3.90%)  |a| 0.357  |grad| 1.13e+00  (133s)
  it  35 ph 1  window loss 328.27863  mean C_D 1.34556 (uncontrolled 1.37895, -2.42%)  |a| 0.323  |grad| 7.06e+00  (128s)
  it  36 ph 0  window loss 327.34315  mean C_D 1.34468 (uncontrolled 1.35858, -1.02%)  |a| 0.317  |grad| 3.34e+00  (128s)
  it  37 ph 1  window loss 324.04914  mean C_D 1.33160 (uncontrolled 1.37355, -3.05%)  |a| 0.310  |grad| 1.96e+00  (133s)
  it  38 ph 0  window loss 325.29511  mean C_D 1.33888 (uncontrolled 1.36631, -2.01%)  |a| 0.287  |grad| 4.62e+00  (126s)
  it  39 ph 1  window loss 323.33015  mean C_D 1.32984 (uncontrolled 1.35018, -1.51%)  |a| 0.299  |grad| 3.84e+00  (127s)
RESULT dpc_h240x5_znmf_roll_wa05: closed loop over 2 period(s) from phase 0 (238 control steps): mean C_D 1.32730 vs uncontrolled 1.36602 (-2.83%)  C_L rms 0.0328 vs 0.1572  mean |a| 0.292  mean (a1, a2) (-0.292, +0.292)
