dpc_freejets_amax1.5: coarse butterfly 1776 cells, Re 100, period 5.939 (594 steps), window H 8 x 5 steps = 0.40 time units (0.07 periods); independent jets; fixed start; lr 0.003 clip 0.5 w_act 0.05 w_lift 0.0; 4 phases; uncontrolled window C_D by phase [1.4873, 1.4915, 1.4873, 1.4915]; policy 866 parameters, 24 pressure probes, |a| <= 1.5; 4 threads
  it   0 ph 0  window loss  11.92211  mean C_D 1.47113 (uncontrolled 1.48735, -1.09%)  |a| 0.029  |grad| 6.79e+00  (3s)
  it   1 ph 1  window loss  11.78477  mean C_D 1.45180 (uncontrolled 1.49146, -2.66%)  |a| 0.071  |grad| 7.21e+00  (3s)
  it   2 ph 2  window loss  11.63377  mean C_D 1.43278 (uncontrolled 1.48728, -3.66%)  |a| 0.099  |grad| 6.99e+00  (3s)
  it   3 ph 3  window loss  11.51609  mean C_D 1.41765 (uncontrolled 1.49153, -4.95%)  |a| 0.134  |grad| 7.04e+00  (3s)
  it   4 ph 0  window loss  11.28328  mean C_D 1.38694 (uncontrolled 1.48735, -6.75%)  |a| 0.182  |grad| 7.17e+00  (3s)
  it   5 ph 1  window loss  11.05695  mean C_D 1.35449 (uncontrolled 1.49146, -9.18%)  |a| 0.249  |grad| 7.77e+00  (3s)
  it   6 ph 2  window loss  10.89121  mean C_D 1.33253 (uncontrolled 1.48728, -10.41%)  |a| 0.283  |grad| 7.62e+00  (3s)
  it   7 ph 3  window loss  10.75252  mean C_D 1.31385 (uncontrolled 1.49153, -11.91%)  |a| 0.326  |grad| 7.69e+00  (3s)
  it   8 ph 0  window loss  10.47449  mean C_D 1.27741 (uncontrolled 1.48735, -14.11%)  |a| 0.385  |grad| 7.70e+00  (3s)
  it   9 ph 1  window loss  10.14018  mean C_D 1.23154 (uncontrolled 1.49146, -17.43%)  |a| 0.479  |grad| 8.09e+00  (3s)
  it  10 ph 2  window loss   9.95488  mean C_D 1.20766 (uncontrolled 1.48728, -18.80%)  |a| 0.517  |grad| 7.75e+00  (3s)
  it  11 ph 3  window loss   9.80399  mean C_D 1.18832 (uncontrolled 1.49153, -20.33%)  |a| 0.562  |grad| 7.53e+00  (3s)
  it  12 ph 0  window loss   9.52349  mean C_D 1.15336 (uncontrolled 1.48735, -22.46%)  |a| 0.620  |grad| 7.15e+00  (3s)
  it  13 ph 1  window loss   9.14575  mean C_D 1.10405 (uncontrolled 1.49146, -25.98%)  |a| 0.723  |grad| 6.96e+00  (3s)
  it  14 ph 2  window loss   8.99088  mean C_D 1.08613 (uncontrolled 1.48728, -26.97%)  |a| 0.750  |grad| 6.29e+00  (3s)
  it  15 ph 3  window loss   8.88766  mean C_D 1.07500 (uncontrolled 1.49153, -27.93%)  |a| 0.779  |grad| 5.68e+00  (3s)
  it  16 ph 0  window loss   8.69062  mean C_D 1.05353 (uncontrolled 1.48735, -29.17%)  |a| 0.812  |grad| 4.86e+00  (3s)
  it  17 ph 1  window loss   8.37196  mean C_D 1.01477 (uncontrolled 1.49146, -31.96%)  |a| 0.901  |grad| 4.20e+00  (3s)
  it  18 ph 2  window loss   8.34642  mean C_D 1.01902 (uncontrolled 1.48728, -31.48%)  |a| 0.884  |grad| 3.08e+00  (3s)
  it  19 ph 3  window loss   8.38327  mean C_D 1.02943 (uncontrolled 1.49153, -30.98%)  |a| 0.870  |grad| 2.15e+00  (3s)
  it  20 ph 0  window loss   8.37409  mean C_D 1.03134 (uncontrolled 1.48735, -30.66%)  |a| 0.858  |grad| 2.01e+00  (3s)
  it  21 ph 1  window loss   8.13317  mean C_D 0.99047 (uncontrolled 1.49146, -33.59%)  |a| 0.952  |grad| 3.92e+00  (3s)
  it  22 ph 2  window loss   8.25959  mean C_D 1.00323 (uncontrolled 1.48728, -32.55%)  |a| 0.918  |grad| 5.61e+00  (3s)
  it  23 ph 3  window loss   8.35678  mean C_D 1.01410 (uncontrolled 1.49153, -32.01%)  |a| 0.904  |grad| 5.71e+00  (3s)
  it  24 ph 0  window loss   8.31908  mean C_D 1.00696 (uncontrolled 1.48735, -32.30%)  |a| 0.910  |grad| 5.52e+00  (3s)
  it  25 ph 1  window loss   7.79369  mean C_D 0.93865 (uncontrolled 1.49146, -37.07%)  |a| 1.058  |grad| 3.48e+00  (3s)
  it  26 ph 2  window loss   7.79338  mean C_D 0.93701 (uncontrolled 1.48728, -37.00%)  |a| 1.053  |grad| 3.66e+00  (3s)
  it  27 ph 3  window loss   7.89342  mean C_D 0.95095 (uncontrolled 1.49153, -36.24%)  |a| 1.033  |grad| 3.50e+00  (3s)
  it  28 ph 0  window loss   7.85493  mean C_D 0.94802 (uncontrolled 1.48735, -36.26%)  |a| 1.030  |grad| 3.24e+00  (3s)
  it  29 ph 1  window loss   7.48241  mean C_D 0.90299 (uncontrolled 1.49146, -39.46%)  |a| 1.132  |grad| 3.06e+00  (3s)
  it  30 ph 2  window loss   7.44234  mean C_D 0.89673 (uncontrolled 1.48728, -39.71%)  |a| 1.137  |grad| 3.12e+00  (3s)
  it  31 ph 3  window loss   7.55562  mean C_D 0.91137 (uncontrolled 1.49153, -38.90%)  |a| 1.116  |grad| 3.15e+00  (3s)
  it  32 ph 0  window loss   7.54304  mean C_D 0.91017 (uncontrolled 1.48735, -38.81%)  |a| 1.109  |grad| 3.09e+00  (3s)
  it  33 ph 1  window loss   7.27224  mean C_D 0.87408 (uncontrolled 1.49146, -41.39%)  |a| 1.193  |grad| 2.89e+00  (3s)
  it  34 ph 2  window loss   7.19893  mean C_D 0.86352 (uncontrolled 1.48728, -41.94%)  |a| 1.207  |grad| 2.80e+00  (3s)
  it  35 ph 3  window loss   7.30077  mean C_D 0.87663 (uncontrolled 1.49153, -41.23%)  |a| 1.188  |grad| 2.81e+00  (3s)
  it  36 ph 0  window loss   7.28497  mean C_D 0.87493 (uncontrolled 1.48735, -41.18%)  |a| 1.183  |grad| 2.71e+00  (3s)
  it  37 ph 1  window loss   7.04624  mean C_D 0.84257 (uncontrolled 1.49146, -43.51%)  |a| 1.260  |grad| 2.34e+00  (3s)
  it  38 ph 2  window loss   6.95585  mean C_D 0.83032 (uncontrolled 1.48728, -44.17%)  |a| 1.277  |grad| 2.19e+00  (3s)
  it  39 ph 3  window loss   7.05147  mean C_D 0.84295 (uncontrolled 1.49153, -43.48%)  |a| 1.259  |grad| 2.17e+00  (3s)
  it  40 ph 0  window loss   7.03917  mean C_D 0.84203 (uncontrolled 1.48735, -43.39%)  |a| 1.252  |grad| 2.07e+00  (3s)
  it  41 ph 1  window loss   6.83165  mean C_D 0.81389 (uncontrolled 1.49146, -45.43%)  |a| 1.321  |grad| 1.71e+00  (3s)
  it  42 ph 2  window loss   6.74200  mean C_D 0.80204 (uncontrolled 1.48728, -46.07%)  |a| 1.338  |grad| 1.58e+00  (3s)
  it  43 ph 3  window loss   6.83923  mean C_D 0.81501 (uncontrolled 1.49153, -45.36%)  |a| 1.319  |grad| 1.57e+00  (3s)
  it  44 ph 0  window loss   6.83751  mean C_D 0.81556 (uncontrolled 1.48735, -45.17%)  |a| 1.308  |grad| 1.51e+00  (3s)
  it  45 ph 1  window loss   6.65956  mean C_D 0.79125 (uncontrolled 1.49146, -46.95%)  |a| 1.370  |grad| 1.22e+00  (3s)
  it  46 ph 2  window loss   6.57466  mean C_D 0.78004 (uncontrolled 1.48728, -47.55%)  |a| 1.386  |grad| 1.13e+00  (3s)
  it  47 ph 3  window loss   6.67104  mean C_D 0.79262 (uncontrolled 1.49153, -46.86%)  |a| 1.367  |grad| 1.18e+00  (3s)
  it  48 ph 0  window loss   6.67513  mean C_D 0.79362 (uncontrolled 1.48735, -46.64%)  |a| 1.356  |grad| 1.17e+00  (3s)
  it  49 ph 1  window loss   6.52489  mean C_D 0.77343 (uncontrolled 1.49146, -48.14%)  |a| 1.410  |grad| 8.88e-01  (3s)
  it  50 ph 2  window loss   6.44476  mean C_D 0.76296 (uncontrolled 1.48728, -48.70%)  |a| 1.424  |grad| 7.99e-01  (3s)
  it  51 ph 3  window loss   6.53068  mean C_D 0.77398 (uncontrolled 1.49153, -48.11%)  |a| 1.409  |grad| 8.84e-01  (3s)
  it  52 ph 0  window loss   6.53081  mean C_D 0.77427 (uncontrolled 1.48735, -47.94%)  |a| 1.399  |grad| 9.13e-01  (3s)
  it  53 ph 1  window loss   6.41999  mean C_D 0.75971 (uncontrolled 1.49146, -49.06%)  |a| 1.441  |grad| 6.32e-01  (3s)
  it  54 ph 2  window loss   6.34800  mean C_D 0.75043 (uncontrolled 1.48728, -49.54%)  |a| 1.453  |grad| 5.46e-01  (3s)
  it  55 ph 3  window loss   6.42109  mean C_D 0.75979 (uncontrolled 1.49153, -49.06%)  |a| 1.441  |grad| 6.28e-01  (3s)
  it  56 ph 0  window loss   6.41466  mean C_D 0.75923 (uncontrolled 1.48735, -48.95%)  |a| 1.433  |grad| 6.65e-01  (3s)
  it  57 ph 1  window loss   6.34438  mean C_D 0.74999 (uncontrolled 1.49146, -49.71%)  |a| 1.463  |grad| 4.35e-01  (3s)
  it  58 ph 2  window loss   6.28214  mean C_D 0.74207 (uncontrolled 1.48728, -50.11%)  |a| 1.472  |grad| 3.60e-01  (3s)
  it  59 ph 3  window loss   6.34523  mean C_D 0.75014 (uncontrolled 1.49153, -49.71%)  |a| 1.463  |grad| 4.33e-01  (3s)
RESULT dpc_freejets_amax1.5: closed loop over 1 period(s) from phase 0 (119 control steps): mean C_D 0.85879 vs uncontrolled 1.48933 (-42.34%)  C_L rms 0.1148 vs 0.1968  mean |a| 1.404  mean (a1, a2) (-1.403, -1.405)
