dpc_h40x5_znmf: coarse butterfly 1776 cells, Re 100, period 5.939 (594 steps), window H 40 x 5 steps = 2.00 time units (0.34 periods); ZNMF (+a, -a); 4 phases; uncontrolled window C_D by phase [1.4908, 1.4879, 1.4908, 1.4879]; policy 833 parameters, 24 pressure probes, |a| <= 0.5; 6 threads
  it   0 ph 0  window loss  59.62584  mean C_D 1.49012 (uncontrolled 1.49082, -0.05%)  |a| 0.018  |grad| 1.17e+00  (16s)
  it   1 ph 1  window loss  59.48150  mean C_D 1.48638 (uncontrolled 1.48789, -0.10%)  |a| 0.033  |grad| 1.39e+00  (17s)
  it   2 ph 2  window loss  59.68181  mean C_D 1.49210 (uncontrolled 1.49080, +0.09%)  |a| 0.033  |grad| 1.21e+00  (17s)
  it   3 ph 3  window loss  59.57427  mean C_D 1.48921 (uncontrolled 1.48791, +0.09%)  |a| 0.029  |grad| 1.39e+00  (17s)
  it   4 ph 0  window loss  59.58068  mean C_D 1.48940 (uncontrolled 1.49082, -0.09%)  |a| 0.035  |grad| 1.16e+00  (18s)
  it   5 ph 1  window loss  59.44819  mean C_D 1.48595 (uncontrolled 1.48789, -0.13%)  |a| 0.041  |grad| 1.38e+00  (17s)
  it   6 ph 2  window loss  59.68653  mean C_D 1.49213 (uncontrolled 1.49080, +0.09%)  |a| 0.035  |grad| 1.19e+00  (18s)
  it   7 ph 3  window loss  59.57615  mean C_D 1.48926 (uncontrolled 1.48791, +0.09%)  |a| 0.032  |grad| 1.37e+00  (18s)
  it   8 ph 0  window loss  59.56925  mean C_D 1.48914 (uncontrolled 1.49082, -0.11%)  |a| 0.042  |grad| 1.15e+00  (17s)
  it   9 ph 1  window loss  59.43659  mean C_D 1.48571 (uncontrolled 1.48789, -0.15%)  |a| 0.044  |grad| 1.37e+00  (19s)
  it  10 ph 2  window loss  59.68441  mean C_D 1.49206 (uncontrolled 1.49080, +0.08%)  |a| 0.033  |grad| 1.18e+00  (22s)
  it  11 ph 3  window loss  59.57262  mean C_D 1.48916 (uncontrolled 1.48791, +0.08%)  |a| 0.033  |grad| 1.35e+00  (17s)
  it  12 ph 0  window loss  59.56190  mean C_D 1.48896 (uncontrolled 1.49082, -0.12%)  |a| 0.046  |grad| 1.14e+00  (17s)
  it  13 ph 1  window loss  59.42848  mean C_D 1.48552 (uncontrolled 1.48789, -0.16%)  |a| 0.046  |grad| 1.36e+00  (17s)
  it  14 ph 2  window loss  59.67988  mean C_D 1.49194 (uncontrolled 1.49080, +0.08%)  |a| 0.030  |grad| 1.16e+00  (16s)
  it  15 ph 3  window loss  59.56651  mean C_D 1.48900 (uncontrolled 1.48791, +0.07%)  |a| 0.032  |grad| 1.33e+00  (19s)
  it  16 ph 0  window loss  59.55546  mean C_D 1.48879 (uncontrolled 1.49082, -0.14%)  |a| 0.050  |grad| 1.14e+00  (17s)
  it  17 ph 1  window loss  59.42107  mean C_D 1.48533 (uncontrolled 1.48789, -0.17%)  |a| 0.048  |grad| 1.35e+00  (19s)
  it  18 ph 2  window loss  59.67372  mean C_D 1.49178 (uncontrolled 1.49080, +0.07%)  |a| 0.027  |grad| 1.15e+00  (17s)
  it  19 ph 3  window loss  59.55838  mean C_D 1.48878 (uncontrolled 1.48791, +0.06%)  |a| 0.030  |grad| 1.31e+00  (17s)
  it  20 ph 0  window loss  59.54904  mean C_D 1.48862 (uncontrolled 1.49082, -0.15%)  |a| 0.053  |grad| 1.13e+00  (16s)
  it  21 ph 1  window loss  59.41356  mean C_D 1.48514 (uncontrolled 1.48789, -0.19%)  |a| 0.050  |grad| 1.35e+00  (19s)
  it  22 ph 2  window loss  59.66598  mean C_D 1.49158 (uncontrolled 1.49080, +0.05%)  |a| 0.022  |grad| 1.13e+00  (16s)
  it  23 ph 3  window loss  59.54816  mean C_D 1.48851 (uncontrolled 1.48791, +0.04%)  |a| 0.027  |grad| 1.30e+00  (17s)
  it  24 ph 0  window loss  59.54231  mean C_D 1.48844 (uncontrolled 1.49082, -0.16%)  |a| 0.057  |grad| 1.13e+00  (17s)
  it  25 ph 1  window loss  59.40565  mean C_D 1.48492 (uncontrolled 1.48789, -0.20%)  |a| 0.051  |grad| 1.34e+00  (18s)
  it  26 ph 2  window loss  59.65645  mean C_D 1.49133 (uncontrolled 1.49080, +0.04%)  |a| 0.016  |grad| 1.12e+00  (17s)
  it  27 ph 3  window loss  59.53561  mean C_D 1.48818 (uncontrolled 1.48791, +0.02%)  |a| 0.024  |grad| 1.28e+00  (19s)
  it  28 ph 0  window loss  59.53513  mean C_D 1.48825 (uncontrolled 1.49082, -0.17%)  |a| 0.062  |grad| 1.13e+00  (18s)
  it  29 ph 1  window loss  59.39721  mean C_D 1.48470 (uncontrolled 1.48789, -0.21%)  |a| 0.053  |grad| 1.33e+00  (21s)
  it  30 ph 2  window loss  59.64490  mean C_D 1.49103 (uncontrolled 1.49080, +0.02%)  |a| 0.010  |grad| 1.12e+00  (17s)
  it  31 ph 3  window loss  59.52046  mean C_D 1.48777 (uncontrolled 1.48791, -0.01%)  |a| 0.022  |grad| 1.27e+00  (16s)
  it  32 ph 0  window loss  59.52743  mean C_D 1.48804 (uncontrolled 1.49082, -0.19%)  |a| 0.066  |grad| 1.12e+00  (17s)
  it  33 ph 1  window loss  59.38818  mean C_D 1.48445 (uncontrolled 1.48789, -0.23%)  |a| 0.054  |grad| 1.32e+00  (18s)
  it  34 ph 2  window loss  59.63104  mean C_D 1.49067 (uncontrolled 1.49080, -0.01%)  |a| 0.013  |grad| 1.11e+00  (19s)
  it  35 ph 3  window loss  59.50243  mean C_D 1.48729 (uncontrolled 1.48791, -0.04%)  |a| 0.024  |grad| 1.27e+00  (19s)
  it  36 ph 0  window loss  59.51911  mean C_D 1.48782 (uncontrolled 1.49082, -0.20%)  |a| 0.071  |grad| 1.12e+00  (16s)
  it  37 ph 1  window loss  59.37849  mean C_D 1.48419 (uncontrolled 1.48789, -0.25%)  |a| 0.056  |grad| 1.32e+00  (16s)
  it  38 ph 2  window loss  59.61470  mean C_D 1.49024 (uncontrolled 1.49080, -0.04%)  |a| 0.019  |grad| 1.11e+00  (17s)
  it  39 ph 3  window loss  59.48137  mean C_D 1.48673 (uncontrolled 1.48791, -0.08%)  |a| 0.028  |grad| 1.26e+00  (18s)
  it  40 ph 0  window loss  59.51008  mean C_D 1.48757 (uncontrolled 1.49082, -0.22%)  |a| 0.076  |grad| 1.11e+00  (18s)
  it  41 ph 1  window loss  59.36805  mean C_D 1.48390 (uncontrolled 1.48789, -0.27%)  |a| 0.057  |grad| 1.31e+00  (20s)
  it  42 ph 2  window loss  59.59574  mean C_D 1.48974 (uncontrolled 1.49080, -0.07%)  |a| 0.028  |grad| 1.10e+00  (17s)
  it  43 ph 3  window loss  59.45721  mean C_D 1.48609 (uncontrolled 1.48791, -0.12%)  |a| 0.034  |grad| 1.25e+00  (17s)
  it  44 ph 0  window loss  59.50023  mean C_D 1.48730 (uncontrolled 1.49082, -0.24%)  |a| 0.082  |grad| 1.11e+00  (16s)
  it  45 ph 1  window loss  59.35675  mean C_D 1.48359 (uncontrolled 1.48789, -0.29%)  |a| 0.060  |grad| 1.30e+00  (19s)
  it  46 ph 2  window loss  59.57417  mean C_D 1.48916 (uncontrolled 1.49080, -0.11%)  |a| 0.039  |grad| 1.10e+00  (20s)
  it  47 ph 3  window loss  59.43010  mean C_D 1.48536 (uncontrolled 1.48791, -0.17%)  |a| 0.043  |grad| 1.25e+00  (18s)
  it  48 ph 0  window loss  59.48939  mean C_D 1.48699 (uncontrolled 1.49082, -0.26%)  |a| 0.088  |grad| 1.11e+00  (16s)
  it  49 ph 1  window loss  59.34445  mean C_D 1.48325 (uncontrolled 1.48789, -0.31%)  |a| 0.064  |grad| 1.29e+00  (16s)
RESULT dpc_h40x5_znmf: closed loop over 1 period(s) from phase 0 (119 control steps): mean C_D 1.47901 vs uncontrolled 1.48933 (-0.69%)  C_L rms 0.1875 vs 0.1968  mean |a| 0.059  mean (a1, a2) (+0.028, -0.028)
