dpc_freejets_amax0.8: coarse butterfly 1776 cells, Re 100, period 5.939 (594 steps), window H 8 x 5 steps = 0.40 time units (0.07 periods); independent jets; fixed start; lr 0.003 clip 0.5 w_act 0.05 w_lift 0.0; 4 phases; uncontrolled window C_D by phase [1.4873, 1.4915, 1.4873, 1.4915]; policy 866 parameters, 24 pressure probes, |a| <= 0.8; 4 threads
  it   0 ph 0  window loss  11.91122  mean C_D 1.47870 (uncontrolled 1.48735, -0.58%)  |a| 0.016  |grad| 3.62e+00  (3s)
  it   1 ph 1  window loss  11.85324  mean C_D 1.47028 (uncontrolled 1.49146, -1.42%)  |a| 0.038  |grad| 3.85e+00  (3s)
  it   2 ph 2  window loss  11.75690  mean C_D 1.45816 (uncontrolled 1.48728, -1.96%)  |a| 0.053  |grad| 3.74e+00  (3s)
  it   3 ph 3  window loss  11.70955  mean C_D 1.45201 (uncontrolled 1.49153, -2.65%)  |a| 0.071  |grad| 3.78e+00  (3s)
  it   4 ph 0  window loss  11.56876  mean C_D 1.43356 (uncontrolled 1.48735, -3.62%)  |a| 0.097  |grad| 3.87e+00  (3s)
  it   5 ph 1  window loss  11.46130  mean C_D 1.41789 (uncontrolled 1.49146, -4.93%)  |a| 0.133  |grad| 4.22e+00  (3s)
  it   6 ph 2  window loss  11.35532  mean C_D 1.40392 (uncontrolled 1.48728, -5.60%)  |a| 0.151  |grad| 4.17e+00  (3s)
  it   7 ph 3  window loss  11.29424  mean C_D 1.39551 (uncontrolled 1.49153, -6.44%)  |a| 0.175  |grad| 4.24e+00  (3s)
  it   8 ph 0  window loss  11.12460  mean C_D 1.37331 (uncontrolled 1.48735, -7.67%)  |a| 0.207  |grad| 4.31e+00  (3s)
  it   9 ph 1  window loss  10.95060  mean C_D 1.34927 (uncontrolled 1.49146, -9.53%)  |a| 0.259  |grad| 4.62e+00  (3s)
  it  10 ph 2  window loss  10.82592  mean C_D 1.33304 (uncontrolled 1.48728, -10.37%)  |a| 0.282  |grad| 4.51e+00  (3s)
  it  11 ph 3  window loss  10.74941  mean C_D 1.32303 (uncontrolled 1.49153, -11.30%)  |a| 0.308  |grad| 4.48e+00  (3s)
  it  12 ph 0  window loss  10.56505  mean C_D 1.29976 (uncontrolled 1.48735, -12.61%)  |a| 0.344  |grad| 4.38e+00  (3s)
  it  13 ph 1  window loss  10.34693  mean C_D 1.27113 (uncontrolled 1.49146, -14.77%)  |a| 0.405  |grad| 4.44e+00  (3s)
  it  14 ph 2  window loss  10.21867  mean C_D 1.25507 (uncontrolled 1.48728, -15.61%)  |a| 0.428  |grad| 4.23e+00  (3s)
  it  15 ph 3  window loss  10.14817  mean C_D 1.24646 (uncontrolled 1.49153, -16.43%)  |a| 0.452  |grad| 4.05e+00  (3s)
  it  16 ph 0  window loss   9.98188  mean C_D 1.22625 (uncontrolled 1.48735, -17.55%)  |a| 0.482  |grad| 3.80e+00  (3s)
  it  17 ph 1  window loss   9.76748  mean C_D 1.19929 (uncontrolled 1.49146, -19.59%)  |a| 0.541  |grad| 3.59e+00  (3s)
  it  18 ph 2  window loss   9.65747  mean C_D 1.18597 (uncontrolled 1.48728, -20.26%)  |a| 0.559  |grad| 3.33e+00  (3s)
  it  19 ph 3  window loss   9.61350  mean C_D 1.18107 (uncontrolled 1.49153, -20.81%)  |a| 0.577  |grad| 3.09e+00  (3s)
  it  20 ph 0  window loss   9.48712  mean C_D 1.16620 (uncontrolled 1.48735, -21.59%)  |a| 0.597  |grad| 2.81e+00  (3s)
  it  21 ph 1  window loss   9.31611  mean C_D 1.14550 (uncontrolled 1.49146, -23.20%)  |a| 0.645  |grad| 2.44e+00  (3s)
  it  22 ph 2  window loss   9.23364  mean C_D 1.13574 (uncontrolled 1.48728, -23.64%)  |a| 0.656  |grad| 2.22e+00  (3s)
  it  23 ph 3  window loss   9.22233  mean C_D 1.13500 (uncontrolled 1.49153, -23.90%)  |a| 0.665  |grad| 2.01e+00  (3s)
  it  24 ph 0  window loss   9.13806  mean C_D 1.12535 (uncontrolled 1.48735, -24.34%)  |a| 0.676  |grad| 1.78e+00  (3s)
  it  25 ph 1  window loss   9.02441  mean C_D 1.11185 (uncontrolled 1.49146, -25.45%)  |a| 0.710  |grad| 1.44e+00  (3s)
  it  26 ph 2  window loss   8.96559  mean C_D 1.10488 (uncontrolled 1.48728, -25.71%)  |a| 0.716  |grad| 1.30e+00  (3s)
  it  27 ph 3  window loss   8.98121  mean C_D 1.10733 (uncontrolled 1.49153, -25.76%)  |a| 0.719  |grad| 1.16e+00  (3s)
  it  28 ph 0  window loss   8.92817  mean C_D 1.10129 (uncontrolled 1.48735, -25.96%)  |a| 0.722  |grad| 1.03e+00  (3s)
  it  29 ph 1  window loss   8.85727  mean C_D 1.09274 (uncontrolled 1.49146, -26.73%)  |a| 0.747  |grad| 8.12e-01  (3s)
  it  30 ph 2  window loss   8.81195  mean C_D 1.08725 (uncontrolled 1.48728, -26.90%)  |a| 0.750  |grad| 7.42e-01  (3s)
  it  31 ph 3  window loss   8.84322  mean C_D 1.09141 (uncontrolled 1.49153, -26.83%)  |a| 0.750  |grad| 6.80e-01  (3s)
  it  32 ph 0  window loss   8.80731  mean C_D 1.08725 (uncontrolled 1.48735, -26.90%)  |a| 0.750  |grad| 6.20e-01  (3s)
  it  33 ph 1  window loss   8.76323  mean C_D 1.08194 (uncontrolled 1.49146, -27.46%)  |a| 0.769  |grad| 4.64e-01  (3s)
  it  34 ph 2  window loss   8.72397  mean C_D 1.07711 (uncontrolled 1.48728, -27.58%)  |a| 0.770  |grad| 4.31e-01  (3s)
  it  35 ph 3  window loss   8.76204  mean C_D 1.08200 (uncontrolled 1.49153, -27.46%)  |a| 0.769  |grad| 4.13e-01  (3s)
  it  36 ph 0  window loss   8.73410  mean C_D 1.07869 (uncontrolled 1.48735, -27.48%)  |a| 0.767  |grad| 3.95e-01  (3s)
  it  37 ph 1  window loss   8.70970  mean C_D 1.07580 (uncontrolled 1.49146, -27.87%)  |a| 0.781  |grad| 2.76e-01  (3s)
  it  38 ph 2  window loss   8.67353  mean C_D 1.07132 (uncontrolled 1.48728, -27.97%)  |a| 0.782  |grad| 2.60e-01  (3s)
  it  39 ph 3  window loss   8.71406  mean C_D 1.07645 (uncontrolled 1.49153, -27.83%)  |a| 0.780  |grad| 2.63e-01  (3s)
  it  40 ph 0  window loss   8.68960  mean C_D 1.07351 (uncontrolled 1.48735, -27.82%)  |a| 0.778  |grad| 2.66e-01  (3s)
  it  41 ph 1  window loss   8.67968  mean C_D 1.07235 (uncontrolled 1.49146, -28.10%)  |a| 0.788  |grad| 1.74e-01  (3s)
  it  42 ph 2  window loss   8.64506  mean C_D 1.06804 (uncontrolled 1.48728, -28.19%)  |a| 0.789  |grad| 1.67e-01  (3s)
  it  43 ph 3  window loss   8.68582  mean C_D 1.07317 (uncontrolled 1.49153, -28.05%)  |a| 0.787  |grad| 1.79e-01  (3s)
  it  44 ph 0  window loss   8.66226  mean C_D 1.07029 (uncontrolled 1.48735, -28.04%)  |a| 0.784  |grad| 1.91e-01  (3s)
  it  45 ph 1  window loss   8.66271  mean C_D 1.07039 (uncontrolled 1.49146, -28.23%)  |a| 0.793  |grad| 1.16e-01  (3s)
  it  46 ph 2  window loss   8.62885  mean C_D 1.06616 (uncontrolled 1.48728, -28.31%)  |a| 0.793  |grad| 1.12e-01  (3s)
  it  47 ph 3  window loss   8.66888  mean C_D 1.07119 (uncontrolled 1.49153, -28.18%)  |a| 0.791  |grad| 1.27e-01  (3s)
  it  48 ph 0  window loss   8.64497  mean C_D 1.06824 (uncontrolled 1.48735, -28.18%)  |a| 0.788  |grad| 1.44e-01  (3s)
  it  49 ph 1  window loss   8.65292  mean C_D 1.06924 (uncontrolled 1.49146, -28.31%)  |a| 0.795  |grad| 8.15e-02  (3s)
  it  50 ph 2  window loss   8.61944  mean C_D 1.06507 (uncontrolled 1.48728, -28.39%)  |a| 0.795  |grad| 7.93e-02  (3s)
  it  51 ph 3  window loss   8.65853  mean C_D 1.06997 (uncontrolled 1.49153, -28.26%)  |a| 0.794  |grad| 9.42e-02  (3s)
  it  52 ph 0  window loss   8.63382  mean C_D 1.06691 (uncontrolled 1.48735, -28.27%)  |a| 0.791  |grad| 1.13e-01  (3s)
  it  53 ph 1  window loss   8.64710  mean C_D 1.06856 (uncontrolled 1.49146, -28.35%)  |a| 0.796  |grad| 6.00e-02  (3s)
  it  54 ph 2  window loss   8.61382  mean C_D 1.06440 (uncontrolled 1.48728, -28.43%)  |a| 0.796  |grad| 5.86e-02  (3s)
  it  55 ph 3  window loss   8.65206  mean C_D 1.06920 (uncontrolled 1.49153, -28.32%)  |a| 0.795  |grad| 7.26e-02  (3s)
  it  56 ph 0  window loss   8.62646  mean C_D 1.06603 (uncontrolled 1.48735, -28.33%)  |a| 0.793  |grad| 9.09e-02  (3s)
  it  57 ph 1  window loss   8.64351  mean C_D 1.06813 (uncontrolled 1.49146, -28.38%)  |a| 0.797  |grad| 4.61e-02  (3s)
  it  58 ph 2  window loss   8.61033  mean C_D 1.06399 (uncontrolled 1.48728, -28.46%)  |a| 0.797  |grad| 4.52e-02  (3s)
  it  59 ph 3  window loss   8.64787  mean C_D 1.06869 (uncontrolled 1.49153, -28.35%)  |a| 0.796  |grad| 5.80e-02  (3s)
RESULT dpc_freejets_amax0.8: closed loop over 1 period(s) from phase 0 (119 control steps): mean C_D 1.06553 vs uncontrolled 1.48933 (-28.46%)  C_L rms 0.1471 vs 0.1968  mean |a| 0.797  mean (a1, a2) (-0.797, -0.797)
