policy initialised from results/uadj_dpc/dpc_naca_h10_s2_policy.pt
dpc_naca_h10_s2_c2: NACA0012 alpha 40, 8260 cells, Re 100, snapshot seed 2; action = 54 steps x dt 0.01 (0.54 time units), gust to t = 28.9 (54 actions); window H 10 actions (540 solver steps per gradient), episode 60 actions; policy 4547 parameters on (u, v) at the probe; C_D0 1.0344 C_L0 0.9762; 6 threads
/work/upict/uadj_dpc_naca.py:41: UserWarning: Converting a tensor with requires_grad=True to a scalar may lead to unexpected behavior.
Consider using tensor.detach() first. (Triggered internally at /__w/pytorch/pytorch/torch/csrc/autograd/generated/python_variable_methods.cpp:820.)
  t = float(st["t"]) if "t" in st else 0.0; a_prev = st["a_prev"] if st.get("a_prev") is not None else torch.zeros(3)
  it   0  window actions 0-10 (t   0.0-  5.4)  return   -1.120  zero-action   -1.055  |grad| 2.14e+01  (191s)
  it   1  window actions 10-20 (t   5.4- 10.8)  return   -1.860  zero-action   -2.925  |grad| 2.63e+01  (185s)
  it   2  window actions 20-30 (t  10.8- 16.2)  return   -2.882  zero-action  -10.160  |grad| 6.88e+00  (185s)
  it   3  window actions 30-40 (t  16.2- 21.6)  return   -5.291  zero-action  -16.942  |grad| 1.64e+01  (187s)
  it   4  window actions 40-50 (t  21.6- 27.0)  return   -5.561  zero-action  -13.064  |grad| 3.18e+01  (184s)
  it   5  window actions 50-60 (t  27.0- 32.4)  return   -7.563  zero-action   -6.048  |grad| 3.14e+01  (186s)
  it   6  window actions 0-10 (t   0.0-  5.4)  return   -6.413  zero-action   -1.055  |grad| 3.05e+01  (187s)
  it   7  window actions 10-20 (t   5.4- 10.8)  return   -3.336  zero-action   -3.287  |grad| 2.49e+01  (184s)
  it   8  window actions 20-30 (t  10.8- 16.2)  return   -2.488  zero-action  -10.203  |grad| 1.85e+01  (188s)
  it   9  window actions 30-40 (t  16.2- 21.6)  return   -4.981  zero-action  -16.830  |grad| 6.27e+00  (189s)
  it  10  window actions 40-50 (t  21.6- 27.0)  return   -4.048  zero-action  -12.988  |grad| 1.76e+01  (185s)
  it  11  window actions 50-60 (t  27.0- 32.4)  return   -3.360  zero-action   -5.905  |grad| 2.18e+01  (185s)
  it  12  window actions 0-10 (t   0.0-  5.4)  return   -1.780  zero-action   -1.055  |grad| 3.10e+01  (185s)
  it  13  window actions 10-20 (t   5.4- 10.8)  return   -2.638  zero-action   -3.046  |grad| 2.65e+01  (185s)
  it  14  window actions 20-30 (t  10.8- 16.2)  return   -3.839  zero-action  -10.206  |grad| 1.65e+01  (187s)
  it  15  window actions 30-40 (t  16.2- 21.6)  return   -4.701  zero-action  -16.844  |grad| 5.22e+00  (188s)
  it  16  window actions 40-50 (t  21.6- 27.0)  return   -3.607  zero-action  -12.962  |grad| 3.14e+00  (184s)
  it  17  window actions 50-60 (t  27.0- 32.4)  return   -2.224  zero-action   -5.747  |grad| 8.99e+00  (186s)
  it  18  window actions 0-10 (t   0.0-  5.4)  return   -1.980  zero-action   -1.055  |grad| 3.03e+01  (182s)
  it  19  window actions 10-20 (t   5.4- 10.8)  return   -4.281  zero-action   -2.871  |grad| 2.85e+01  (187s)
  it  20  window actions 20-30 (t  10.8- 16.2)  return   -3.720  zero-action  -10.247  |grad| 7.56e+00  (187s)
  it  21  window actions 30-40 (t  16.2- 21.6)  return   -4.852  zero-action  -17.035  |grad| 1.95e+01  (186s)
  it  22  window actions 40-50 (t  21.6- 27.0)  return   -3.924  zero-action  -13.043  |grad| 1.77e+01  (184s)
  it  23  window actions 50-60 (t  27.0- 32.4)  return   -2.350  zero-action   -5.787  |grad| 9.98e+00  (187s)
  it  24  window actions 0-10 (t   0.0-  5.4)  return   -0.814  zero-action   -1.055  |grad| 4.48e+00  (189s)
  it  25  window actions 10-20 (t   5.4- 10.8)  return   -2.415  zero-action   -2.948  |grad| 2.56e+01  (189s)
  it  26  window actions 20-30 (t  10.8- 16.2)  return   -3.210  zero-action  -10.194  |grad| 9.64e+00  (185s)
  it  27  window actions 30-40 (t  16.2- 21.6)  return   -4.917  zero-action  -16.991  |grad| 1.72e+01  (185s)
  it  28  window actions 40-50 (t  21.6- 27.0)  return   -4.067  zero-action  -13.040  |grad| 1.09e+01  (186s)
  it  29  window actions 50-60 (t  27.0- 32.4)  return   -3.347  zero-action   -5.882  |grad| 2.03e+01  (188s)
  it  30  window actions 0-10 (t   0.0-  5.4)  return   -2.512  zero-action   -1.055  |grad| 2.90e+01  (186s)
  it  31  window actions 10-20 (t   5.4- 10.8)  return   -1.419  zero-action   -3.084  |grad| 7.98e+00  (187s)
  it  32  window actions 20-30 (t  10.8- 16.2)  return   -2.937  zero-action  -10.141  |grad| 1.67e+01  (187s)
  it  33  window actions 30-40 (t  16.2- 21.6)  return   -4.964  zero-action  -16.865  |grad| 6.35e+00  (186s)
  it  34  window actions 40-50 (t  21.6- 27.0)  return   -4.070  zero-action  -13.003  |grad| 1.12e+01  (183s)
  it  35  window actions 50-60 (t  27.0- 32.4)  return   -3.138  zero-action   -5.884  |grad| 1.50e+01  (185s)
  it  36  window actions 0-10 (t   0.0-  5.4)  return   -1.677  zero-action   -1.055  |grad| 2.34e+01  (186s)
  it  37  window actions 10-20 (t   5.4- 10.8)  return   -1.925  zero-action   -3.042  |grad| 2.43e+01  (182s)
  it  38  window actions 20-30 (t  10.8- 16.2)  return   -3.272  zero-action  -10.163  |grad| 1.67e+01  (184s)
  it  39  window actions 30-40 (t  16.2- 21.6)  return   -4.833  zero-action  -16.884  |grad| 5.95e+00  (185s)
  it  40  window actions 40-50 (t  21.6- 27.0)  return   -3.770  zero-action  -12.999  |grad| 1.17e+01  (186s)
  it  41  window actions 50-60 (t  27.0- 32.4)  return   -2.282  zero-action   -5.815  |grad| 8.74e+00  (185s)
  it  42  window actions 0-10 (t   0.0-  5.4)  return   -0.824  zero-action   -1.055  |grad| 6.79e+00  (182s)
  it  43  window actions 10-20 (t   5.4- 10.8)  return   -3.263  zero-action   -2.931  |grad| 2.79e+01  (185s)
  it  44  window actions 20-30 (t  10.8- 16.2)  return   -3.549  zero-action  -10.198  |grad| 1.65e+01  (185s)
  it  45  window actions 30-40 (t  16.2- 21.6)  return   -4.735  zero-action  -16.969  |grad| 3.42e+00  (189s)
  it  46  window actions 40-50 (t  21.6- 27.0)  return   -3.787  zero-action  -13.019  |grad| 1.62e+01  (186s)
  it  47  window actions 50-60 (t  27.0- 32.4)  return   -2.293  zero-action   -5.776  |grad| 9.88e+00  (183s)
  it  48  window actions 0-10 (t   0.0-  5.4)  return   -1.048  zero-action   -1.055  |grad| 1.57e+01  (183s)
  it  49  window actions 10-20 (t   5.4- 10.8)  return   -3.414  zero-action   -2.912  |grad| 2.78e+01  (184s)
  it  50  window actions 20-30 (t  10.8- 16.2)  return   -3.636  zero-action  -10.220  |grad| 1.41e+01  (188s)
  it  51  window actions 30-40 (t  16.2- 21.6)  return   -4.722  zero-action  -16.997  |grad| 3.17e+00  (188s)
  it  52  window actions 40-50 (t  21.6- 27.0)  return   -3.725  zero-action  -13.022  |grad| 1.42e+01  (184s)
  it  53  window actions 50-60 (t  27.0- 32.4)  return   -2.416  zero-action   -5.798  |grad| 7.45e+00  (184s)
  it  54  window actions 0-10 (t   0.0-  5.4)  return   -1.055  zero-action   -1.055  |grad| 1.35e+01  (183s)
  it  55  window actions 10-20 (t   5.4- 10.8)  return   -2.721  zero-action   -2.994  |grad| 2.49e+01  (186s)
  it  56  window actions 20-30 (t  10.8- 16.2)  return   -3.731  zero-action  -10.198  |grad| 1.60e+01  (185s)
  it  57  window actions 30-40 (t  16.2- 21.6)  return   -4.656  zero-action  -16.944  |grad| 2.92e+00  (185s)
  it  58  window actions 40-50 (t  21.6- 27.0)  return   -3.552  zero-action  -12.998  |grad| 1.43e+01  (185s)
  it  59  window actions 50-60 (t  27.0- 32.4)  return   -2.359  zero-action   -5.783  |grad| 7.88e+00  (184s)
RESULT dpc_naca_h10_s2_c2: return policy -31.38  zero-action -64.26  improvement +51.2%  mean |dC_L| during the gust 0.279 (zero 0.728) after 0.088 (zero 0.096)  peak C_L 2.05 (zero 3.08)  mean action [-0.137, 0.002, 0.164]  [PPO of record: -30.3 vs -64.2, +53%]
