dpc_h8x5: coarse butterfly 1776 cells, Re 100, period 5.939 (594 steps), window H 8 x 5 steps = 0.40 time units (0.07 periods); 4 phases; uncontrolled window C_D by phase [1.4873, 1.4915, 1.4873, 1.4915]; policy 866 parameters, 24 pressure probes, |a| <= 0.5; 6 threads
  it   0 ph 0  window loss  11.90656  mean C_D 1.48194 (uncontrolled 1.48735, -0.36%)  |a| 0.010  |grad| 2.26e+00  (3s)
  it   1 ph 1  window loss  11.88263  mean C_D 1.47822 (uncontrolled 1.49146, -0.89%)  |a| 0.024  |grad| 2.41e+00  (3s)
  it   2 ph 2  window loss  11.80983  mean C_D 1.46906 (uncontrolled 1.48728, -1.22%)  |a| 0.033  |grad| 2.34e+00  (3s)
  it   3 ph 3  window loss  11.79286  mean C_D 1.46681 (uncontrolled 1.49153, -1.66%)  |a| 0.045  |grad| 2.37e+00  (3s)
  it   4 ph 0  window loss  11.69209  mean C_D 1.45368 (uncontrolled 1.48735, -2.26%)  |a| 0.061  |grad| 2.43e+00  (3s)
  it   5 ph 1  window loss  11.63677  mean C_D 1.44537 (uncontrolled 1.49146, -3.09%)  |a| 0.083  |grad| 2.66e+00  (3s)
  it   6 ph 2  window loss  11.55758  mean C_D 1.43502 (uncontrolled 1.48728, -3.51%)  |a| 0.095  |grad| 2.63e+00  (3s)
  it   7 ph 3  window loss  11.53158  mean C_D 1.43129 (uncontrolled 1.49153, -4.04%)  |a| 0.109  |grad| 2.68e+00  (4s)
  it   8 ph 0  window loss  11.41193  mean C_D 1.41572 (uncontrolled 1.48735, -4.82%)  |a| 0.130  |grad| 2.73e+00  (3s)
  it   9 ph 1  window loss  11.31334  mean C_D 1.40197 (uncontrolled 1.49146, -6.00%)  |a| 0.162  |grad| 2.94e+00  (3s)
  it  10 ph 2  window loss  11.22106  mean C_D 1.39001 (uncontrolled 1.48728, -6.54%)  |a| 0.177  |grad| 2.89e+00  (3s)
  it  11 ph 3  window loss  11.18386  mean C_D 1.38507 (uncontrolled 1.49153, -7.14%)  |a| 0.194  |grad| 2.88e+00  (3s)
  it  12 ph 0  window loss  11.05257  mean C_D 1.36851 (uncontrolled 1.48735, -7.99%)  |a| 0.216  |grad| 2.85e+00  (4s)
  it  13 ph 1  window loss  10.92260  mean C_D 1.35150 (uncontrolled 1.49146, -9.38%)  |a| 0.255  |grad| 2.91e+00  (3s)
  it  14 ph 2  window loss  10.82478  mean C_D 1.33922 (uncontrolled 1.48728, -9.96%)  |a| 0.270  |grad| 2.80e+00  (3s)
  it  15 ph 3  window loss  10.78854  mean C_D 1.33483 (uncontrolled 1.49153, -10.51%)  |a| 0.286  |grad| 2.70e+00  (3s)
  it  16 ph 0  window loss  10.66532  mean C_D 1.31984 (uncontrolled 1.48735, -11.26%)  |a| 0.306  |grad| 2.56e+00  (3s)
  it  17 ph 1  window loss  10.53574  mean C_D 1.30387 (uncontrolled 1.49146, -12.58%)  |a| 0.343  |grad| 2.42e+00  (3s)
  it  18 ph 2  window loss  10.44660  mean C_D 1.29304 (uncontrolled 1.48728, -13.06%)  |a| 0.356  |grad| 2.26e+00  (3s)
  it  19 ph 3  window loss  10.42531  mean C_D 1.29082 (uncontrolled 1.49153, -13.46%)  |a| 0.368  |grad| 2.11e+00  (3s)
  it  20 ph 0  window loss  10.32611  mean C_D 1.27911 (uncontrolled 1.48735, -14.00%)  |a| 0.382  |grad| 1.93e+00  (3s)
  it  21 ph 1  window loss  10.22790  mean C_D 1.26771 (uncontrolled 1.49146, -15.00%)  |a| 0.411  |grad| 1.67e+00  (3s)
  it  22 ph 2  window loss  10.15601  mean C_D 1.25914 (uncontrolled 1.48728, -15.34%)  |a| 0.420  |grad| 1.52e+00  (3s)
  it  23 ph 3  window loss  10.15501  mean C_D 1.25948 (uncontrolled 1.49153, -15.56%)  |a| 0.427  |grad| 1.39e+00  (3s)
  it  24 ph 0  window loss  10.08258  mean C_D 1.25102 (uncontrolled 1.48735, -15.89%)  |a| 0.435  |grad| 1.23e+00  (3s)
  it  25 ph 1  window loss  10.02692  mean C_D 1.24499 (uncontrolled 1.49146, -16.53%)  |a| 0.454  |grad| 9.82e-01  (3s)
  it  26 ph 2  window loss   9.97131  mean C_D 1.23836 (uncontrolled 1.48728, -16.74%)  |a| 0.459  |grad| 8.81e-01  (3s)
  it  27 ph 3  window loss   9.98691  mean C_D 1.24063 (uncontrolled 1.49153, -16.82%)  |a| 0.463  |grad| 7.92e-01  (3s)
  it  28 ph 0  window loss   9.93416  mean C_D 1.23441 (uncontrolled 1.48735, -17.01%)  |a| 0.466  |grad| 6.98e-01  (4s)
  it  29 ph 1  window loss   9.91399  mean C_D 1.23255 (uncontrolled 1.49146, -17.36%)  |a| 0.478  |grad| 5.19e-01  (3s)
  it  30 ph 2  window loss   9.86921  mean C_D 1.22716 (uncontrolled 1.48728, -17.49%)  |a| 0.480  |grad| 4.61e-01  (3s)
  it  31 ph 3  window loss   9.89487  mean C_D 1.23055 (uncontrolled 1.49153, -17.50%)  |a| 0.482  |grad| 4.15e-01  (3s)
  it  32 ph 0  window loss   9.85347  mean C_D 1.22559 (uncontrolled 1.48735, -17.60%)  |a| 0.483  |grad| 3.68e-01  (4s)
  it  33 ph 1  window loss   9.85690  mean C_D 1.22644 (uncontrolled 1.49146, -17.77%)  |a| 0.489  |grad| 2.59e-01  (3s)
  it  34 ph 2  window loss   9.81865  mean C_D 1.22177 (uncontrolled 1.48728, -17.85%)  |a| 0.490  |grad| 2.32e-01  (3s)
  it  35 ph 3  window loss   9.84983  mean C_D 1.22576 (uncontrolled 1.49153, -17.82%)  |a| 0.491  |grad| 2.14e-01  (3s)
  it  36 ph 0  window loss   9.81434  mean C_D 1.22141 (uncontrolled 1.48735, -17.88%)  |a| 0.491  |grad| 1.96e-01  (3s)
  it  37 ph 1  window loss   9.83124  mean C_D 1.22373 (uncontrolled 1.49146, -17.95%)  |a| 0.495  |grad| 1.34e-01  (3s)
  it  38 ph 2  window loss   9.79618  mean C_D 1.21940 (uncontrolled 1.48728, -18.01%)  |a| 0.495  |grad| 1.23e-01  (3s)
  it  39 ph 3  window loss   9.82957  mean C_D 1.22361 (uncontrolled 1.49153, -17.96%)  |a| 0.495  |grad| 1.18e-01  (3s)
  it  40 ph 0  window loss   9.79634  mean C_D 1.21949 (uncontrolled 1.48735, -18.01%)  |a| 0.495  |grad| 1.13e-01  (3s)
  it  41 ph 1  window loss   9.81995  mean C_D 1.22253 (uncontrolled 1.49146, -18.03%)  |a| 0.497  |grad| 7.63e-02  (3s)
  it  42 ph 2  window loss   9.78615  mean C_D 1.21833 (uncontrolled 1.48728, -18.08%)  |a| 0.497  |grad| 7.20e-02  (3s)
  it  43 ph 3  window loss   9.82025  mean C_D 1.22260 (uncontrolled 1.49153, -18.03%)  |a| 0.497  |grad| 7.21e-02  (3s)
  it  44 ph 0  window loss   9.78773  mean C_D 1.21855 (uncontrolled 1.48735, -18.07%)  |a| 0.497  |grad| 7.23e-02  (4s)
  it  45 ph 1  window loss   9.81470  mean C_D 1.22196 (uncontrolled 1.49146, -18.07%)  |a| 0.498  |grad| 4.81e-02  (3s)
  it  46 ph 2  window loss   9.78138  mean C_D 1.21781 (uncontrolled 1.48728, -18.12%)  |a| 0.498  |grad| 4.67e-02  (3s)
  it  47 ph 3  window loss   9.81564  mean C_D 1.22209 (uncontrolled 1.49153, -18.06%)  |a| 0.498  |grad| 4.85e-02  (3s)
  it  48 ph 0  window loss   9.78331  mean C_D 1.21806 (uncontrolled 1.48735, -18.11%)  |a| 0.498  |grad| 5.06e-02  (3s)
  it  49 ph 1  window loss   9.81204  mean C_D 1.22167 (uncontrolled 1.49146, -18.09%)  |a| 0.499  |grad| 3.34e-02  (3s)
RESULT dpc_h8x5: closed loop over 1 period(s) from phase 0 (119 control steps): mean C_D 1.20441 vs uncontrolled 1.48933 (-19.13%)  C_L rms 0.1663 vs 0.1968  mean |a| 0.498  mean (a1, a2) (-0.498, -0.498)
