dpc_naca_h10_s1: NACA0012 alpha 40, 8260 cells, Re 100, snapshot seed 1; action = 54 steps x dt 0.01 (0.54 time units), gust to t = 28.9 (54 actions); window H 10 actions (540 solver steps per gradient), episode 60 actions; policy 4547 parameters on (u, v) at the probe; C_D0 1.0344 C_L0 0.9762; 4 threads
/work/upict/uadj_dpc_naca.py:41: UserWarning: Converting a tensor with requires_grad=True to a scalar may lead to unexpected behavior.
Consider using tensor.detach() first. (Triggered internally at /__w/pytorch/pytorch/torch/csrc/autograd/generated/python_variable_methods.cpp:820.)
  t = float(st["t"]) if "t" in st else 0.0; a_prev = st["a_prev"] if st.get("a_prev") is not None else torch.zeros(3)
  it   0  window actions 0-10 (t   0.0-  5.4)  return   -0.959  zero-action   -0.802  |grad| 1.59e+01  (170s)
  it   1  window actions 10-20 (t   5.4- 10.8)  return   -2.748  zero-action   -3.372  |grad| 2.31e+01  (163s)
  it   2  window actions 20-30 (t  10.8- 16.2)  return   -8.382  zero-action   -9.945  |grad| 2.59e+01  (163s)
  it   3  window actions 30-40 (t  16.2- 21.6)  return  -15.439  zero-action  -18.250  |grad| 2.97e+01  (162s)
  it   4  window actions 40-50 (t  21.6- 27.0)  return   -9.075  zero-action  -13.381  |grad| 3.12e+01  (161s)
  it   5  window actions 50-60 (t  27.0- 32.4)  return   -3.755  zero-action   -4.839  |grad| 1.91e+01  (161s)
  it   6  window actions 0-10 (t   0.0-  5.4)  return   -6.328  zero-action   -0.802  |grad| 3.41e+01  (162s)
  it   7  window actions 10-20 (t   5.4- 10.8)  return   -4.902  zero-action   -3.458  |grad| 3.75e+01  (163s)
  it   8  window actions 20-30 (t  10.8- 16.2)  return   -3.983  zero-action   -9.616  |grad| 1.34e+01  (160s)
  it   9  window actions 30-40 (t  16.2- 21.6)  return   -9.987  zero-action  -18.079  |grad| 3.69e+01  (162s)
  it  10  window actions 40-50 (t  21.6- 27.0)  return   -5.426  zero-action  -13.057  |grad| 2.10e+01  (164s)
  it  11  window actions 50-60 (t  27.0- 32.4)  return   -4.084  zero-action   -4.635  |grad| 3.08e+01  (162s)
  it  12  window actions 0-10 (t   0.0-  5.4)  return   -7.123  zero-action   -0.802  |grad| 3.38e+01  (162s)
  it  13  window actions 10-20 (t   5.4- 10.8)  return   -5.069  zero-action   -3.476  |grad| 3.51e+01  (162s)
  it  14  window actions 20-30 (t  10.8- 16.2)  return   -3.223  zero-action   -9.634  |grad| 2.23e+01  (161s)
  it  15  window actions 30-40 (t  16.2- 21.6)  return   -8.495  zero-action  -18.132  |grad| 3.79e+01  (163s)
  it  16  window actions 40-50 (t  21.6- 27.0)  return   -5.205  zero-action  -13.124  |grad| 2.83e+01  (162s)
  it  17  window actions 50-60 (t  27.0- 32.4)  return   -2.518  zero-action   -4.741  |grad| 1.34e+01  (161s)
  it  18  window actions 0-10 (t   0.0-  5.4)  return   -4.310  zero-action   -0.802  |grad| 3.42e+01  (162s)
  it  19  window actions 10-20 (t   5.4- 10.8)  return   -2.251  zero-action   -3.342  |grad| 2.75e+01  (163s)
  it  20  window actions 20-30 (t  10.8- 16.2)  return   -2.440  zero-action   -9.803  |grad| 1.31e+01  (161s)
  it  21  window actions 30-40 (t  16.2- 21.6)  return   -9.653  zero-action  -18.257  |grad| 3.86e+01  (163s)
  it  22  window actions 40-50 (t  21.6- 27.0)  return   -6.991  zero-action  -13.354  |grad| 3.61e+01  (163s)
  it  23  window actions 50-60 (t  27.0- 32.4)  return   -2.465  zero-action   -4.963  |grad| 3.00e+01  (163s)
  it  24  window actions 0-10 (t   0.0-  5.4)  return   -1.653  zero-action   -0.802  |grad| 9.54e+00  (161s)
  it  25  window actions 10-20 (t   5.4- 10.8)  return   -1.499  zero-action   -3.297  |grad| 1.26e+01  (163s)
  it  26  window actions 20-30 (t  10.8- 16.2)  return   -2.263  zero-action   -9.802  |grad| 1.84e+01  (163s)
  it  27  window actions 30-40 (t  16.2- 21.6)  return   -6.854  zero-action  -18.197  |grad| 2.75e+01  (164s)
  it  28  window actions 40-50 (t  21.6- 27.0)  return   -4.668  zero-action  -13.116  |grad| 1.26e+01  (162s)
  it  29  window actions 50-60 (t  27.0- 32.4)  return   -1.862  zero-action   -4.787  |grad| 1.30e+01  (161s)
  it  30  window actions 0-10 (t   0.0-  5.4)  return   -1.733  zero-action   -0.802  |grad| 2.54e+01  (163s)
  it  31  window actions 10-20 (t   5.4- 10.8)  return   -1.903  zero-action   -3.232  |grad| 1.91e+01  (161s)
  it  32  window actions 20-30 (t  10.8- 16.2)  return   -3.200  zero-action   -9.673  |grad| 3.63e+01  (162s)
  it  33  window actions 30-40 (t  16.2- 21.6)  return   -5.988  zero-action  -18.110  |grad| 1.10e+01  (162s)
  it  34  window actions 40-50 (t  21.6- 27.0)  return   -4.732  zero-action  -12.990  |grad| 1.21e+01  (162s)
  it  35  window actions 50-60 (t  27.0- 32.4)  return   -2.855  zero-action   -4.825  |grad| 2.51e+01  (162s)
  it  36  window actions 0-10 (t   0.0-  5.4)  return   -1.889  zero-action   -0.802  |grad| 2.72e+01  (163s)
  it  37  window actions 10-20 (t   5.4- 10.8)  return   -1.751  zero-action   -3.365  |grad| 1.06e+01  (162s)
  it  38  window actions 20-30 (t  10.8- 16.2)  return   -3.806  zero-action   -9.643  |grad| 3.94e+01  (163s)
  it  39  window actions 30-40 (t  16.2- 21.6)  return   -5.447  zero-action  -18.045  |grad| 5.93e+00  (160s)
  it  40  window actions 40-50 (t  21.6- 27.0)  return   -3.748  zero-action  -12.945  |grad| 1.11e+01  (168s)
  it  41  window actions 50-60 (t  27.0- 32.4)  return   -1.785  zero-action   -4.707  |grad| 5.72e+00  (161s)
  it  42  window actions 0-10 (t   0.0-  5.4)  return   -1.013  zero-action   -0.802  |grad| 8.01e+00  (163s)
  it  43  window actions 10-20 (t   5.4- 10.8)  return   -1.907  zero-action   -3.268  |grad| 1.12e+01  (170s)
  it  44  window actions 20-30 (t  10.8- 16.2)  return   -2.625  zero-action   -9.639  |grad| 1.30e+01  (170s)
  it  45  window actions 30-40 (t  16.2- 21.6)  return   -5.859  zero-action  -18.093  |grad| 2.44e+01  (167s)
  it  46  window actions 40-50 (t  21.6- 27.0)  return   -4.445  zero-action  -13.238  |grad| 1.61e+01  (168s)
  it  47  window actions 50-60 (t  27.0- 32.4)  return   -2.976  zero-action   -4.895  |grad| 2.41e+01  (168s)
  it  48  window actions 0-10 (t   0.0-  5.4)  return   -2.286  zero-action   -0.802  |grad| 2.68e+01  (171s)
  it  49  window actions 10-20 (t   5.4- 10.8)  return   -1.595  zero-action   -3.395  |grad| 9.13e+00  (171s)
  it  50  window actions 20-30 (t  10.8- 16.2)  return   -2.551  zero-action   -9.635  |grad| 9.34e+00  (169s)
  it  51  window actions 30-40 (t  16.2- 21.6)  return   -6.423  zero-action  -18.013  |grad| 3.20e+01  (171s)
  it  52  window actions 40-50 (t  21.6- 27.0)  return   -4.188  zero-action  -13.385  |grad| 2.23e+01  (170s)
  it  53  window actions 50-60 (t  27.0- 32.4)  return   -1.906  zero-action   -4.887  |grad| 9.46e+00  (174s)
  it  54  window actions 0-10 (t   0.0-  5.4)  return   -1.125  zero-action   -0.802  |grad| 1.29e+01  (173s)
  it  55  window actions 10-20 (t   5.4- 10.8)  return   -2.239  zero-action   -3.264  |grad| 2.85e+01  (172s)
  it  56  window actions 20-30 (t  10.8- 16.2)  return   -2.898  zero-action   -9.626  |grad| 8.66e+00  (169s)
  it  57  window actions 30-40 (t  16.2- 21.6)  return   -6.418  zero-action  -18.085  |grad| 3.26e+01  (164s)
  it  58  window actions 40-50 (t  21.6- 27.0)  return   -3.826  zero-action  -13.383  |grad| 1.62e+01  (166s)
  it  59  window actions 50-60 (t  27.0- 32.4)  return   -1.862  zero-action   -4.834  |grad| 9.52e+00  (169s)
RESULT dpc_naca_h10_s1: return policy -33.37  zero-action -64.24  improvement +48.1%  mean |dC_L| during the gust 0.276 (zero 0.715) after 0.108 (zero 0.101)  peak C_L 2.14 (zero 2.97)  mean action [-0.182, 0.004, 0.205]  [PPO of record: -30.3 vs -64.2, +53%]
