dpc_h8x5_znmf: coarse butterfly 1776 cells, Re 100, period 5.939 (594 steps), window H 8 x 5 steps = 0.40 time units (0.07 periods); ZNMF (+a, -a); 4 phases; uncontrolled window C_D by phase [1.4873, 1.4915, 1.4873, 1.4915]; policy 833 parameters, 24 pressure probes, |a| <= 0.5; 4 threads
  it   0 ph 0  window loss  11.89843  mean C_D 1.48715 (uncontrolled 1.48735, -0.01%)  |a| 0.016  |grad| 6.95e-02  (3s)
  it   1 ph 1  window loss  11.92870  mean C_D 1.49080 (uncontrolled 1.49146, -0.04%)  |a| 0.032  |grad| 1.21e-01  (3s)
  it   2 ph 2  window loss  11.90160  mean C_D 1.48772 (uncontrolled 1.48728, +0.03%)  |a| 0.036  |grad| 8.36e-02  (3s)
  it   3 ph 3  window loss  11.93776  mean C_D 1.49213 (uncontrolled 1.49153, +0.04%)  |a| 0.029  |grad| 1.33e-01  (3s)
  it   4 ph 0  window loss  11.89598  mean C_D 1.48698 (uncontrolled 1.48735, -0.02%)  |a| 0.031  |grad| 6.25e-02  (3s)
  it   5 ph 1  window loss  11.92628  mean C_D 1.49069 (uncontrolled 1.49146, -0.05%)  |a| 0.038  |grad| 1.16e-01  (3s)
  it   6 ph 2  window loss  11.90176  mean C_D 1.48770 (uncontrolled 1.48728, +0.03%)  |a| 0.034  |grad| 8.26e-02  (3s)
  it   7 ph 3  window loss  11.93725  mean C_D 1.49207 (uncontrolled 1.49153, +0.04%)  |a| 0.026  |grad| 1.29e-01  (3s)
  it   8 ph 0  window loss  11.89583  mean C_D 1.48697 (uncontrolled 1.48735, -0.03%)  |a| 0.031  |grad| 6.12e-02  (3s)
  it   9 ph 1  window loss  11.92600  mean C_D 1.49068 (uncontrolled 1.49146, -0.05%)  |a| 0.038  |grad| 1.14e-01  (3s)
  it  10 ph 2  window loss  11.90134  mean C_D 1.48764 (uncontrolled 1.48728, +0.02%)  |a| 0.030  |grad| 8.01e-02  (3s)
  it  11 ph 3  window loss  11.93623  mean C_D 1.49194 (uncontrolled 1.49153, +0.03%)  |a| 0.020  |grad| 1.25e-01  (3s)
  it  12 ph 0  window loss  11.89592  mean C_D 1.48698 (uncontrolled 1.48735, -0.02%)  |a| 0.030  |grad| 6.09e-02  (3s)
  it  13 ph 1  window loss  11.92608  mean C_D 1.49070 (uncontrolled 1.49146, -0.05%)  |a| 0.037  |grad| 1.13e-01  (3s)
  it  14 ph 2  window loss  11.90076  mean C_D 1.48757 (uncontrolled 1.48728, +0.02%)  |a| 0.024  |grad| 7.74e-02  (3s)
  it  15 ph 3  window loss  11.93501  mean C_D 1.49179 (uncontrolled 1.49153, +0.02%)  |a| 0.013  |grad| 1.21e-01  (3s)
  it  16 ph 0  window loss  11.89609  mean C_D 1.48701 (uncontrolled 1.48735, -0.02%)  |a| 0.028  |grad| 6.09e-02  (3s)
  it  17 ph 1  window loss  11.92624  mean C_D 1.49072 (uncontrolled 1.49146, -0.05%)  |a| 0.036  |grad| 1.12e-01  (3s)
  it  18 ph 2  window loss  11.90014  mean C_D 1.48749 (uncontrolled 1.48728, +0.01%)  |a| 0.018  |grad| 7.49e-02  (3s)
  it  19 ph 3  window loss  11.93368  mean C_D 1.49163 (uncontrolled 1.49153, +0.01%)  |a| 0.005  |grad| 1.18e-01  (3s)
  it  20 ph 0  window loss  11.89627  mean C_D 1.48703 (uncontrolled 1.48735, -0.02%)  |a| 0.025  |grad| 6.11e-02  (3s)
  it  21 ph 1  window loss  11.92638  mean C_D 1.49074 (uncontrolled 1.49146, -0.05%)  |a| 0.035  |grad| 1.11e-01  (3s)
  it  22 ph 2  window loss  11.89948  mean C_D 1.48742 (uncontrolled 1.48728, +0.01%)  |a| 0.012  |grad| 7.26e-02  (3s)
  it  23 ph 3  window loss  11.93226  mean C_D 1.49145 (uncontrolled 1.49153, -0.01%)  |a| 0.004  |grad| 1.16e-01  (3s)
  it  24 ph 0  window loss  11.89645  mean C_D 1.48706 (uncontrolled 1.48735, -0.02%)  |a| 0.023  |grad| 6.15e-02  (3s)
  it  25 ph 1  window loss  11.92647  mean C_D 1.49074 (uncontrolled 1.49146, -0.05%)  |a| 0.035  |grad| 1.11e-01  (3s)
  it  26 ph 2  window loss  11.89881  mean C_D 1.48733 (uncontrolled 1.48728, +0.00%)  |a| 0.005  |grad| 7.06e-02  (3s)
  it  27 ph 3  window loss  11.93076  mean C_D 1.49125 (uncontrolled 1.49153, -0.02%)  |a| 0.013  |grad| 1.13e-01  (3s)
  it  28 ph 0  window loss  11.89660  mean C_D 1.48708 (uncontrolled 1.48735, -0.02%)  |a| 0.021  |grad| 6.19e-02  (3s)
  it  29 ph 1  window loss  11.92645  mean C_D 1.49074 (uncontrolled 1.49146, -0.05%)  |a| 0.035  |grad| 1.11e-01  (3s)
  it  30 ph 2  window loss  11.89814  mean C_D 1.48725 (uncontrolled 1.48728, -0.00%)  |a| 0.003  |grad| 6.79e-02  (3s)
  it  31 ph 3  window loss  11.92921  mean C_D 1.49105 (uncontrolled 1.49153, -0.03%)  |a| 0.023  |grad| 1.10e-01  (3s)
  it  32 ph 0  window loss  11.89671  mean C_D 1.48709 (uncontrolled 1.48735, -0.02%)  |a| 0.020  |grad| 6.24e-02  (3s)
  it  33 ph 1  window loss  11.92629  mean C_D 1.49070 (uncontrolled 1.49146, -0.05%)  |a| 0.037  |grad| 1.11e-01  (3s)
  it  34 ph 2  window loss  11.89749  mean C_D 1.48717 (uncontrolled 1.48728, -0.01%)  |a| 0.008  |grad| 6.69e-02  (3s)
  it  35 ph 3  window loss  11.92762  mean C_D 1.49083 (uncontrolled 1.49153, -0.05%)  |a| 0.033  |grad| 1.08e-01  (3s)
  it  36 ph 0  window loss  11.89673  mean C_D 1.48709 (uncontrolled 1.48735, -0.02%)  |a| 0.020  |grad| 6.28e-02  (2s)
  it  37 ph 1  window loss  11.92593  mean C_D 1.49064 (uncontrolled 1.49146, -0.05%)  |a| 0.039  |grad| 1.10e-01  (3s)
  it  38 ph 2  window loss  11.89687  mean C_D 1.48709 (uncontrolled 1.48728, -0.01%)  |a| 0.014  |grad| 6.55e-02  (3s)
  it  39 ph 3  window loss  11.92601  mean C_D 1.49061 (uncontrolled 1.49153, -0.06%)  |a| 0.044  |grad| 1.06e-01  (3s)
  it  40 ph 0  window loss  11.89667  mean C_D 1.48708 (uncontrolled 1.48735, -0.02%)  |a| 0.020  |grad| 6.32e-02  (3s)
  it  41 ph 1  window loss  11.92536  mean C_D 1.49056 (uncontrolled 1.49146, -0.06%)  |a| 0.044  |grad| 1.10e-01  (3s)
  it  42 ph 2  window loss  11.89627  mean C_D 1.48701 (uncontrolled 1.48728, -0.02%)  |a| 0.020  |grad| 6.43e-02  (3s)
  it  43 ph 3  window loss  11.92439  mean C_D 1.49039 (uncontrolled 1.49153, -0.08%)  |a| 0.055  |grad| 1.04e-01  (3s)
  it  44 ph 0  window loss  11.89650  mean C_D 1.48705 (uncontrolled 1.48735, -0.02%)  |a| 0.022  |grad| 6.33e-02  (3s)
  it  45 ph 1  window loss  11.92455  mean C_D 1.49043 (uncontrolled 1.49146, -0.07%)  |a| 0.050  |grad| 1.09e-01  (3s)
  it  46 ph 2  window loss  11.89572  mean C_D 1.48694 (uncontrolled 1.48728, -0.02%)  |a| 0.026  |grad| 6.32e-02  (3s)
  it  47 ph 3  window loss  11.92277  mean C_D 1.49015 (uncontrolled 1.49153, -0.09%)  |a| 0.067  |grad| 1.02e-01  (3s)
  it  48 ph 0  window loss  11.89619  mean C_D 1.48701 (uncontrolled 1.48735, -0.02%)  |a| 0.025  |grad| 6.32e-02  (3s)
  it  49 ph 1  window loss  11.92346  mean C_D 1.49027 (uncontrolled 1.49146, -0.08%)  |a| 0.058  |grad| 1.07e-01  (3s)
RESULT dpc_h8x5_znmf: closed loop over 1 period(s) from phase 0 (119 control steps): mean C_D 1.48303 vs uncontrolled 1.48933 (-0.42%)  C_L rms 0.2050 vs 0.1968  mean |a| 0.043  mean (a1, a2) (-0.002, +0.002)
