policy initialised from results/uadj_dpc/dpc_naca_h10_s0_c2_policy.pt
dpc_naca_h10_s0_c3: NACA0012 alpha 40, 8260 cells, Re 100, snapshot seed 0; action = 54 steps x dt 0.01 (0.54 time units), gust to t = 28.9 (54 actions); window H 10 actions (540 solver steps per gradient), episode 60 actions; policy 4547 parameters on (u, v) at the probe; C_D0 1.0344 C_L0 0.9762; 6 threads
/work/upict/uadj_dpc_naca.py:41: UserWarning: Converting a tensor with requires_grad=True to a scalar may lead to unexpected behavior.
Consider using tensor.detach() first. (Triggered internally at /__w/pytorch/pytorch/torch/csrc/autograd/generated/python_variable_methods.cpp:820.)
  t = float(st["t"]) if "t" in st else 0.0; a_prev = st["a_prev"] if st.get("a_prev") is not None else torch.zeros(3)
  it   0  window actions 0-10 (t   0.0-  5.4)  return   -2.281  zero-action   -1.055  |grad| 3.25e+01  (194s)
  it   1  window actions 10-20 (t   5.4- 10.8)  return   -2.765  zero-action   -3.068  |grad| 2.68e+01  (185s)
  it   2  window actions 20-30 (t  10.8- 16.2)  return   -3.592  zero-action  -10.193  |grad| 1.39e+01  (187s)
  it   3  window actions 30-40 (t  16.2- 21.6)  return   -4.818  zero-action  -16.957  |grad| 1.87e+01  (184s)
  it   4  window actions 40-50 (t  21.6- 27.0)  return   -3.863  zero-action  -13.035  |grad| 1.37e+01  (1169s)  EVAL return   -32.06  ** new best (saved dpc_naca_h10_s0_c3_best.pt) **
  it   5  window actions 50-60 (t  27.0- 32.4)  return   -2.521  zero-action   -5.837  |grad| 9.57e+00  (187s)
  it   6  window actions 0-10 (t   0.0-  5.4)  return   -0.848  zero-action   -1.055  |grad| 9.85e+00  (185s)
  it   7  window actions 10-20 (t   5.4- 10.8)  return   -2.870  zero-action   -2.977  |grad| 2.67e+01  (190s)
  it   8  window actions 20-30 (t  10.8- 16.2)  return   -3.536  zero-action  -10.196  |grad| 1.63e+01  (187s)
  it   9  window actions 30-40 (t  16.2- 21.6)  return   -4.741  zero-action  -16.968  |grad| 3.42e+00  (1168s)  EVAL return   -37.69  (best so far -32.06)
  it  10  window actions 40-50 (t  21.6- 27.0)  return   -3.730  zero-action  -13.019  |grad| 1.42e+01  (184s)
  it  11  window actions 50-60 (t  27.0- 32.4)  return   -2.247  zero-action   -5.785  |grad| 1.29e+01  (186s)
  it  12  window actions 0-10 (t   0.0-  5.4)  return   -1.486  zero-action   -1.055  |grad| 2.86e+01  (186s)
  it  13  window actions 10-20 (t   5.4- 10.8)  return   -3.747  zero-action   -2.893  |grad| 2.97e+01  (184s)
  it  14  window actions 20-30 (t  10.8- 16.2)  return   -3.724  zero-action  -10.241  |grad| 1.64e+01  (1170s)  EVAL return   -34.91  (best so far -32.06)
  it  15  window actions 30-40 (t  16.2- 21.6)  return   -4.740  zero-action  -16.949  |grad| 5.30e+00  (187s)
  it  16  window actions 40-50 (t  21.6- 27.0)  return   -3.647  zero-action  -13.004  |grad| 1.24e+01  (187s)
  it  17  window actions 50-60 (t  27.0- 32.4)  return   -2.275  zero-action   -5.799  |grad| 9.28e+00  (188s)
  it  18  window actions 0-10 (t   0.0-  5.4)  return   -0.849  zero-action   -1.055  |grad| 9.02e+00  (185s)
  it  19  window actions 10-20 (t   5.4- 10.8)  return   -2.737  zero-action   -2.948  |grad| 2.69e+01  (1174s)  EVAL return   -30.41  ** new best (saved dpc_naca_h10_s0_c3_best.pt) **
  it  20  window actions 20-30 (t  10.8- 16.2)  return   -3.557  zero-action  -10.222  |grad| 1.62e+01  (188s)
  it  21  window actions 30-40 (t  16.2- 21.6)  return   -4.768  zero-action  -16.927  |grad| 5.33e+00  (185s)
  it  22  window actions 40-50 (t  21.6- 27.0)  return   -3.709  zero-action  -13.005  |grad| 1.07e+01  (181s)
  it  23  window actions 50-60 (t  27.0- 32.4)  return   -2.772  zero-action   -5.848  |grad| 1.60e+01  (184s)
  it  24  window actions 0-10 (t   0.0-  5.4)  return   -1.493  zero-action   -1.055  |grad| 2.59e+01  (1165s)  EVAL return   -35.94  (best so far -30.41)
  it  25  window actions 10-20 (t   5.4- 10.8)  return   -2.063  zero-action   -3.031  |grad| 2.63e+01  (186s)
  it  26  window actions 20-30 (t  10.8- 16.2)  return   -3.482  zero-action  -10.182  |grad| 1.59e+01  (187s)
  it  27  window actions 30-40 (t  16.2- 21.6)  return   -4.703  zero-action  -16.922  |grad| 3.25e+00  (185s)
  it  28  window actions 40-50 (t  21.6- 27.0)  return   -3.648  zero-action  -13.006  |grad| 1.10e+01  (184s)
  it  29  window actions 50-60 (t  27.0- 32.4)  return   -2.569  zero-action   -5.833  |grad| 1.06e+01  (1168s)  EVAL return   -33.39  (best so far -30.41)
  it  30  window actions 0-10 (t   0.0-  5.4)  return   -1.090  zero-action   -1.055  |grad| 1.47e+01  (183s)
  it  31  window actions 10-20 (t   5.4- 10.8)  return   -2.827  zero-action   -2.996  |grad| 2.65e+01  (187s)
  it  32  window actions 20-30 (t  10.8- 16.2)  return   -3.793  zero-action  -10.196  |grad| 1.35e+01  (186s)
  it  33  window actions 30-40 (t  16.2- 21.6)  return   -4.640  zero-action  -16.946  |grad| 2.69e+00  (186s)
  it  34  window actions 40-50 (t  21.6- 27.0)  return   -3.571  zero-action  -13.003  |grad| 1.75e+01  (1165s)  EVAL return   -33.08  (best so far -30.41)
  it  35  window actions 50-60 (t  27.0- 32.4)  return   -2.273  zero-action   -5.772  |grad| 1.04e+01  (187s)
  it  36  window actions 0-10 (t   0.0-  5.4)  return   -0.970  zero-action   -1.055  |grad| 1.77e+01  (185s)
  it  37  window actions 10-20 (t   5.4- 10.8)  return   -3.827  zero-action   -2.914  |grad| 2.96e+01  (185s)
  it  38  window actions 20-30 (t  10.8- 16.2)  return   -4.035  zero-action  -10.241  |grad| 1.33e+01  (186s)
  it  39  window actions 30-40 (t  16.2- 21.6)  return   -4.614  zero-action  -16.952  |grad| 2.46e+00  (1167s)  EVAL return   -31.02  (best so far -30.41)
  it  40  window actions 40-50 (t  21.6- 27.0)  return   -3.555  zero-action  -12.996  |grad| 2.27e+00  (185s)
  it  41  window actions 50-60 (t  27.0- 32.4)  return   -2.317  zero-action   -5.770  |grad| 8.60e+00  (184s)
  it  42  window actions 0-10 (t   0.0-  5.4)  return   -0.858  zero-action   -1.055  |grad| 1.03e+01  (191s)
  it  43  window actions 10-20 (t   5.4- 10.8)  return   -3.092  zero-action   -2.970  |grad| 2.68e+01  (184s)
  it  44  window actions 20-30 (t  10.8- 16.2)  return   -3.963  zero-action  -10.216  |grad| 1.32e+01  (1169s)  EVAL return   -32.11  (best so far -30.41)
  it  45  window actions 30-40 (t  16.2- 21.6)  return   -4.608  zero-action  -16.928  |grad| 2.50e+00  (185s)
  it  46  window actions 40-50 (t  21.6- 27.0)  return   -3.504  zero-action  -12.991  |grad| 2.37e+00  (185s)
  it  47  window actions 50-60 (t  27.0- 32.4)  return   -2.437  zero-action   -5.790  |grad| 9.86e+00  (185s)
  it  48  window actions 0-10 (t   0.0-  5.4)  return   -1.104  zero-action   -1.055  |grad| 1.51e+01  (191s)
  it  49  window actions 10-20 (t   5.4- 10.8)  return   -2.795  zero-action   -3.000  |grad| 2.68e+01  (1166s)  EVAL return   -31.90  (best so far -30.41)
  it  50  window actions 20-30 (t  10.8- 16.2)  return   -3.867  zero-action  -10.208  |grad| 1.33e+01  (187s)
  it  51  window actions 30-40 (t  16.2- 21.6)  return   -4.622  zero-action  -16.949  |grad| 2.53e+00  (189s)
  it  52  window actions 40-50 (t  21.6- 27.0)  return   -3.556  zero-action  -13.001  |grad| 1.71e+01  (185s)
  it  53  window actions 50-60 (t  27.0- 32.4)  return   -2.432  zero-action   -5.794  |grad| 8.62e+00  (184s)
  it  54  window actions 0-10 (t   0.0-  5.4)  return   -0.897  zero-action   -1.055  |grad| 1.16e+01  (1169s)  EVAL return   -30.54  (best so far -30.41)
  it  55  window actions 10-20 (t   5.4- 10.8)  return   -3.089  zero-action   -2.982  |grad| 2.70e+01  (182s)
  it  56  window actions 20-30 (t  10.8- 16.2)  return   -3.945  zero-action  -10.231  |grad| 1.32e+01  (189s)
  it  57  window actions 30-40 (t  16.2- 21.6)  return   -4.611  zero-action  -16.958  |grad| 2.45e+00  (187s)
  it  58  window actions 40-50 (t  21.6- 27.0)  return   -3.536  zero-action  -12.997  |grad| 4.79e+00  (187s)
  it  59  window actions 50-60 (t  27.0- 32.4)  return   -2.374  zero-action   -5.775  |grad| 1.03e+01  (1168s)  EVAL return   -30.40  ** new best (saved dpc_naca_h10_s0_c3_best.pt) **
  final evaluation uses the BEST checkpoint (return -30.40), not the last gradient step
RESULT dpc_naca_h10_s0_c3: return policy -30.40  zero-action -64.26  improvement +52.7%  mean |dC_L| during the gust 0.280 (zero 0.728) after 0.087 (zero 0.096)  peak C_L 2.06 (zero 3.08)  mean action [-0.135, 0.016, 0.194]  [PPO of record: -30.3 vs -64.2, +53%]
