dpc_h40x5: coarse butterfly 1776 cells, Re 100, period 5.939 (594 steps), window H 40 x 5 steps = 2.00 time units (0.34 periods); 4 phases; uncontrolled window C_D by phase [1.4908, 1.4879, 1.4908, 1.4879]; policy 866 parameters, 24 pressure probes, |a| <= 0.5; 6 threads
  it   0 ph 0  window loss  59.66768  mean C_D 1.48417 (uncontrolled 1.49082, -0.45%)  |a| 0.010  |grad| 1.32e+01  (16s)
  it   1 ph 1  window loss  59.26937  mean C_D 1.47379 (uncontrolled 1.48789, -0.95%)  |a| 0.022  |grad| 1.34e+01  (16s)
  it   2 ph 2  window loss  59.15268  mean C_D 1.47102 (uncontrolled 1.49080, -1.33%)  |a| 0.032  |grad| 1.30e+01  (17s)
  it   3 ph 3  window loss  58.70254  mean C_D 1.45947 (uncontrolled 1.48791, -1.91%)  |a| 0.046  |grad| 1.32e+01  (18s)
  it   4 ph 0  window loss  58.41074  mean C_D 1.45122 (uncontrolled 1.49082, -2.66%)  |a| 0.063  |grad| 1.39e+01  (16s)
  it   5 ph 1  window loss  57.90437  mean C_D 1.43748 (uncontrolled 1.48789, -3.39%)  |a| 0.080  |grad| 1.45e+01  (17s)
  it   6 ph 2  window loss  57.78208  mean C_D 1.43418 (uncontrolled 1.49080, -3.80%)  |a| 0.091  |grad| 1.43e+01  (17s)
  it   7 ph 3  window loss  57.26464  mean C_D 1.42067 (uncontrolled 1.48791, -4.52%)  |a| 0.108  |grad| 1.46e+01  (18s)
  it   8 ph 0  window loss  56.81524  mean C_D 1.40843 (uncontrolled 1.49082, -5.53%)  |a| 0.132  |grad| 1.52e+01  (16s)
  it   9 ph 1  window loss  56.14209  mean C_D 1.39052 (uncontrolled 1.48789, -6.54%)  |a| 0.156  |grad| 1.57e+01  (17s)
  it  10 ph 2  window loss  55.98746  mean C_D 1.38648 (uncontrolled 1.49080, -7.00%)  |a| 0.168  |grad| 1.54e+01  (17s)
  it  11 ph 3  window loss  55.40796  mean C_D 1.37173 (uncontrolled 1.48791, -7.81%)  |a| 0.188  |grad| 1.53e+01  (20s)
  it  12 ph 0  window loss  54.84551  mean C_D 1.35718 (uncontrolled 1.49082, -8.96%)  |a| 0.216  |grad| 1.54e+01  (17s)
  it  13 ph 1  window loss  54.05761  mean C_D 1.33696 (uncontrolled 1.48789, -10.14%)  |a| 0.244  |grad| 1.53e+01  (16s)
  it  14 ph 2  window loss  53.90620  mean C_D 1.33328 (uncontrolled 1.49080, -10.57%)  |a| 0.256  |grad| 1.48e+01  (16s)
  it  15 ph 3  window loss  53.34059  mean C_D 1.31937 (uncontrolled 1.48791, -11.33%)  |a| 0.274  |grad| 1.43e+01  (16s)
  it  16 ph 0  window loss  52.78026  mean C_D 1.30554 (uncontrolled 1.49082, -12.43%)  |a| 0.303  |grad| 1.37e+01  (17s)
  it  17 ph 1  window loss  51.99991  mean C_D 1.28624 (uncontrolled 1.48789, -13.55%)  |a| 0.330  |grad| 1.29e+01  (18s)
  it  18 ph 2  window loss  51.90102  mean C_D 1.28409 (uncontrolled 1.49080, -13.87%)  |a| 0.340  |grad| 1.22e+01  (19s)
  it  19 ph 3  window loss  51.42328  mean C_D 1.27266 (uncontrolled 1.48791, -14.47%)  |a| 0.354  |grad| 1.15e+01  (16s)
  it  20 ph 0  window loss  50.97599  mean C_D 1.26214 (uncontrolled 1.49082, -15.34%)  |a| 0.378  |grad| 1.04e+01  (16s)
  it  21 ph 1  window loss  50.31554  mean C_D 1.24631 (uncontrolled 1.48789, -16.24%)  |a| 0.399  |grad| 9.29e+00  (16s)
  it  22 ph 2  window loss  50.29139  mean C_D 1.24606 (uncontrolled 1.49080, -16.42%)  |a| 0.406  |grad| 8.70e+00  (16s)
  it  23 ph 3  window loss  49.92934  mean C_D 1.23755 (uncontrolled 1.48791, -16.83%)  |a| 0.415  |grad| 7.97e+00  (16s)
  it  24 ph 0  window loss  49.64977  mean C_D 1.23136 (uncontrolled 1.49082, -17.40%)  |a| 0.432  |grad| 6.85e+00  (18s)
  it  25 ph 1  window loss  49.15488  mean C_D 1.21975 (uncontrolled 1.48789, -18.02%)  |a| 0.447  |grad| 5.77e+00  (16s)
  it  26 ph 2  window loss  49.19727  mean C_D 1.22107 (uncontrolled 1.49080, -18.09%)  |a| 0.451  |grad| 5.37e+00  (15s)
  it  27 ph 3  window loss  48.93493  mean C_D 1.21492 (uncontrolled 1.48791, -18.35%)  |a| 0.456  |grad| 4.84e+00  (16s)
  it  28 ph 0  window loss  48.81600  mean C_D 1.21262 (uncontrolled 1.49082, -18.66%)  |a| 0.466  |grad| 3.95e+00  (16s)
  it  29 ph 1  window loss  48.46790  mean C_D 1.20451 (uncontrolled 1.48789, -19.05%)  |a| 0.474  |grad| 3.16e+00  (17s)
  it  30 ph 2  window loss  48.55545  mean C_D 1.20686 (uncontrolled 1.49080, -19.05%)  |a| 0.476  |grad| 2.92e+00  (18s)
  it  31 ph 3  window loss  48.35881  mean C_D 1.20218 (uncontrolled 1.48791, -19.20%)  |a| 0.479  |grad| 2.61e+00  (19s)
  it  32 ph 0  window loss  48.35788  mean C_D 1.20260 (uncontrolled 1.49082, -19.33%)  |a| 0.484  |grad| 2.04e+00  (15s)
  it  33 ph 1  window loss  48.11007  mean C_D 1.19678 (uncontrolled 1.48789, -19.57%)  |a| 0.489  |grad| 1.56e+00  (19s)
  it  34 ph 2  window loss  48.22310  mean C_D 1.19969 (uncontrolled 1.49080, -19.53%)  |a| 0.490  |grad| 1.43e+00  (16s)
  it  35 ph 3  window loss  48.06169  mean C_D 1.19577 (uncontrolled 1.48791, -19.63%)  |a| 0.491  |grad| 1.28e+00  (18s)
  it  36 ph 0  window loss  48.13177  mean C_D 1.19776 (uncontrolled 1.49082, -19.66%)  |a| 0.493  |grad| 9.65e-01  (16s)
  it  37 ph 1  window loss  47.94146  mean C_D 1.19320 (uncontrolled 1.48789, -19.81%)  |a| 0.495  |grad| 7.09e-01  (16s)
  it  38 ph 2  window loss  48.06714  mean C_D 1.19638 (uncontrolled 1.49080, -19.75%)  |a| 0.496  |grad| 6.50e-01  (16s)
  it  39 ph 3  window loss  47.92187  mean C_D 1.19280 (uncontrolled 1.48791, -19.83%)  |a| 0.496  |grad| 5.84e-01  (17s)
  it  40 ph 0  window loss  48.02868  mean C_D 1.19559 (uncontrolled 1.49082, -19.80%)  |a| 0.497  |grad| 4.30e-01  (16s)
  it  41 ph 1  window loss  47.86781  mean C_D 1.19167 (uncontrolled 1.48789, -19.91%)  |a| 0.498  |grad| 3.06e-01  (19s)
  it  42 ph 2  window loss  47.99969  mean C_D 1.19499 (uncontrolled 1.49080, -19.84%)  |a| 0.498  |grad| 2.81e-01  (19s)
  it  43 ph 3  window loss  47.86165  mean C_D 1.19156 (uncontrolled 1.48791, -19.92%)  |a| 0.498  |grad| 2.59e-01  (17s)
  it  44 ph 0  window loss  47.98583  mean C_D 1.19472 (uncontrolled 1.49082, -19.86%)  |a| 0.499  |grad| 1.93e-01  (17s)
  it  45 ph 1  window loss  47.83888  mean C_D 1.19109 (uncontrolled 1.48789, -19.95%)  |a| 0.499  |grad| 1.37e-01  (19s)
  it  46 ph 2  window loss  47.97362  mean C_D 1.19446 (uncontrolled 1.49080, -19.88%)  |a| 0.499  |grad| 1.30e-01  (18s)
  it  47 ph 3  window loss  47.83826  mean C_D 1.19109 (uncontrolled 1.48791, -19.95%)  |a| 0.499  |grad| 1.25e-01  (20s)
  it  48 ph 0  window loss  47.96928  mean C_D 1.19438 (uncontrolled 1.49082, -19.88%)  |a| 0.499  |grad| 9.62e-02  (18s)
  it  49 ph 1  window loss  47.82790  mean C_D 1.19086 (uncontrolled 1.48789, -19.96%)  |a| 0.500  |grad| 6.95e-02  (18s)
RESULT dpc_h40x5: closed loop over 1 period(s) from phase 0 (119 control steps): mean C_D 1.20360 vs uncontrolled 1.48933 (-19.19%)  C_L rms 0.1662 vs 0.1968  mean |a| 0.499  mean (a1, a2) (-0.499, -0.499)
