dpc_h240x5_znmf_roll_wa05_wl1: coarse butterfly 1776 cells, Re 100, period 5.939 (594 steps), window H 240 x 5 steps = 12.00 time units (2.02 periods); ZNMF (+a, -a); rolling start; lr 0.01 clip 0.5 w_act 0.5 w_lift 1.0; 2 phases; uncontrolled window C_D by phase [1.4893, 1.4893]; policy 833 parameters, 24 pressure probes, |a| <= 0.5; 8 threads
  it   0 ph 0  window loss 366.41098  mean C_D 1.48330 (uncontrolled 1.48963, -0.42%)  |a| 0.045  |grad| 4.23e+01  (177s)
  it   1 ph 1  window loss 369.48841  mean C_D 1.49027 (uncontrolled 1.48297, +0.49%)  |a| 0.035  |grad| 7.53e+01  (165s)
  it   2 ph 0  window loss 365.25838  mean C_D 1.48148 (uncontrolled 1.48486, -0.23%)  |a| 0.039  |grad| 2.18e+01  (161s)
  it   3 ph 1  window loss 364.51494  mean C_D 1.47995 (uncontrolled 1.47477, +0.35%)  |a| 0.026  |grad| 6.34e+01  (162s)
  it   4 ph 0  window loss 362.10750  mean C_D 1.47479 (uncontrolled 1.47525, -0.03%)  |a| 0.026  |grad| 2.62e+01  (163s)
  it   5 ph 1  window loss 359.19831  mean C_D 1.46675 (uncontrolled 1.46503, +0.12%)  |a| 0.022  |grad| 5.00e+01  (159s)
  it   6 ph 0  window loss 357.49861  mean C_D 1.46332 (uncontrolled 1.46175, +0.11%)  |a| 0.027  |grad| 3.26e+01  (161s)
  it   7 ph 1  window loss 353.87960  mean C_D 1.45230 (uncontrolled 1.45260, -0.02%)  |a| 0.030  |grad| 3.60e+01  (164s)
  it   8 ph 0  window loss 352.47442  mean C_D 1.44873 (uncontrolled 1.44510, +0.25%)  |a| 0.035  |grad| 3.80e+01  (161s)
  it   9 ph 1  window loss 348.87753  mean C_D 1.43706 (uncontrolled 1.43733, -0.02%)  |a| 0.039  |grad| 2.10e+01  (162s)
  it  10 ph 0  window loss 347.41538  mean C_D 1.43244 (uncontrolled 1.42714, +0.37%)  |a| 0.042  |grad| 3.83e+01  (160s)
  it  11 ph 1  window loss 344.22720  mean C_D 1.42275 (uncontrolled 1.42036, +0.17%)  |a| 0.044  |grad| 7.91e+00  (161s)
  it  12 ph 0  window loss 341.91447  mean C_D 1.41466 (uncontrolled 1.40967, +0.35%)  |a| 0.043  |grad| 2.12e+01  (162s)
  it  13 ph 1  window loss 339.59901  mean C_D 1.40857 (uncontrolled 1.40581, +0.20%)  |a| 0.045  |grad| 6.15e+00  (160s)
  it  14 ph 0  window loss 337.16282  mean C_D 1.39849 (uncontrolled 1.39699, +0.11%)  |a| 0.041  |grad| 1.50e+01  (161s)
  it  15 ph 1  window loss 336.06140  mean C_D 1.39393 (uncontrolled 1.38952, +0.32%)  |a| 0.041  |grad| 1.44e+01  (161s)
  it  16 ph 0  window loss 333.95143  mean C_D 1.38583 (uncontrolled 1.38265, +0.23%)  |a| 0.039  |grad| 1.54e+01  (161s)
  it  17 ph 1  window loss 332.51622  mean C_D 1.38067 (uncontrolled 1.37695, +0.27%)  |a| 0.038  |grad| 1.88e+01  (163s)
  it  18 ph 0  window loss 330.98931  mean C_D 1.37541 (uncontrolled 1.37396, +0.11%)  |a| 0.036  |grad| 3.24e+00  (166s)
  it  19 ph 1  window loss 330.04170  mean C_D 1.37214 (uncontrolled 1.37196, +0.01%)  |a| 0.030  |grad| 1.01e+01  (161s)
  it  20 ph 0  window loss 329.05556  mean C_D 1.36835 (uncontrolled 1.37179, -0.25%)  |a| 0.035  |grad| 8.99e+00  (161s)
  it  21 ph 1  window loss 329.27655  mean C_D 1.36714 (uncontrolled 1.36554, +0.12%)  |a| 0.044  |grad| 3.19e+01  (163s)
  it  22 ph 0  window loss 328.84926  mean C_D 1.36481 (uncontrolled 1.36490, -0.01%)  |a| 0.036  |grad| 2.29e+01  (162s)
  it  23 ph 1  window loss 327.93035  mean C_D 1.36272 (uncontrolled 1.35700, +0.42%)  |a| 0.027  |grad| 1.62e+01  (162s)
  it  24 ph 0  window loss 327.22097  mean C_D 1.36177 (uncontrolled 1.36696, -0.38%)  |a| 0.030  |grad| 1.03e+01  (161s)
  it  25 ph 1  window loss 325.84148  mean C_D 1.35474 (uncontrolled 1.35703, -0.17%)  |a| 0.024  |grad| 2.68e+01  (159s)
  it  26 ph 0  window loss 327.37239  mean C_D 1.36232 (uncontrolled 1.36258, -0.02%)  |a| 0.035  |grad| 4.34e+00  (159s)
  it  27 ph 1  window loss 325.79799  mean C_D 1.35443 (uncontrolled 1.35372, +0.05%)  |a| 0.034  |grad| 1.79e+01  (158s)
  it  28 ph 0  window loss 327.27067  mean C_D 1.36025 (uncontrolled 1.35911, +0.08%)  |a| 0.023  |grad| 2.17e+01  (161s)
  it  29 ph 1  window loss 324.84332  mean C_D 1.35153 (uncontrolled 1.35064, +0.07%)  |a| 0.024  |grad| 1.43e+01  (163s)
  it  30 ph 0  window loss 326.05891  mean C_D 1.35647 (uncontrolled 1.35944, -0.22%)  |a| 0.033  |grad| 2.17e+01  (162s)
  it  31 ph 1  window loss 324.44448  mean C_D 1.34871 (uncontrolled 1.35336, -0.34%)  |a| 0.025  |grad| 2.66e+01  (159s)
  it  32 ph 0  window loss 326.28773  mean C_D 1.35696 (uncontrolled 1.35349, +0.26%)  |a| 0.028  |grad| 1.01e+01  (164s)
  it  33 ph 1  window loss 324.69112  mean C_D 1.35087 (uncontrolled 1.35090, -0.00%)  |a| 0.028  |grad| 9.98e+00  (161s)
  it  34 ph 0  window loss 325.03077  mean C_D 1.35214 (uncontrolled 1.35378, -0.12%)  |a| 0.019  |grad| 2.35e+01  (161s)
  it  35 ph 1  window loss 324.04654  mean C_D 1.34898 (uncontrolled 1.35487, -0.44%)  |a| 0.022  |grad| 1.18e+01  (163s)
  it  36 ph 0  window loss 325.00267  mean C_D 1.35157 (uncontrolled 1.35256, -0.07%)  |a| 0.033  |grad| 2.07e+01  (162s)
  it  37 ph 1  window loss 325.11473  mean C_D 1.35153 (uncontrolled 1.35597, -0.33%)  |a| 0.027  |grad| 2.08e+01  (161s)
  it  38 ph 0  window loss 324.76674  mean C_D 1.35111 (uncontrolled 1.34933, +0.13%)  |a| 0.020  |grad| 1.44e+01  (161s)
  it  39 ph 1  window loss 325.11548  mean C_D 1.35321 (uncontrolled 1.35598, -0.20%)  |a| 0.025  |grad| 8.43e+00  (160s)
RESULT dpc_h240x5_znmf_roll_wa05_wl1: closed loop over 6 period(s) from phase 0 (713 control steps): mean C_D 1.35010 vs uncontrolled 1.39126 (-2.96%)  C_L rms 0.0292 vs 0.0967  mean |a| 0.025  mean (a1, a2) (+0.023, -0.023)
