policy initialised from results/uadj_dpc/dpc_naca_h10_s0_policy.pt
dpc_naca_h10_s0_c2: NACA0012 alpha 40, 8260 cells, Re 100, snapshot seed 0; action = 54 steps x dt 0.01 (0.54 time units), gust to t = 28.9 (54 actions); window H 10 actions (540 solver steps per gradient), episode 60 actions; policy 4547 parameters on (u, v) at the probe; C_D0 1.0344 C_L0 0.9762; 6 threads
/work/upict/uadj_dpc_naca.py:41: UserWarning: Converting a tensor with requires_grad=True to a scalar may lead to unexpected behavior.
Consider using tensor.detach() first. (Triggered internally at /__w/pytorch/pytorch/torch/csrc/autograd/generated/python_variable_methods.cpp:820.)
  t = float(st["t"]) if "t" in st else 0.0; a_prev = st["a_prev"] if st.get("a_prev") is not None else torch.zeros(3)
  it   0  window actions 0-10 (t   0.0-  5.4)  return   -0.987  zero-action   -1.055  |grad| 1.78e+01  (192s)
  it   1  window actions 10-20 (t   5.4- 10.8)  return   -1.972  zero-action   -2.925  |grad| 2.20e+01  (184s)
  it   2  window actions 20-30 (t  10.8- 16.2)  return   -3.154  zero-action  -10.182  |grad| 1.45e+01  (187s)
  it   3  window actions 30-40 (t  16.2- 21.6)  return   -5.145  zero-action  -16.954  |grad| 1.78e+01  (187s)
  it   4  window actions 40-50 (t  21.6- 27.0)  return   -5.623  zero-action  -13.067  |grad| 3.21e+01  (185s)
  it   5  window actions 50-60 (t  27.0- 32.4)  return   -8.030  zero-action   -6.075  |grad| 3.40e+01  (188s)
  it   6  window actions 0-10 (t   0.0-  5.4)  return   -6.555  zero-action   -1.055  |grad| 3.19e+01  (187s)
  it   7  window actions 10-20 (t   5.4- 10.8)  return   -3.210  zero-action   -3.292  |grad| 2.65e+01  (184s)
  it   8  window actions 20-30 (t  10.8- 16.2)  return   -2.742  zero-action  -10.181  |grad| 8.61e+00  (190s)
  it   9  window actions 30-40 (t  16.2- 21.6)  return   -4.856  zero-action  -16.972  |grad| 1.82e+01  (188s)
  it  10  window actions 40-50 (t  21.6- 27.0)  return   -4.015  zero-action  -13.036  |grad| 1.72e+01  (188s)
  it  11  window actions 50-60 (t  27.0- 32.4)  return   -3.177  zero-action   -5.899  |grad| 2.40e+01  (184s)
  it  12  window actions 0-10 (t   0.0-  5.4)  return   -1.290  zero-action   -1.055  |grad| 2.79e+01  (186s)
  it  13  window actions 10-20 (t   5.4- 10.8)  return   -3.162  zero-action   -3.023  |grad| 2.85e+01  (188s)
  it  14  window actions 20-30 (t  10.8- 16.2)  return   -4.133  zero-action  -10.238  |grad| 1.62e+01  (188s)
  it  15  window actions 30-40 (t  16.2- 21.6)  return   -4.680  zero-action  -16.831  |grad| 4.82e+00  (184s)
  it  16  window actions 40-50 (t  21.6- 27.0)  return   -3.746  zero-action  -12.941  |grad| 8.42e+00  (186s)
  it  17  window actions 50-60 (t  27.0- 32.4)  return   -2.405  zero-action   -5.727  |grad| 9.76e+00  (188s)
  it  18  window actions 0-10 (t   0.0-  5.4)  return   -2.818  zero-action   -1.055  |grad| 3.38e+01  (188s)
  it  19  window actions 10-20 (t   5.4- 10.8)  return   -4.973  zero-action   -2.863  |grad| 3.05e+01  (182s)
  it  20  window actions 20-30 (t  10.8- 16.2)  return   -4.073  zero-action  -10.282  |grad| 1.64e+01  (186s)
  it  21  window actions 30-40 (t  16.2- 21.6)  return   -4.678  zero-action  -16.920  |grad| 5.04e+00  (186s)
  it  22  window actions 40-50 (t  21.6- 27.0)  return   -3.643  zero-action  -12.994  |grad| 1.44e+01  (184s)
  it  23  window actions 50-60 (t  27.0- 32.4)  return   -2.330  zero-action   -5.784  |grad| 1.34e+01  (186s)
  it  24  window actions 0-10 (t   0.0-  5.4)  return   -1.030  zero-action   -1.055  |grad| 9.45e+00  (190s)
  it  25  window actions 10-20 (t   5.4- 10.8)  return   -2.811  zero-action   -2.929  |grad| 3.07e+01  (188s)
  it  26  window actions 20-30 (t  10.8- 16.2)  return   -3.355  zero-action  -10.221  |grad| 8.65e+00  (190s)
  it  27  window actions 30-40 (t  16.2- 21.6)  return   -4.897  zero-action  -17.018  |grad| 1.87e+01  (186s)
  it  28  window actions 40-50 (t  21.6- 27.0)  return   -4.031  zero-action  -13.050  |grad| 1.77e+01  (185s)
  it  29  window actions 50-60 (t  27.0- 32.4)  return   -3.371  zero-action   -5.890  |grad| 2.24e+01  (184s)
  it  30  window actions 0-10 (t   0.0-  5.4)  return   -2.392  zero-action   -1.055  |grad| 3.17e+01  (184s)
  it  31  window actions 10-20 (t   5.4- 10.8)  return   -1.397  zero-action   -3.080  |grad| 7.68e+00  (185s)
  it  32  window actions 20-30 (t  10.8- 16.2)  return   -2.937  zero-action  -10.147  |grad| 1.01e+01  (184s)
  it  33  window actions 30-40 (t  16.2- 21.6)  return   -4.912  zero-action  -16.937  |grad| 8.98e+00  (188s)
  it  34  window actions 40-50 (t  21.6- 27.0)  return   -4.211  zero-action  -13.035  |grad| 1.73e+01  (188s)
  it  35  window actions 50-60 (t  27.0- 32.4)  return   -3.426  zero-action   -5.908  |grad| 2.52e+01  (186s)
  it  36  window actions 0-10 (t   0.0-  5.4)  return   -1.931  zero-action   -1.055  |grad| 3.17e+01  (187s)
  it  37  window actions 10-20 (t   5.4- 10.8)  return   -1.714  zero-action   -3.057  |grad| 2.61e+01  (190s)
  it  38  window actions 20-30 (t  10.8- 16.2)  return   -3.224  zero-action  -10.163  |grad| 1.65e+01  (186s)
  it  39  window actions 30-40 (t  16.2- 21.6)  return   -4.847  zero-action  -16.887  |grad| 5.79e+00  (187s)
  it  40  window actions 40-50 (t  21.6- 27.0)  return   -3.837  zero-action  -13.004  |grad| 1.04e+01  (185s)
  it  41  window actions 50-60 (t  27.0- 32.4)  return   -2.459  zero-action   -5.842  |grad| 1.06e+01  (185s)
  it  42  window actions 0-10 (t   0.0-  5.4)  return   -0.829  zero-action   -1.055  |grad| 8.01e+00  (188s)
  it  43  window actions 10-20 (t   5.4- 10.8)  return   -3.354  zero-action   -2.947  |grad| 3.01e+01  (185s)
  it  44  window actions 20-30 (t  10.8- 16.2)  return   -3.706  zero-action  -10.204  |grad| 1.64e+01  (187s)
  it  45  window actions 30-40 (t  16.2- 21.6)  return   -4.689  zero-action  -16.935  |grad| 3.18e+00  (185s)
  it  46  window actions 40-50 (t  21.6- 27.0)  return   -3.653  zero-action  -13.005  |grad| 1.61e+01  (185s)
  it  47  window actions 50-60 (t  27.0- 32.4)  return   -2.286  zero-action   -5.757  |grad| 1.03e+01  (186s)
  it  48  window actions 0-10 (t   0.0-  5.4)  return   -2.387  zero-action   -1.055  |grad| 3.23e+01  (186s)
  it  49  window actions 10-20 (t   5.4- 10.8)  return   -4.583  zero-action   -2.865  |grad| 2.97e+01  (187s)
  it  50  window actions 20-30 (t  10.8- 16.2)  return   -3.914  zero-action  -10.264  |grad| 1.63e+01  (188s)
  it  51  window actions 30-40 (t  16.2- 21.6)  return   -4.678  zero-action  -16.980  |grad| 2.89e+00  (189s)
  it  52  window actions 40-50 (t  21.6- 27.0)  return   -3.627  zero-action  -13.011  |grad| 1.79e+01  (185s)
  it  53  window actions 50-60 (t  27.0- 32.4)  return   -2.291  zero-action   -5.767  |grad| 1.30e+01  (186s)
  it  54  window actions 0-10 (t   0.0-  5.4)  return   -1.043  zero-action   -1.055  |grad| 1.75e+01  (188s)
  it  55  window actions 10-20 (t   5.4- 10.8)  return   -3.286  zero-action   -2.917  |grad| 3.01e+01  (189s)
  it  56  window actions 20-30 (t  10.8- 16.2)  return   -3.782  zero-action  -10.239  |grad| 1.60e+01  (187s)
  it  57  window actions 30-40 (t  16.2- 21.6)  return   -4.690  zero-action  -16.938  |grad| 3.90e+00  (190s)
  it  58  window actions 40-50 (t  21.6- 27.0)  return   -3.580  zero-action  -13.000  |grad| 1.11e+01  (187s)
  it  59  window actions 50-60 (t  27.0- 32.4)  return   -2.960  zero-action   -5.843  |grad| 1.64e+01  (185s)
RESULT dpc_naca_h10_s0_c2: return policy -51.09  zero-action -64.26  improvement +20.5%  mean |dC_L| during the gust 0.282 (zero 0.728) after 0.184 (zero 0.096)  peak C_L 2.07 (zero 3.08)  mean action [-0.022, 0.003, 0.067]  [PPO of record: -30.3 vs -64.2, +53%]
