device cuda, 8 envs, task gust, obs probe, 40000 steps
Using cuda device
/usr/local/lib/python3.12/dist-packages/stable_baselines3/common/on_policy_algorithm.py:150: UserWarning: You are trying to run PPO on the GPU, but it is primarily intended to run on the CPU when not using a CNN policy (you are using ActorCriticPolicy which should be a MlpPolicy). See https://github.com/DLR-RM/stable-baselines3/issues/1245 for more info. You can pass `device='cpu'` or `export CUDA_VISIBLE_DEVICES=` to force using the CPU.Note: The model will train, but the GPU utilization will be poor and the training might take longer than on CPU.
  warnings.warn(
Logging to /work/rl_logs/naca40_gust_probe/tb/PPO_1
---------------------------------
| rollout/           |          |
|    ep_len_mean     | 200      |
|    ep_rew_mean     | -172     |
| time/              |          |
|    fps             | 3        |
|    iterations      | 1        |
|    time_elapsed    | 472      |
|    total_timesteps | 1600     |
---------------------------------
-----------------------------------------
| rollout/                |             |
|    ep_len_mean          | 200         |
|    ep_rew_mean          | -174        |
| time/                   |             |
|    fps                  | 3           |
|    iterations           | 2           |
|    time_elapsed         | 964         |
|    total_timesteps      | 3200        |
| train/                  |             |
|    approx_kl            | 0.005181756 |
|    clip_fraction        | 0.0116      |
|    clip_range           | 0.2         |
|    entropy_loss         | -4.25       |
|    explained_variance   | 0.0143      |
|    learning_rate        | 0.0003      |
|    loss                 | 82.6        |
|    n_updates            | 10          |
|    policy_gradient_loss | -0.00284    |
|    std                  | 0.996       |
|    value_loss           | 181         |
-----------------------------------------
------------------------------------------
| rollout/                |              |
|    ep_len_mean          | 200          |
|    ep_rew_mean          | -173         |
| time/                   |              |
|    fps                  | 3            |
|    iterations           | 3            |
|    time_elapsed         | 1457         |
|    total_timesteps      | 4800         |
| train/                  |              |
|    approx_kl            | 0.0052157003 |
|    clip_fraction        | 0.00812      |
|    clip_range           | 0.2          |
|    entropy_loss         | -4.24        |
|    explained_variance   | 0.06         |
|    learning_rate        | 0.0003       |
|    loss                 | 87.5         |
|    n_updates            | 20           |
|    policy_gradient_loss | -0.00281     |
|    std                  | 0.995        |
|    value_loss           | 183          |
------------------------------------------
-------------------------------------------
| rollout/                |               |
|    ep_len_mean          | 200           |
|    ep_rew_mean          | -171          |
| time/                   |               |
|    fps                  | 3             |
|    iterations           | 4             |
|    time_elapsed         | 1949          |
|    total_timesteps      | 6400          |
| train/                  |               |
|    approx_kl            | 0.00039011694 |
|    clip_fraction        | 0             |
|    clip_range           | 0.2           |
|    entropy_loss         | -4.24         |
|    explained_variance   | 0.089         |
|    learning_rate        | 0.0003        |
|    loss                 | 72.1          |
|    n_updates            | 30            |
|    policy_gradient_loss | -0.000176     |
|    std                  | 0.994         |
|    value_loss           | 159           |
-------------------------------------------
----------------------------------------
| rollout/                |            |
|    ep_len_mean          | 200        |
|    ep_rew_mean          | -170       |
| time/                   |            |
|    fps                  | 3          |
|    iterations           | 5          |
|    time_elapsed         | 2441       |
|    total_timesteps      | 8000       |
| train/                  |            |
|    approx_kl            | 0.00542651 |
|    clip_fraction        | 0.0114     |
|    clip_range           | 0.2        |
|    entropy_loss         | -4.23      |
|    explained_variance   | 0.115      |
|    learning_rate        | 0.0003     |
|    loss                 | 63.4       |
|    n_updates            | 40         |
|    policy_gradient_loss | -0.00295   |
|    std                  | 0.989      |
|    value_loss           | 145        |
----------------------------------------
------------------------------------------
| rollout/                |              |
|    ep_len_mean          | 200          |
|    ep_rew_mean          | -170         |
| time/                   |              |
|    fps                  | 3            |
|    iterations           | 6            |
|    time_elapsed         | 2934         |
|    total_timesteps      | 9600         |
| train/                  |              |
|    approx_kl            | 0.0007480441 |
|    clip_fraction        | 0            |
|    clip_range           | 0.2          |
|    entropy_loss         | -4.22        |
|    explained_variance   | 0.116        |
|    learning_rate        | 0.0003       |
|    loss                 | 57.6         |
|    n_updates            | 50           |
|    policy_gradient_loss | -0.000364    |
|    std                  | 0.99         |
|    value_loss           | 128          |
------------------------------------------
------------------------------------------
| rollout/                |              |
|    ep_len_mean          | 200          |
|    ep_rew_mean          | -171         |
| time/                   |              |
|    fps                  | 3            |
|    iterations           | 7            |
|    time_elapsed         | 3428         |
|    total_timesteps      | 11200        |
| train/                  |              |
|    approx_kl            | 0.0012061835 |
|    clip_fraction        | 0            |
|    clip_range           | 0.2          |
|    entropy_loss         | -4.23        |
|    explained_variance   | 0.102        |
|    learning_rate        | 0.0003       |
|    loss                 | 64.7         |
|    n_updates            | 60           |
|    policy_gradient_loss | -0.000978    |
|    std                  | 0.99         |
|    value_loss           | 138          |
------------------------------------------
------------------------------------------
| rollout/                |              |
|    ep_len_mean          | 200          |
|    ep_rew_mean          | -170         |
| time/                   |              |
|    fps                  | 3            |
|    iterations           | 8            |
|    time_elapsed         | 3919         |
|    total_timesteps      | 12800        |
| train/                  |              |
|    approx_kl            | 0.0048168907 |
|    clip_fraction        | 0.0126       |
|    clip_range           | 0.2          |
|    entropy_loss         | -4.23        |
|    explained_variance   | 0.0875       |
|    learning_rate        | 0.0003       |
|    loss                 | 64.5         |
|    n_updates            | 70           |
|    policy_gradient_loss | -0.00275     |
|    std                  | 0.989        |
|    value_loss           | 142          |
------------------------------------------
------------------------------------------
| rollout/                |              |
|    ep_len_mean          | 200          |
|    ep_rew_mean          | -170         |
| time/                   |              |
|    fps                  | 3            |
|    iterations           | 9            |
|    time_elapsed         | 4411         |
|    total_timesteps      | 14400        |
| train/                  |              |
|    approx_kl            | 0.0051477184 |
|    clip_fraction        | 0.0104       |
|    clip_range           | 0.2          |
|    entropy_loss         | -4.22        |
|    explained_variance   | 0.0766       |
|    learning_rate        | 0.0003       |
|    loss                 | 53.3         |
|    n_updates            | 80           |
|    policy_gradient_loss | -0.0026      |
|    std                  | 0.984        |
|    value_loss           | 122          |
------------------------------------------
----------------------------------------
| rollout/                |            |
|    ep_len_mean          | 200        |
|    ep_rew_mean          | -169       |
| time/                   |            |
|    fps                  | 3          |
|    iterations           | 10         |
|    time_elapsed         | 4903       |
|    total_timesteps      | 16000      |
| train/                  |            |
|    approx_kl            | 0.00505171 |
|    clip_fraction        | 0.00975    |
|    clip_range           | 0.2        |
|    entropy_loss         | -4.2       |
|    explained_variance   | 0.063      |
|    learning_rate        | 0.0003     |
|    loss                 | 52         |
|    n_updates            | 90         |
|    policy_gradient_loss | -0.00242   |
|    std                  | 0.981      |
|    value_loss           | 120        |
----------------------------------------
------------------------------------------
| rollout/                |              |
|    ep_len_mean          | 200          |
|    ep_rew_mean          | -168         |
| time/                   |              |
|    fps                  | 3            |
|    iterations           | 11           |
|    time_elapsed         | 5396         |
|    total_timesteps      | 17600        |
| train/                  |              |
|    approx_kl            | 0.0074733514 |
|    clip_fraction        | 0.0257       |
|    clip_range           | 0.2          |
|    entropy_loss         | -4.2         |
|    explained_variance   | 0.0535       |
|    learning_rate        | 0.0003       |
|    loss                 | 46.4         |
|    n_updates            | 100          |
|    policy_gradient_loss | -0.00402     |
|    std                  | 0.981        |
|    value_loss           | 105          |
------------------------------------------
------------------------------------------
| rollout/                |              |
|    ep_len_mean          | 200          |
|    ep_rew_mean          | -169         |
| time/                   |              |
|    fps                  | 3            |
|    iterations           | 12           |
|    time_elapsed         | 5897         |
|    total_timesteps      | 19200        |
| train/                  |              |
|    approx_kl            | 0.0021716217 |
|    clip_fraction        | 0.00106      |
|    clip_range           | 0.2          |
|    entropy_loss         | -4.2         |
|    explained_variance   | 0.04         |
|    learning_rate        | 0.0003       |
|    loss                 | 51.1         |
|    n_updates            | 110          |
|    policy_gradient_loss | -0.00126     |
|    std                  | 0.979        |
|    value_loss           | 111          |
------------------------------------------
-----------------------------------------
| rollout/                |             |
|    ep_len_mean          | 200         |
|    ep_rew_mean          | -169        |
| time/                   |             |
|    fps                  | 3           |
|    iterations           | 13          |
|    time_elapsed         | 6392        |
|    total_timesteps      | 20800       |
| train/                  |             |
|    approx_kl            | 0.003380206 |
|    clip_fraction        | 0.00225     |
|    clip_range           | 0.2         |
|    entropy_loss         | -4.19       |
|    explained_variance   | 0.0342      |
|    learning_rate        | 0.0003      |
|    loss                 | 63.1        |
|    n_updates            | 120         |
|    policy_gradient_loss | -0.00185    |
|    std                  | 0.978       |
|    value_loss           | 130         |
-----------------------------------------
------------------------------------------
| rollout/                |              |
|    ep_len_mean          | 200          |
|    ep_rew_mean          | -168         |
| time/                   |              |
|    fps                  | 3            |
|    iterations           | 14           |
|    time_elapsed         | 6886         |
|    total_timesteps      | 22400        |
| train/                  |              |
|    approx_kl            | 0.0023236321 |
|    clip_fraction        | 0.00144      |
|    clip_range           | 0.2          |
|    entropy_loss         | -4.19        |
|    explained_variance   | 0.026        |
|    learning_rate        | 0.0003       |
|    loss                 | 57.8         |
|    n_updates            | 130          |
|    policy_gradient_loss | -0.00124     |
|    std                  | 0.976        |
|    value_loss           | 116          |
------------------------------------------
------------------------------------------
| rollout/                |              |
|    ep_len_mean          | 200          |
|    ep_rew_mean          | -168         |
| time/                   |              |
|    fps                  | 3            |
|    iterations           | 15           |
|    time_elapsed         | 7383         |
|    total_timesteps      | 24000        |
| train/                  |              |
|    approx_kl            | 0.0045800908 |
|    clip_fraction        | 0.00744      |
|    clip_range           | 0.2          |
|    entropy_loss         | -4.18        |
|    explained_variance   | 0.0246       |
|    learning_rate        | 0.0003       |
|    loss                 | 55.5         |
|    n_updates            | 140          |
|    policy_gradient_loss | -0.00272     |
|    std                  | 0.971        |
|    value_loss           | 115          |
------------------------------------------
----------------------------------------
| rollout/                |            |
|    ep_len_mean          | 200        |
|    ep_rew_mean          | -167       |
| time/                   |            |
|    fps                  | 3          |
|    iterations           | 16         |
|    time_elapsed         | 7876       |
|    total_timesteps      | 25600      |
| train/                  |            |
|    approx_kl            | 0.00673745 |
|    clip_fraction        | 0.02       |
|    clip_range           | 0.2        |
|    entropy_loss         | -4.17      |
|    explained_variance   | 0.0198     |
|    learning_rate        | 0.0003     |
|    loss                 | 46.9       |
|    n_updates            | 150        |
|    policy_gradient_loss | -0.00275   |
|    std                  | 0.974      |
|    value_loss           | 99.9       |
----------------------------------------
------------------------------------------
| rollout/                |              |
|    ep_len_mean          | 200          |
|    ep_rew_mean          | -167         |
| time/                   |              |
|    fps                  | 3            |
|    iterations           | 17           |
|    time_elapsed         | 8369         |
|    total_timesteps      | 27200        |
| train/                  |              |
|    approx_kl            | 0.0042849514 |
|    clip_fraction        | 0.00687      |
|    clip_range           | 0.2          |
|    entropy_loss         | -4.18        |
|    explained_variance   | 0.017        |
|    learning_rate        | 0.0003       |
|    loss                 | 47.5         |
|    n_updates            | 160          |
|    policy_gradient_loss | -0.00174     |
|    std                  | 0.975        |
|    value_loss           | 104          |
------------------------------------------
-----------------------------------------
| rollout/                |             |
|    ep_len_mean          | 200         |
|    ep_rew_mean          | -167        |
| time/                   |             |
|    fps                  | 3           |
|    iterations           | 18          |
|    time_elapsed         | 8862        |
|    total_timesteps      | 28800       |
| train/                  |             |
|    approx_kl            | 0.006739726 |
|    clip_fraction        | 0.0367      |
|    clip_range           | 0.2         |
|    entropy_loss         | -4.18       |
|    explained_variance   | 0.0126      |
|    learning_rate        | 0.0003      |
|    loss                 | 44.1        |
|    n_updates            | 170         |
|    policy_gradient_loss | -0.0039     |
|    std                  | 0.977       |
|    value_loss           | 93.5        |
-----------------------------------------
------------------------------------------
| rollout/                |              |
|    ep_len_mean          | 200          |
|    ep_rew_mean          | -166         |
| time/                   |              |
|    fps                  | 3            |
|    iterations           | 19           |
|    time_elapsed         | 9354         |
|    total_timesteps      | 30400        |
| train/                  |              |
|    approx_kl            | 0.0025673998 |
|    clip_fraction        | 0.00169      |
|    clip_range           | 0.2          |
|    entropy_loss         | -4.18        |
|    explained_variance   | 0.0117       |
|    learning_rate        | 0.0003       |
|    loss                 | 44.9         |
|    n_updates            | 180          |
|    policy_gradient_loss | -0.00135     |
|    std                  | 0.974        |
|    value_loss           | 96.4         |
------------------------------------------
------------------------------------------
| rollout/                |              |
|    ep_len_mean          | 200          |
|    ep_rew_mean          | -165         |
| time/                   |              |
|    fps                  | 3            |
|    iterations           | 20           |
|    time_elapsed         | 9847         |
|    total_timesteps      | 32000        |
| train/                  |              |
|    approx_kl            | 0.0019132281 |
|    clip_fraction        | 0.000875     |
|    clip_range           | 0.2          |
|    entropy_loss         | -4.17        |
|    explained_variance   | 0.00875      |
|    learning_rate        | 0.0003       |
|    loss                 | 40.7         |
|    n_updates            | 190          |
|    policy_gradient_loss | -0.00121     |
|    std                  | 0.968        |
|    value_loss           | 86.9         |
------------------------------------------
------------------------------------------
| rollout/                |              |
|    ep_len_mean          | 200          |
|    ep_rew_mean          | -165         |
| time/                   |              |
|    fps                  | 3            |
|    iterations           | 21           |
|    time_elapsed         | 10339        |
|    total_timesteps      | 33600        |
| train/                  |              |
|    approx_kl            | 0.0013822357 |
|    clip_fraction        | 6.25e-05     |
|    clip_range           | 0.2          |
|    entropy_loss         | -4.15        |
|    explained_variance   | 0.00842      |
|    learning_rate        | 0.0003       |
|    loss                 | 38.4         |
|    n_updates            | 200          |
|    policy_gradient_loss | -0.000541    |
|    std                  | 0.963        |
|    value_loss           | 85.9         |
------------------------------------------
------------------------------------------
| rollout/                |              |
|    ep_len_mean          | 200          |
|    ep_rew_mean          | -165         |
| time/                   |              |
|    fps                  | 3            |
|    iterations           | 22           |
|    time_elapsed         | 10832        |
|    total_timesteps      | 35200        |
| train/                  |              |
|    approx_kl            | 0.0012008231 |
|    clip_fraction        | 6.25e-05     |
|    clip_range           | 0.2          |
|    entropy_loss         | -4.14        |
|    explained_variance   | 0.00785      |
|    learning_rate        | 0.0003       |
|    loss                 | 44.4         |
|    n_updates            | 210          |
|    policy_gradient_loss | -0.000505    |
|    std                  | 0.964        |
|    value_loss           | 95.9         |
------------------------------------------
------------------------------------------
| rollout/                |              |
|    ep_len_mean          | 200          |
|    ep_rew_mean          | -166         |
| time/                   |              |
|    fps                  | 3            |
|    iterations           | 23           |
|    time_elapsed         | 11327        |
|    total_timesteps      | 36800        |
| train/                  |              |
|    approx_kl            | 0.0063967803 |
|    clip_fraction        | 0.0206       |
|    clip_range           | 0.2          |
|    entropy_loss         | -4.14        |
|    explained_variance   | 0.00719      |
|    learning_rate        | 0.0003       |
|    loss                 | 47.5         |
|    n_updates            | 220          |
|    policy_gradient_loss | -0.00294     |
|    std                  | 0.962        |
|    value_loss           | 93           |
------------------------------------------
------------------------------------------
| rollout/                |              |
|    ep_len_mean          | 200          |
|    ep_rew_mean          | -165         |
| time/                   |              |
|    fps                  | 3            |
|    iterations           | 24           |
|    time_elapsed         | 11819        |
|    total_timesteps      | 38400        |
| train/                  |              |
|    approx_kl            | 0.0005281227 |
|    clip_fraction        | 6.25e-05     |
|    clip_range           | 0.2          |
|    entropy_loss         | -4.13        |
|    explained_variance   | 0.00614      |
|    learning_rate        | 0.0003       |
|    loss                 | 42.3         |
|    n_updates            | 230          |
|    policy_gradient_loss | -0.000815    |
|    std                  | 0.955        |
|    value_loss           | 91.1         |
------------------------------------------
------------------------------------------
| rollout/                |              |
|    ep_len_mean          | 200          |
|    ep_rew_mean          | -164         |
| time/                   |              |
|    fps                  | 3            |
|    iterations           | 25           |
|    time_elapsed         | 12360        |
|    total_timesteps      | 40000        |
| train/                  |              |
|    approx_kl            | 0.0070428015 |
|    clip_fraction        | 0.0229       |
|    clip_range           | 0.2          |
|    entropy_loss         | -4.11        |
|    explained_variance   | 0.00605      |
|    learning_rate        | 0.0003       |
|    loss                 | 45.9         |
|    n_updates            | 240          |
|    policy_gradient_loss | -0.00357     |
|    std                  | 0.95         |
|    value_loss           | 94           |
------------------------------------------
done in 3.43 h
